31290 +++ exited with 0 +++
31289 --- SIGCHLD {si_signo=SIGCHLD, si_code=CLD_EXITED, si_pid=31290, si_uid=1000, si_status=0, si_utime=0, si_stime=0} ---
31292 +++ exited with 0 +++
31291 --- SIGCHLD {si_signo=SIGCHLD, si_code=CLD_EXITED, si_pid=31292, si_uid=1000, si_status=0, si_utime=0, si_stime=0} ---
31295 +++ exited with 1 +++
31296 +++ exited with 0 +++
31294 --- SIGCHLD {si_signo=SIGCHLD, si_code=CLD_EXITED, si_pid=31295, si_uid=1000, si_status=1, si_utime=0, si_stime=0} ---
31294 +++ exited with 0 +++
31293 --- SIGCHLD {si_signo=SIGCHLD, si_code=CLD_EXITED, si_pid=31294, si_uid=1000, si_status=0, si_utime=0, si_stime=0} ---
31297 +++ exited with 1 +++
31293 --- SIGCHLD {si_signo=SIGCHLD, si_code=CLD_EXITED, si_pid=31297, si_uid=1000, si_status=1, si_utime=0, si_stime=0} ---
31293 +++ exited with 0 +++
31291 --- SIGCHLD {si_signo=SIGCHLD, si_code=CLD_EXITED, si_pid=31293, si_uid=1000, si_status=0, si_utime=0, si_stime=0} ---
31291 +++ exited with 0 +++
31289 --- SIGCHLD {si_signo=SIGCHLD, si_code=CLD_EXITED, si_pid=31291, si_uid=1000, si_status=0, si_utime=0, si_stime=0} ---
31298 +++ exited with 0 +++
31289 --- SIGCHLD {si_signo=SIGCHLD, si_code=CLD_EXITED, si_pid=31298, si_uid=1000, si_status=0, si_utime=0, si_stime=0} ---
31300 +++ exited with 0 +++
31299 --- SIGCHLD {si_signo=SIGCHLD, si_code=CLD_EXITED, si_pid=31300, si_uid=1000, si_status=0, si_utime=0, si_stime=0} ---
31304 +++ exited with 0 +++
31303 --- SIGCHLD {si_signo=SIGCHLD, si_code=CLD_EXITED, si_pid=31304, si_uid=1000, si_status=0, si_utime=0, si_stime=0} ---
31303 +++ exited with 0 +++
31302 --- SIGCHLD {si_signo=SIGCHLD, si_code=CLD_EXITED, si_pid=31303, si_uid=1000, si_status=0, si_utime=0, si_stime=0} ---
31302 +++ exited with 0 +++
31301 --- SIGCHLD {si_signo=SIGCHLD, si_code=CLD_EXITED, si_pid=31302, si_uid=1000, si_status=0, si_utime=0, si_stime=0} ---
31301 +++ exited with 0 +++
31299 --- SIGCHLD {si_signo=SIGCHLD, si_code=CLD_EXITED, si_pid=31301, si_uid=1000, si_status=0, si_utime=0, si_stime=0} ---
31299 +++ exited with 0 +++
31289 --- SIGCHLD {si_signo=SIGCHLD, si_code=CLD_EXITED, si_pid=31299, si_uid=1000, si_status=0, si_utime=0, si_stime=0} ---
31306 +++ exited with 0 +++
31305 --- SIGCHLD {si_signo=SIGCHLD, si_code=CLD_EXITED, si_pid=31306, si_uid=1000, si_status=0, si_utime=0, si_stime=0} ---
31307 +++ exited with 0 +++
31305 --- SIGCHLD {si_signo=SIGCHLD, si_code=CLD_EXITED, si_pid=31307, si_uid=1000, si_status=0, si_utime=0, si_stime=0} ---
31305 +++ exited with 0 +++
31289 --- SIGCHLD {si_signo=SIGCHLD, si_code=CLD_EXITED, si_pid=31305, si_uid=1000, si_status=0, si_utime=0, si_stime=0} ---
31308 +++ exited with 0 +++
31289 --- SIGCHLD {si_signo=SIGCHLD, si_code=CLD_EXITED, si_pid=31308, si_uid=1000, si_status=0, si_utime=0, si_stime=0} ---
31289 sendfile(10, 9, NULL, 14295537)   = 14295537
31289 socket(PF_LOCAL, SOCK_STREAM|SOCK_CLOEXEC|SOCK_NONBLOCK, 0) = 9
31289 connect(9, {sa_family=AF_LOCAL, sun_path="/var/run/nscd/socket"}, 110) = -1 ENOENT (No such file or directory)
31289 socket(PF_LOCAL, SOCK_STREAM|SOCK_CLOEXEC|SOCK_NONBLOCK, 0) = 9
31289 connect(9, {sa_family=AF_LOCAL, sun_path="/var/run/nscd/socket"}, 110) = -1 ENOENT (No such file or directory)
31289 socket(PF_INET, SOCK_DGRAM|SOCK_NONBLOCK, IPPROTO_IP) = 9
31289 connect(9, {sa_family=AF_INET, sin_port=htons(53), sin_addr=inet_addr("127.0.1.1")}, 16) = 0
31289 sendmmsg(9, {{{msg_name(0)=NULL, msg_iov(1)=[{"c\321\1\0\0\1\0\0\0\0\0\0\5index\10rubygems\3org\0"..., 36}], msg_controllen=0, msg_flags=MSG_CTRUNC|MSG_DONTWAIT|MSG_EOR|MSG_WAITALL|MSG_CONFIRM|MSG_RST|MSG_ERRQUEUE|MSG_NOSIGNAL|0x84fe0000}, 36}, {{msg_name(0)=NULL, msg_iov(1)=[{"G9\1\0\0\1\0\0\0\0\0\0\5index\10rubygems\3org\0"..., 36}], msg_controllen=0, msg_flags=MSG_OOB|MSG_DONTROUTE|MSG_CTRUNC|MSG_EOR|MSG_WAITALL|MSG_FIN|MSG_CONFIRM|MSG_RST|MSG_ERRQUEUE|MSG_MORE|MSG_WAITFORONE|0x1c920010}, 36}}, 2, MSG_NOSIGNAL) = 2
31289 recvfrom(9, "c\321\201\200\0\1\0\3\0\0\0\0\5index\10rubygems\3org\0"..., 2048, 0, {sa_family=AF_INET, sin_port=htons(53), sin_addr=inet_addr("127.0.1.1")}, [16]) = 130
31289 recvfrom(9, "G9\201\200\0\1\0\2\0\1\0\0\5index\10rubygems\3org\0"..., 65536, 0, {sa_family=AF_INET, sin_port=htons(53), sin_addr=inet_addr("127.0.1.1")}, [16]) = 185
31289 socket(PF_INET, SOCK_STREAM|SOCK_CLOEXEC, IPPROTO_TCP) = 9
31289 connect(9, {sa_family=AF_INET, sin_port=htons(443), sin_addr=inet_addr("151.101.24.70")}, 16) = 0
31289 getsockname(9,  <unfinished ...>
31383 +++ exited with 0 +++
31289 <... getsockname resumed> {sa_family=AF_INET, sin_port=htons(56546), sin_addr=inet_addr("192.168.0.17")}, [16]) = 0
31289 setsockopt(9, SOL_TCP, TCP_NODELAY, [1], 4) = 0
31289 setsockopt(9, SOL_TCP, TCP_NODELAY, [1], 4) = 0
31396 sendfile(35, 20, NULL, 1496)      = 1496
31385 sendfile(36, 11, NULL, 3473 <unfinished ...>
31390 sendfile(37, 14, NULL, 2084 <unfinished ...>
31385 <... sendfile resumed> )          = 3473
31390 <... sendfile resumed> )          = 2084
31392 sendfile(38, 17, NULL, 1876)      = 1876
31400 sendfile(35, 24, NULL, 2373)      = 2373
31398 sendfile(28, 22, NULL, 480)       = 480
31394 sendfile(40, 18, NULL, 2006)      = 2006
31404 sendfile(35, 39, NULL, 1593)      = 1593
31396 socket(PF_INET, SOCK_DGRAM|SOCK_NONBLOCK, IPPROTO_IP) = 17
31396 connect(17, {sa_family=AF_INET, sin_port=htons(53), sin_addr=inet_addr("127.0.1.1")}, 16) = 0
31396 sendmmsg(17, {{{msg_name(0)=NULL, msg_iov(1)=[{"\225\2\1\0\0\1\0\0\0\0\0\0\5index\10rubygems\3org\0"..., 36}], msg_controllen=0, msg_flags=0}, 36}, {{msg_name(0)=NULL, msg_iov(1)=[{"%\224\1\0\0\1\0\0\0\0\0\0\5index\10rubygems\3org\0"..., 36}], msg_controllen=0, msg_flags=0}, 36}}, 2, MSG_NOSIGNAL) = 2
31392 socket(PF_INET, SOCK_DGRAM|SOCK_NONBLOCK, IPPROTO_IP) = 15
31392 connect(15, {sa_family=AF_INET, sin_port=htons(53), sin_addr=inet_addr("127.0.1.1")}, 16) = 0
31392 sendmmsg(15, {{{msg_name(0)=NULL, msg_iov(1)=[{"I\303\1\0\0\1\0\0\0\0\0\0\5index\10rubygems\3org\0"..., 36}], msg_controllen=0, msg_flags=0}, 36}, {{msg_name(0)=NULL, msg_iov(1)=[{"-\24\1\0\0\1\0\0\0\0\0\0\5index\10rubygems\3org\0"..., 36}], msg_controllen=0, msg_flags=0}, 36}}, 2, MSG_NOSIGNAL) = 2
31393 sendfile(10, 16, NULL, 3532)      = 3532
31398 socket(PF_INET, SOCK_DGRAM|SOCK_NONBLOCK, IPPROTO_IP) = 19
31398 connect(19, {sa_family=AF_INET, sin_port=htons(53), sin_addr=inet_addr("127.0.1.1")}, 16) = 0
31398 sendmmsg(19, {{{msg_name(0)=NULL, msg_iov(1)=[{"\320\246\1\0\0\1\0\0\0\0\0\0\5index\10rubygems\3org\0"..., 36}], msg_controllen=0, msg_flags=0}, 36}, {{msg_name(0)=NULL, msg_iov(1)=[{"g\331\1\0\0\1\0\0\0\0\0\0\5index\10rubygems\3org\0"..., 36}], msg_controllen=0, msg_flags=0}, 36}}, 2, MSG_NOSIGNAL) = 2
31396 recvfrom(17, "\225\2\201\200\0\1\0\3\0\0\0\0\5index\10rubygems\3org\0"..., 2048, 0, {sa_family=AF_INET, sin_port=htons(53), sin_addr=inet_addr("127.0.1.1")}, [16]) = 130
31396 recvfrom(17, "%\224\201\200\0\1\0\2\0\1\0\0\5index\10rubygems\3org\0"..., 65536, 0, {sa_family=AF_INET, sin_port=htons(53), sin_addr=inet_addr("127.0.1.1")}, [16]) = 185
31392 recvfrom(15, "I\303\201\200\0\1\0\3\0\0\0\0\5index\10rubygems\3org\0"..., 2048, 0, {sa_family=AF_INET, sin_port=htons(53), sin_addr=inet_addr("127.0.1.1")}, [16]) = 130
31398 recvfrom(19, "\320\246\201\200\0\1\0\3\0\0\0\0\5index\10rubygems\3org\0"..., 2048, 0, {sa_family=AF_INET, sin_port=htons(53), sin_addr=inet_addr("127.0.1.1")}, [16]) = 130
31398 recvfrom(19, "g\331\201\200\0\1\0\2\0\1\0\0\5index\10rubygems\3org\0"..., 65536, 0, {sa_family=AF_INET, sin_port=htons(53), sin_addr=inet_addr("127.0.1.1")}, [16]) = 185
31392 recvfrom(15, "-\24\201\200\0\1\0\2\0\1\0\0\5index\10rubygems\3org\0"..., 65536, 0, {sa_family=AF_INET, sin_port=htons(53), sin_addr=inet_addr("127.0.1.1")}, [16]) = 185
31390 socket(PF_INET, SOCK_DGRAM|SOCK_NONBLOCK, IPPROTO_IP) = 13
31390 connect(13, {sa_family=AF_INET, sin_port=htons(53), sin_addr=inet_addr("127.0.1.1")}, 16) = 0
31390 sendmmsg(13, {{{msg_name(0)=NULL, msg_iov(1)=[{"\321g\1\0\0\1\0\0\0\0\0\0\5index\10rubygems\3org\0"..., 36}], msg_controllen=0, msg_flags=0}, 36}, {{msg_name(0)=NULL, msg_iov(1)=[{"o[\1\0\0\1\0\0\0\0\0\0\5index\10rubygems\3org\0"..., 36}], msg_controllen=0, msg_flags=0}, 36}}, 2, MSG_NOSIGNAL) = 2
31385 socket(PF_INET, SOCK_DGRAM|SOCK_NONBLOCK, IPPROTO_IP) = 11
31385 connect(11, {sa_family=AF_INET, sin_port=htons(53), sin_addr=inet_addr("127.0.1.1")}, 16) = 0
31385 sendmmsg(11, {{{msg_name(0)=NULL, msg_iov(1)=[{"\n*\1\0\0\1\0\0\0\0\0\0\5index\10rubygems\3org\0"..., 36}], msg_controllen=0, msg_flags=0}, 36}, {{msg_name(0)=NULL, msg_iov(1)=[{"R\336\1\0\0\1\0\0\0\0\0\0\5index\10rubygems\3org\0"..., 36}], msg_controllen=0, msg_flags=0}, 36}}, 2, MSG_NOSIGNAL) = 2
31394 socket(PF_INET, SOCK_DGRAM|SOCK_NONBLOCK, IPPROTO_IP) = 15
31394 connect(15, {sa_family=AF_INET, sin_port=htons(53), sin_addr=inet_addr("127.0.1.1")}, 16) = 0
31394 sendmmsg(15, {{{msg_name(0)=NULL, msg_iov(1)=[{"\356\316\1\0\0\1\0\0\0\0\0\0\5index\10rubygems\3org\0"..., 36}], msg_controllen=0, msg_flags=0}, 36}, {{msg_name(0)=NULL, msg_iov(1)=[{"\22'\1\0\0\1\0\0\0\0\0\0\5index\10rubygems\3org\0"..., 36}], msg_controllen=0, msg_flags=0}, 36}}, 2, MSG_NOSIGNAL) = 2
31400 socket(PF_INET, SOCK_DGRAM|SOCK_NONBLOCK, IPPROTO_IP) = 17
31400 connect(17, {sa_family=AF_INET, sin_port=htons(53), sin_addr=inet_addr("127.0.1.1")}, 16) = 0
31400 sendmmsg(17, {{{msg_name(0)=NULL, msg_iov(1)=[{"\267w\1\0\0\1\0\0\0\0\0\0\5index\10rubygems\3org\0"..., 36}], msg_controllen=0, msg_flags=0}, 36}, {{msg_name(0)=NULL, msg_iov(1)=[{"\216z\1\0\0\1\0\0\0\0\0\0\5index\10rubygems\3org\0"..., 36}], msg_controllen=0, msg_flags=0}, 36}}, 2, MSG_NOSIGNAL) = 2
31396 socket(PF_INET, SOCK_STREAM|SOCK_CLOEXEC, IPPROTO_TCP) = 10
31396 connect(10, {sa_family=AF_INET, sin_port=htons(443), sin_addr=inet_addr("151.101.24.70")}, 16 <unfinished ...>
31398 socket(PF_INET, SOCK_STREAM|SOCK_CLOEXEC, IPPROTO_TCP) = 18
31398 connect(18, {sa_family=AF_INET, sin_port=htons(443), sin_addr=inet_addr("151.101.24.70")}, 16 <unfinished ...>
31392 socket(PF_INET, SOCK_STREAM|SOCK_CLOEXEC, IPPROTO_TCP) = 19
31392 connect(19, {sa_family=AF_INET, sin_port=htons(443), sin_addr=inet_addr("151.101.24.70")}, 16 <unfinished ...>
31404 socket(PF_INET, SOCK_DGRAM|SOCK_NONBLOCK, IPPROTO_IP) = 12
31404 connect(12, {sa_family=AF_INET, sin_port=htons(53), sin_addr=inet_addr("127.0.1.1")}, 16) = 0
31404 sendmmsg(12, {{{msg_name(0)=NULL, msg_iov(1)=[{"\261Y\1\0\0\1\0\0\0\0\0\0\5index\10rubygems\3org\0"..., 36}], msg_controllen=0, msg_flags=0}, 36}, {{msg_name(0)=NULL, msg_iov(1)=[{"F>\1\0\0\1\0\0\0\0\0\0\5index\10rubygems\3org\0"..., 36}], msg_controllen=0, msg_flags=0}, 36}}, 2, MSG_NOSIGNAL) = 2
31393 socket(PF_INET, SOCK_DGRAM|SOCK_NONBLOCK, IPPROTO_IP) = 14
31393 connect(14, {sa_family=AF_INET, sin_port=htons(53), sin_addr=inet_addr("127.0.1.1")}, 16) = 0
31393 sendmmsg(14, {{{msg_name(0)=NULL, msg_iov(1)=[{")\"\1\0\0\1\0\0\0\0\0\0\5index\10rubygems\3org\0"..., 36}], msg_controllen=0, msg_flags=0}, 36}, {{msg_name(0)=NULL, msg_iov(1)=[{"\315\317\1\0\0\1\0\0\0\0\0\0\5index\10rubygems\3org\0"..., 36}], msg_controllen=0, msg_flags=0}, 36}}, 2, MSG_NOSIGNAL) = 2
31396 <... connect resumed> )           = 0
31409 +++ exited with 0 +++
31396 getsockname(10, {sa_family=AF_INET, sin_port=htons(56548), sin_addr=inet_addr("192.168.0.17")}, [16]) = 0
31396 setsockopt(10, SOL_TCP, TCP_NODELAY, [1], 4) = 0
31385 recvfrom(11, "\n*\201\200\0\1\0\3\0\0\0\0\5index\10rubygems\3org\0"..., 2048, 0, {sa_family=AF_INET, sin_port=htons(53), sin_addr=inet_addr("127.0.1.1")}, [16]) = 130
31390 recvfrom(13, "o[\201\200\0\1\0\2\0\1\0\0\5index\10rubygems\3org\0"..., 2048, 0, {sa_family=AF_INET, sin_port=htons(53), sin_addr=inet_addr("127.0.1.1")}, [16]) = 185
31400 recvfrom(17,  <unfinished ...>
31394 recvfrom(15,  <unfinished ...>
31400 <... recvfrom resumed> "\216z\201\200\0\1\0\2\0\1\0\0\5index\10rubygems\3org\0"..., 2048, 0, {sa_family=AF_INET, sin_port=htons(53), sin_addr=inet_addr("127.0.1.1")}, [16]) = 185
31394 <... recvfrom resumed> "\356\316\201\200\0\1\0\3\0\0\0\0\5index\10rubygems\3org\0"..., 2048, 0, {sa_family=AF_INET, sin_port=htons(53), sin_addr=inet_addr("127.0.1.1")}, [16]) = 130
31385 recvfrom(11, "R\336\201\200\0\1\0\2\0\1\0\0\5index\10rubygems\3org\0"..., 65536, 0, {sa_family=AF_INET, sin_port=htons(53), sin_addr=inet_addr("127.0.1.1")}, [16]) = 185
31385 socket(PF_INET, SOCK_STREAM|SOCK_CLOEXEC, IPPROTO_TCP) = 11
31385 connect(11, {sa_family=AF_INET, sin_port=htons(443), sin_addr=inet_addr("151.101.24.70")}, 16 <unfinished ...>
31394 recvfrom(15,  <unfinished ...>
31400 recvfrom(17,  <unfinished ...>
31394 <... recvfrom resumed> "\22'\201\200\0\1\0\2\0\1\0\0\5index\10rubygems\3org\0"..., 65536, 0, {sa_family=AF_INET, sin_port=htons(53), sin_addr=inet_addr("127.0.1.1")}, [16]) = 185
31400 <... recvfrom resumed> "\267w\201\200\0\1\0\3\0\0\0\0\5index\10rubygems\3org\0"..., 65536, 0, {sa_family=AF_INET, sin_port=htons(53), sin_addr=inet_addr("127.0.1.1")}, [16]) = 130
31394 socket(PF_INET, SOCK_STREAM|SOCK_CLOEXEC, IPPROTO_TCP) = 15
31390 recvfrom(13, "\321g\201\200\0\1\0\3\0\0\0\0\5index\10rubygems\3org\0"..., 65536, 0, {sa_family=AF_INET, sin_port=htons(53), sin_addr=inet_addr("127.0.1.1")}, [16]) = 130
31394 connect(15, {sa_family=AF_INET, sin_port=htons(443), sin_addr=inet_addr("151.101.24.70")}, 16 <unfinished ...>
31400 socket(PF_INET, SOCK_STREAM|SOCK_CLOEXEC, IPPROTO_TCP) = 13
31400 connect(13, {sa_family=AF_INET, sin_port=htons(443), sin_addr=inet_addr("151.101.24.70")}, 16 <unfinished ...>
31390 socket(PF_INET, SOCK_STREAM|SOCK_CLOEXEC, IPPROTO_TCP) = 16
31390 connect(16, {sa_family=AF_INET, sin_port=htons(443), sin_addr=inet_addr("151.101.24.70")}, 16 <unfinished ...>
31392 <... connect resumed> )           = 0
31410 +++ exited with 0 +++
31392 getsockname(19, {sa_family=AF_INET, sin_port=htons(56552), sin_addr=inet_addr("192.168.0.17")}, [16]) = 0
31392 setsockopt(19, SOL_TCP, TCP_NODELAY, [1], 4) = 0
31398 <... connect resumed> )           = 0
31404 recvfrom(12, "\261Y\201\200\0\1\0\3\0\0\0\0\5index\10rubygems\3org\0"..., 2048, 0, {sa_family=AF_INET, sin_port=htons(53), sin_addr=inet_addr("127.0.1.1")}, [16]) = 130
31404 recvfrom(12, "F>\201\200\0\1\0\2\0\1\0\0\5index\10rubygems\3org\0"..., 65536, 0, {sa_family=AF_INET, sin_port=htons(53), sin_addr=inet_addr("127.0.1.1")}, [16]) = 185
31404 socket(PF_INET, SOCK_STREAM|SOCK_CLOEXEC, IPPROTO_TCP) = 12
31404 connect(12, {sa_family=AF_INET, sin_port=htons(443), sin_addr=inet_addr("151.101.24.70")}, 16 <unfinished ...>
31411 +++ exited with 0 +++
31398 getsockname(18, {sa_family=AF_INET, sin_port=htons(56550), sin_addr=inet_addr("192.168.0.17")}, [16]) = 0
31398 setsockopt(18, SOL_TCP, TCP_NODELAY, [1], 4) = 0
31393 recvfrom(14, ")\"\201\200\0\1\0\3\0\0\0\0\5index\10rubygems\3org\0"..., 2048, 0, {sa_family=AF_INET, sin_port=htons(53), sin_addr=inet_addr("127.0.1.1")}, [16]) = 130
31393 recvfrom(14, "\315\317\201\200\0\1\0\2\0\1\0\0\5index\10rubygems\3org\0"..., 65536, 0, {sa_family=AF_INET, sin_port=htons(53), sin_addr=inet_addr("127.0.1.1")}, [16]) = 185
31393 socket(PF_INET, SOCK_STREAM|SOCK_CLOEXEC, IPPROTO_TCP) = 14
31393 connect(14, {sa_family=AF_INET, sin_port=htons(443), sin_addr=inet_addr("151.101.24.70")}, 16 <unfinished ...>
31385 <... connect resumed> )           = 0
31385 getsockname(11,  <unfinished ...>
31413 +++ exited with 0 +++
31385 <... getsockname resumed> {sa_family=AF_INET, sin_port=htons(56554), sin_addr=inet_addr("192.168.0.17")}, [16]) = 0
31385 setsockopt(11, SOL_TCP, TCP_NODELAY, [1], 4) = 0
31394 <... connect resumed> )           = 0
31394 getsockname(15,  <unfinished ...>
31414 +++ exited with 0 +++
31394 <... getsockname resumed> {sa_family=AF_INET, sin_port=htons(56556), sin_addr=inet_addr("192.168.0.17")}, [16]) = 0
31394 setsockopt(15, SOL_TCP, TCP_NODELAY, [1], 4) = 0
31404 <... connect resumed> )           = 0
31404 getsockname(12,  <unfinished ...>
31416 +++ exited with 0 +++
31404 <... getsockname resumed> {sa_family=AF_INET, sin_port=htons(56562), sin_addr=inet_addr("192.168.0.17")}, [16]) = 0
31404 setsockopt(12, SOL_TCP, TCP_NODELAY, [1], 4) = 0
31393 <... connect resumed> )           = 0
31393 getsockname(14, {sa_family=AF_INET, sin_port=htons(56564), sin_addr=inet_addr("192.168.0.17")}, [16]) = 0
31417 +++ exited with 0 +++
31393 setsockopt(14, SOL_TCP, TCP_NODELAY, [1], 4) = 0
31390 <... connect resumed> )           = 0
31400 <... connect resumed> )           = 0
31415 +++ exited with 0 +++
31400 getsockname(13, {sa_family=AF_INET, sin_port=htons(56558), sin_addr=inet_addr("192.168.0.17")}, [16]) = 0
31412 +++ exited with 0 +++
31400 setsockopt(13, SOL_TCP, TCP_NODELAY, [1], 4) = 0
31390 getsockname(16, {sa_family=AF_INET, sin_port=htons(56560), sin_addr=inet_addr("192.168.0.17")}, [16]) = 0
31390 setsockopt(16, SOL_TCP, TCP_NODELAY, [1], 4) = 0
31392 setsockopt(19, SOL_TCP, TCP_NODELAY, [1], 4) = 0
31396 setsockopt(10, SOL_TCP, TCP_NODELAY, [1], 4) = 0
31398 setsockopt(18, SOL_TCP, TCP_NODELAY, [1], 4) = 0
31404 setsockopt(12, SOL_TCP, TCP_NODELAY, [1], 4) = 0
31394 setsockopt(15, SOL_TCP, TCP_NODELAY, [1], 4) = 0
31385 setsockopt(11, SOL_TCP, TCP_NODELAY, [1], 4) = 0
31393 setsockopt(14, SOL_TCP, TCP_NODELAY, [1], 4) = 0
31390 setsockopt(16, SOL_TCP, TCP_NODELAY, [1], 4) = 0
31400 setsockopt(13, SOL_TCP, TCP_NODELAY, [1], 4) = 0
31399 +++ exited with 0 +++
31404 +++ exited with 0 +++
31407 +++ exited with 0 +++
31393 +++ exited with 0 +++
31392 +++ exited with 0 +++
31406 +++ exited with 0 +++
31400 +++ exited with 0 +++
31398 +++ exited with 0 +++
31397 +++ exited with 0 +++
31388 +++ exited with 0 +++
31401 +++ exited with 0 +++
31395 +++ exited with 0 +++
31394 +++ exited with 0 +++
31408 +++ exited with 0 +++
31396 +++ exited with 0 +++
31403 +++ exited with 0 +++
31405 +++ exited with 0 +++
31391 +++ exited with 0 +++
31384 +++ exited with 0 +++
31389 +++ exited with 0 +++
31387 +++ exited with 0 +++
31386 +++ exited with 0 +++
31385 +++ exited with 0 +++
31390 +++ exited with 0 +++
31402 +++ exited with 0 +++
31431 sendfile(44, 32, NULL, 280)       = 280
31425 sendfile(48, 26, NULL, 1830)      = 1830
31429 sendfile(50, 30, NULL, 502)       = 502
31442 sendfile(59, 43, NULL, 1220)      = 1220
31418 sendfile(47, 20, NULL, 4095)      = 4095
31427 sendfile(60, 28, NULL, 6347 <unfinished ...>
31424 sendfile(49, 25, NULL, 2251 <unfinished ...>
31427 <... sendfile resumed> )          = 6347
31424 <... sendfile resumed> )          = 2251
31437 sendfile(52, 36, NULL, 95)        = 95
31428 sendfile(51, 29, NULL, 2413)      = 2413
31432 sendfile(54, 33, NULL, 176)       = 176
31439 sendfile(57, 40, NULL, 110 <unfinished ...>
31440 sendfile(58, 41, NULL, 333 <unfinished ...>
31439 <... sendfile resumed> )          = 110
31440 <... sendfile resumed> )          = 333
31422 sendfile(44, 23, NULL, 2267)      = 2267
31426 sendfile(46, 27, NULL, 706)       = 706
31435 sendfile(53, 34, NULL, 3517)      = 3517
31434 sendfile(55, 35, NULL, 58732)     = 58732
31436 sendfile(56, 39, NULL, 480 <unfinished ...>
31433 sendfile(49, 37, NULL, 849 <unfinished ...>
31436 <... sendfile resumed> )          = 480
31433 <... sendfile resumed> )          = 849
31441 sendfile(48, 42, NULL, 1530 <unfinished ...>
31437 socket(PF_INET, SOCK_DGRAM|SOCK_NONBLOCK, IPPROTO_IP <unfinished ...>
31441 <... sendfile resumed> )          = 1530
31437 <... socket resumed> )            = 36
31437 connect(36, {sa_family=AF_INET, sin_port=htons(53), sin_addr=inet_addr("127.0.1.1")}, 16) = 0
31437 sendmmsg(36, {{{msg_name(0)=NULL, msg_iov(1)=[{"9\323\1\0\0\1\0\0\0\0\0\0\5index\10rubygems\3org\0"..., 36}], msg_controllen=0, msg_flags=0}, 36}, {{msg_name(0)=NULL, msg_iov(1)=[{"I;\1\0\0\1\0\0\0\0\0\0\5index\10rubygems\3org\0"..., 36}], msg_controllen=0, msg_flags=0}, 36}}, 2, MSG_NOSIGNAL) = 2
31421 sendfile(45, 22, NULL, 817)       = 817
31434 socket(PF_INET, SOCK_DGRAM|SOCK_NONBLOCK, IPPROTO_IP) = 35
31434 connect(35, {sa_family=AF_INET, sin_port=htons(53), sin_addr=inet_addr("127.0.1.1")}, 16) = 0
31434 sendmmsg(35, {{{msg_name(0)=NULL, msg_iov(1)=[{"\267\273\1\0\0\1\0\0\0\0\0\0\5index\10rubygems\3org\0"..., 36}], msg_controllen=0, msg_flags=0}, 36}, {{msg_name(0)=NULL, msg_iov(1)=[{"\361\5\1\0\0\1\0\0\0\0\0\0\5index\10rubygems\3org\0"..., 36}], msg_controllen=0, msg_flags=0}, 36}}, 2, MSG_NOSIGNAL) = 2
31431 socket(PF_INET, SOCK_DGRAM|SOCK_NONBLOCK, IPPROTO_IP) = 32
31431 connect(32, {sa_family=AF_INET, sin_port=htons(53), sin_addr=inet_addr("127.0.1.1")}, 16) = 0
31431 sendmmsg(32, {{{msg_name(0)=NULL, msg_iov(1)=[{"s\3\1\0\0\1\0\0\0\0\0\0\5index\10rubygems\3org\0"..., 36}], msg_controllen=0, msg_flags=0}, 36}, {{msg_name(0)=NULL, msg_iov(1)=[{"\221\223\1\0\0\1\0\0\0\0\0\0\5index\10rubygems\3org\0"..., 36}], msg_controllen=0, msg_flags=0}, 36}}, 2, MSG_NOSIGNAL) = 2
31442 socket(PF_INET, SOCK_DGRAM|SOCK_NONBLOCK, IPPROTO_IP) = 30
31442 connect(30, {sa_family=AF_INET, sin_port=htons(53), sin_addr=inet_addr("127.0.1.1")}, 16) = 0
31442 sendmmsg(30, {{{msg_name(0)=NULL, msg_iov(1)=[{"k\276\1\0\0\1\0\0\0\0\0\0\5index\10rubygems\3org\0"..., 36}], msg_controllen=0, msg_flags=0}, 36}, {{msg_name(0)=NULL, msg_iov(1)=[{"Q\7\1\0\0\1\0\0\0\0\0\0\5index\10rubygems\3org\0"..., 36}], msg_controllen=0, msg_flags=0}, 36}}, 2, MSG_NOSIGNAL) = 2
31429 socket(PF_INET, SOCK_DGRAM|SOCK_NONBLOCK, IPPROTO_IP) = 43
31429 connect(43, {sa_family=AF_INET, sin_port=htons(53), sin_addr=inet_addr("127.0.1.1")}, 16) = 0
31429 sendmmsg(43, {{{msg_name(0)=NULL, msg_iov(1)=[{"\27\336\1\0\0\1\0\0\0\0\0\0\5index\10rubygems\3org\0"..., 36}], msg_controllen=0, msg_flags=0}, 36}, {{msg_name(0)=NULL, msg_iov(1)=[{"\1F\1\0\0\1\0\0\0\0\0\0\5index\10rubygems\3org\0"..., 36}], msg_controllen=0, msg_flags=0}, 36}}, 2, MSG_NOSIGNAL) = 2
31425 socket(PF_INET, SOCK_DGRAM|SOCK_NONBLOCK, IPPROTO_IP) = 26
31425 connect(26, {sa_family=AF_INET, sin_port=htons(53), sin_addr=inet_addr("127.0.1.1")}, 16) = 0
31425 sendmmsg(26, {{{msg_name(0)=NULL, msg_iov(1)=[{"O\236\1\0\0\1\0\0\0\0\0\0\5index\10rubygems\3org\0"..., 36}], msg_controllen=0, msg_flags=0}, 36}, {{msg_name(0)=NULL, msg_iov(1)=[{"\255\310\1\0\0\1\0\0\0\0\0\0\5index\10rubygems\3org\0"..., 36}], msg_controllen=0, msg_flags=0}, 36}}, 2, MSG_NOSIGNAL) = 2
31435 socket(PF_INET, SOCK_DGRAM|SOCK_NONBLOCK, IPPROTO_IP) = 29
31435 connect(29, {sa_family=AF_INET, sin_port=htons(53), sin_addr=inet_addr("127.0.1.1")}, 16) = 0
31435 sendmmsg(29, {{{msg_name(0)=NULL, msg_iov(1)=[{"}\374\1\0\0\1\0\0\0\0\0\0\5index\10rubygems\3org\0"..., 36}], msg_controllen=0, msg_flags=0}, 36}, {{msg_name(0)=NULL, msg_iov(1)=[{"y\204\1\0\0\1\0\0\0\0\0\0\5index\10rubygems\3org\0"..., 36}], msg_controllen=0, msg_flags=0}, 36}}, 2, MSG_NOSIGNAL) = 2
31428 socket(PF_INET, SOCK_DGRAM|SOCK_NONBLOCK, IPPROTO_IP) = 33
31428 connect(33, {sa_family=AF_INET, sin_port=htons(53), sin_addr=inet_addr("127.0.1.1")}, 16) = 0
31428 sendmmsg(33, {{{msg_name(0)=NULL, msg_iov(1)=[{"+\33\1\0\0\1\0\0\0\0\0\0\5index\10rubygems\3org\0"..., 36}], msg_controllen=0, msg_flags=0}, 36}, {{msg_name(0)=NULL, msg_iov(1)=[{")\302\1\0\0\1\0\0\0\0\0\0\5index\10rubygems\3org\0"..., 36}], msg_controllen=0, msg_flags=0}, 36}}, 2, MSG_NOSIGNAL) = 2
31432 socket(PF_INET, SOCK_DGRAM|SOCK_NONBLOCK, IPPROTO_IP) = 28
31432 connect(28, {sa_family=AF_INET, sin_port=htons(53), sin_addr=inet_addr("127.0.1.1")}, 16) = 0
31432 sendmmsg(28, {{{msg_name(0)=NULL, msg_iov(1)=[{"A^\1\0\0\1\0\0\0\0\0\0\5index\10rubygems\3org\0"..., 36}], msg_controllen=0, msg_flags=0}, 36}, {{msg_name(0)=NULL, msg_iov(1)=[{"UI\1\0\0\1\0\0\0\0\0\0\5index\10rubygems\3org\0"..., 36}], msg_controllen=0, msg_flags=0}, 36}}, 2, MSG_NOSIGNAL) = 2
31427 socket(PF_INET, SOCK_DGRAM|SOCK_NONBLOCK, IPPROTO_IP) = 25
31427 connect(25, {sa_family=AF_INET, sin_port=htons(53), sin_addr=inet_addr("127.0.1.1")}, 16) = 0
31427 sendmmsg(25, {{{msg_name(0)=NULL, msg_iov(1)=[{"t\311\1\0\0\1\0\0\0\0\0\0\5index\10rubygems\3org\0"..., 36}], msg_controllen=0, msg_flags=0}, 36}, {{msg_name(0)=NULL, msg_iov(1)=[{"\276\34\1\0\0\1\0\0\0\0\0\0\5index\10rubygems\3org\0"..., 36}], msg_controllen=0, msg_flags=0}, 36}}, 2, MSG_NOSIGNAL) = 2
31424 socket(PF_INET, SOCK_DGRAM|SOCK_NONBLOCK, IPPROTO_IP) = 24
31424 connect(24, {sa_family=AF_INET, sin_port=htons(53), sin_addr=inet_addr("127.0.1.1")}, 16) = 0
31424 sendmmsg(24, {{{msg_name(0)=NULL, msg_iov(1)=[{"\202{\1\0\0\1\0\0\0\0\0\0\5index\10rubygems\3org\0"..., 36}], msg_controllen=0, msg_flags=0}, 36}, {{msg_name(0)=NULL, msg_iov(1)=[{",\201\1\0\0\1\0\0\0\0\0\0\5index\10rubygems\3org\0"..., 36}], msg_controllen=0, msg_flags=0}, 36}}, 2, MSG_NOSIGNAL) = 2
31439 socket(PF_INET, SOCK_DGRAM|SOCK_NONBLOCK, IPPROTO_IP) = 17
31439 connect(17, {sa_family=AF_INET, sin_port=htons(53), sin_addr=inet_addr("127.0.1.1")}, 16) = 0
31439 sendmmsg(17, {{{msg_name(0)=NULL, msg_iov(1)=[{"\327|\1\0\0\1\0\0\0\0\0\0\5index\10rubygems\3org\0"..., 36}], msg_controllen=0, msg_flags=0}, 36}, {{msg_name(0)=NULL, msg_iov(1)=[{"@\204\1\0\0\1\0\0\0\0\0\0\5index\10rubygems\3org\0"..., 36}], msg_controllen=0, msg_flags=0}, 36}}, 2, MSG_NOSIGNAL) = 2
31426 socket(PF_INET, SOCK_DGRAM|SOCK_NONBLOCK, IPPROTO_IP) = 23
31426 connect(23, {sa_family=AF_INET, sin_port=htons(53), sin_addr=inet_addr("127.0.1.1")}, 16) = 0
31426 sendmmsg(23, {{{msg_name(0)=NULL, msg_iov(1)=[{"\365\333\1\0\0\1\0\0\0\0\0\0\5index\10rubygems\3org\0"..., 36}], msg_controllen=0, msg_flags=0}, 36}, {{msg_name(0)=NULL, msg_iov(1)=[{"\250B\1\0\0\1\0\0\0\0\0\0\5index\10rubygems\3org\0"..., 36}], msg_controllen=0, msg_flags=0}, 36}}, 2, MSG_NOSIGNAL) = 2
31422 socket(PF_INET, SOCK_DGRAM|SOCK_NONBLOCK, IPPROTO_IP) = 27
31422 connect(27, {sa_family=AF_INET, sin_port=htons(53), sin_addr=inet_addr("127.0.1.1")}, 16) = 0
31422 sendmmsg(27, {{{msg_name(0)=NULL, msg_iov(1)=[{"\251\333\1\0\0\1\0\0\0\0\0\0\5index\10rubygems\3org\0"..., 36}], msg_controllen=0, msg_flags=0}, 36}, {{msg_name(0)=NULL, msg_iov(1)=[{"\232A\1\0\0\1\0\0\0\0\0\0\5index\10rubygems\3org\0"..., 36}], msg_controllen=0, msg_flags=0}, 36}}, 2, MSG_NOSIGNAL) = 2
31436 socket(PF_INET, SOCK_DGRAM|SOCK_NONBLOCK, IPPROTO_IP) = 37
31436 connect(37, {sa_family=AF_INET, sin_port=htons(53), sin_addr=inet_addr("127.0.1.1")}, 16) = 0
31436 sendmmsg(37, {{{msg_name(0)=NULL, msg_iov(1)=[{"\315\34\1\0\0\1\0\0\0\0\0\0\5index\10rubygems\3org\0"..., 36}], msg_controllen=0, msg_flags=0}, 36}, {{msg_name(0)=NULL, msg_iov(1)=[{"9\307\1\0\0\1\0\0\0\0\0\0\5index\10rubygems\3org\0"..., 36}], msg_controllen=0, msg_flags=0}, 36}}, 2, MSG_NOSIGNAL) = 2
31433 socket(PF_INET, SOCK_DGRAM|SOCK_NONBLOCK, IPPROTO_IP) = 39
31433 connect(39, {sa_family=AF_INET, sin_port=htons(53), sin_addr=inet_addr("127.0.1.1")}, 16) = 0
31433 sendmmsg(39, {{{msg_name(0)=NULL, msg_iov(1)=[{"i\254\1\0\0\1\0\0\0\0\0\0\5index\10rubygems\3org\0"..., 36}], msg_controllen=0, msg_flags=0}, 36}, {{msg_name(0)=NULL, msg_iov(1)=[{"\325\342\1\0\0\1\0\0\0\0\0\0\5index\10rubygems\3org\0"..., 36}], msg_controllen=0, msg_flags=0}, 36}}, 2, MSG_NOSIGNAL) = 2
31441 socket(PF_INET, SOCK_DGRAM|SOCK_NONBLOCK, IPPROTO_IP) = 41
31441 connect(41, {sa_family=AF_INET, sin_port=htons(53), sin_addr=inet_addr("127.0.1.1")}, 16) = 0
31441 sendmmsg(41, {{{msg_name(0)=NULL, msg_iov(1)=[{"\337\354\1\0\0\1\0\0\0\0\0\0\5index\10rubygems\3org\0"..., 36}], msg_controllen=0, msg_flags=0}, 36}, {{msg_name(0)=NULL, msg_iov(1)=[{"\326f\1\0\0\1\0\0\0\0\0\0\5index\10rubygems\3org\0"..., 36}], msg_controllen=0, msg_flags=0}, 36}}, 2, MSG_NOSIGNAL) = 2
31440 socket(PF_INET, SOCK_DGRAM|SOCK_NONBLOCK, IPPROTO_IP) = 42
31440 connect(42, {sa_family=AF_INET, sin_port=htons(53), sin_addr=inet_addr("127.0.1.1")}, 16) = 0
31440 sendmmsg(42, {{{msg_name(0)=NULL, msg_iov(1)=[{"\0216\1\0\0\1\0\0\0\0\0\0\5index\10rubygems\3org\0"..., 36}], msg_controllen=0, msg_flags=0}, 36}, {{msg_name(0)=NULL, msg_iov(1)=[{"\v\366\1\0\0\1\0\0\0\0\0\0\5index\10rubygems\3org\0"..., 36}], msg_controllen=0, msg_flags=0}, 36}}, 2, MSG_NOSIGNAL) = 2
31418 socket(PF_INET, SOCK_DGRAM|SOCK_NONBLOCK, IPPROTO_IP) = 20
31418 connect(20, {sa_family=AF_INET, sin_port=htons(53), sin_addr=inet_addr("127.0.1.1")}, 16) = 0
31418 sendmmsg(20, {{{msg_name(0)=NULL, msg_iov(1)=[{"\241\311\1\0\0\1\0\0\0\0\0\0\5index\10rubygems\3org\0"..., 36}], msg_controllen=0, msg_flags=0}, 36}, {{msg_name(0)=NULL, msg_iov(1)=[{"\265\35\1\0\0\1\0\0\0\0\0\0\5index\10rubygems\3org\0"..., 36}], msg_controllen=0, msg_flags=0}, 36}}, 2, MSG_NOSIGNAL) = 2
31423 sendfile(44, 34, NULL, 504)       = 504
31421 socket(PF_INET, SOCK_DGRAM|SOCK_NONBLOCK, IPPROTO_IP) = 22
31421 connect(22, {sa_family=AF_INET, sin_port=htons(53), sin_addr=inet_addr("127.0.1.1")}, 16 <unfinished ...>
31419 sendfile(45, 40, NULL, 115 <unfinished ...>
31421 <... connect resumed> )           = 0
31421 sendmmsg(22, {{{msg_name(0)=NULL, msg_iov(1)=[{"\217\211\1\0\0\1\0\0\0\0\0\0\5index\10rubygems\3org\0"..., 36}], msg_controllen=0, msg_flags=0}, 36}, {{msg_name(0)=NULL, msg_iov(1)=[{"\365\235\1\0\0\1\0\0\0\0\0\0\5index\10rubygems\3org\0"..., 36}], msg_controllen=0, msg_flags=0}, 36}}, 2, MSG_NOSIGNAL) = 2
31419 <... sendfile resumed> )          = 115
31420 sendfile(46, 21, NULL, 924)       = 924
31438 sendfile(44, 38, NULL, 662)       = 662
31437 recvfrom(36, "9\323\201\200\0\1\0\3\0\0\0\0\5index\10rubygems\3org\0"..., 2048, 0, {sa_family=AF_INET, sin_port=htons(53), sin_addr=inet_addr("127.0.1.1")}, [16]) = 130
31423 socket(PF_INET, SOCK_DGRAM|SOCK_NONBLOCK, IPPROTO_IP) = 34
31423 connect(34, {sa_family=AF_INET, sin_port=htons(53), sin_addr=inet_addr("127.0.1.1")}, 16) = 0
31423 sendmmsg(34, {{{msg_name(0)=NULL, msg_iov(1)=[{"\312\202\1\0\0\1\0\0\0\0\0\0\5index\10rubygems\3org\0"..., 36}], msg_controllen=0, msg_flags=0}, 36}, {{msg_name(0)=NULL, msg_iov(1)=[{"\200\217\1\0\0\1\0\0\0\0\0\0\5index\10rubygems\3org\0"..., 36}], msg_controllen=0, msg_flags=0}, 36}}, 2, MSG_NOSIGNAL) = 2
31420 socket(PF_INET, SOCK_DGRAM|SOCK_NONBLOCK, IPPROTO_IP) = 21
31420 connect(21, {sa_family=AF_INET, sin_port=htons(53), sin_addr=inet_addr("127.0.1.1")}, 16) = 0
31420 sendmmsg(21, {{{msg_name(0)=NULL, msg_iov(1)=[{"0d\1\0\0\1\0\0\0\0\0\0\5index\10rubygems\3org\0"..., 36}], msg_controllen=0, msg_flags=0}, 36}, {{msg_name(0)=NULL, msg_iov(1)=[{"\354R\1\0\0\1\0\0\0\0\0\0\5index\10rubygems\3org\0"..., 36}], msg_controllen=0, msg_flags=0}, 36}}, 2, MSG_NOSIGNAL) = 2
31419 socket(PF_INET, SOCK_DGRAM|SOCK_NONBLOCK, IPPROTO_IP) = 31
31419 connect(31, {sa_family=AF_INET, sin_port=htons(53), sin_addr=inet_addr("127.0.1.1")}, 16) = 0
31419 sendmmsg(31, {{{msg_name(0)=NULL, msg_iov(1)=[{"\317p\1\0\0\1\0\0\0\0\0\0\5index\10rubygems\3org\0"..., 36}], msg_controllen=0, msg_flags=0}, 36}, {{msg_name(0)=NULL, msg_iov(1)=[{"Pk\1\0\0\1\0\0\0\0\0\0\5index\10rubygems\3org\0"..., 36}], msg_controllen=0, msg_flags=0}, 36}}, 2, MSG_NOSIGNAL) = 2
31438 socket(PF_INET, SOCK_DGRAM|SOCK_NONBLOCK, IPPROTO_IP) = 38
31438 connect(38, {sa_family=AF_INET, sin_port=htons(53), sin_addr=inet_addr("127.0.1.1")}, 16) = 0
31438 sendmmsg(38, {{{msg_name(0)=NULL, msg_iov(1)=[{"\v\210\1\0\0\1\0\0\0\0\0\0\5index\10rubygems\3org\0"..., 36}], msg_controllen=0, msg_flags=0}, 36}, {{msg_name(0)=NULL, msg_iov(1)=[{"\226\232\1\0\0\1\0\0\0\0\0\0\5index\10rubygems\3org\0"..., 36}], msg_controllen=0, msg_flags=0}, 36}}, 2, MSG_NOSIGNAL) = 2
31430 sendfile(44, 40, NULL, 3757 <unfinished ...>
31429 recvfrom(43, "\27\336\201\200\0\1\0\3\0\0\0\0\5index\10rubygems\3org\0"..., 2048, 0, {sa_family=AF_INET, sin_port=htons(53), sin_addr=inet_addr("127.0.1.1")}, [16]) = 130
31430 <... sendfile resumed> )          = 3757
31430 socket(PF_INET, SOCK_DGRAM|SOCK_NONBLOCK, IPPROTO_IP) = 40
31430 connect(40, {sa_family=AF_INET, sin_port=htons(53), sin_addr=inet_addr("127.0.1.1")}, 16) = 0
31430 sendmmsg(40, {{{msg_name(0)=NULL, msg_iov(1)=[{"\3757\1\0\0\1\0\0\0\0\0\0\5index\10rubygems\3org\0"..., 36}], msg_controllen=0, msg_flags=0}, 36}, {{msg_name(0)=NULL, msg_iov(1)=[{"\316\371\1\0\0\1\0\0\0\0\0\0\5index\10rubygems\3org\0"..., 36}], msg_controllen=0, msg_flags=0}, 36}}, 2, MSG_NOSIGNAL) = 2
31434 recvfrom(35, "\361\5\201\200\0\1\0\2\0\1\0\0\5index\10rubygems\3org\0"..., 2048, 0, {sa_family=AF_INET, sin_port=htons(53), sin_addr=inet_addr("127.0.1.1")}, [16]) = 185
31431 recvfrom(32, "\221\223\201\200\0\1\0\2\0\1\0\0\5index\10rubygems\3org\0"..., 2048, 0, {sa_family=AF_INET, sin_port=htons(53), sin_addr=inet_addr("127.0.1.1")}, [16]) = 185
31434 recvfrom(35, "\267\273\201\200\0\1\0\3\0\0\0\0\5index\10rubygems\3org\0"..., 65536, 0, {sa_family=AF_INET, sin_port=htons(53), sin_addr=inet_addr("127.0.1.1")}, [16]) = 130
31434 socket(PF_INET, SOCK_STREAM|SOCK_CLOEXEC, IPPROTO_TCP) = 35
31434 connect(35, {sa_family=AF_INET, sin_port=htons(443), sin_addr=inet_addr("151.101.24.70")}, 16 <unfinished ...>
31431 recvfrom(32, "s\3\201\200\0\1\0\3\0\0\0\0\5index\10rubygems\3org\0"..., 65536, 0, {sa_family=AF_INET, sin_port=htons(53), sin_addr=inet_addr("127.0.1.1")}, [16]) = 130
31431 socket(PF_INET, SOCK_STREAM|SOCK_CLOEXEC, IPPROTO_TCP) = 32
31431 connect(32, {sa_family=AF_INET, sin_port=htons(443), sin_addr=inet_addr("151.101.24.70")}, 16 <unfinished ...>
31442 recvfrom(30, "k\276\201\200\0\1\0\3\0\0\0\0\5index\10rubygems\3org\0"..., 2048, 0, {sa_family=AF_INET, sin_port=htons(53), sin_addr=inet_addr("127.0.1.1")}, [16]) = 130
31437 recvfrom(36, "I;\201\200\0\1\0\2\0\1\0\0\5index\10rubygems\3org\0"..., 65536, 0, {sa_family=AF_INET, sin_port=htons(53), sin_addr=inet_addr("127.0.1.1")}, [16]) = 185
31442 recvfrom(30, "Q\7\201\200\0\1\0\2\0\1\0\0\5index\10rubygems\3org\0"..., 65536, 0, {sa_family=AF_INET, sin_port=htons(53), sin_addr=inet_addr("127.0.1.1")}, [16]) = 185
31437 socket(PF_INET, SOCK_STREAM|SOCK_CLOEXEC, IPPROTO_TCP) = 30
31437 connect(30, {sa_family=AF_INET, sin_port=htons(443), sin_addr=inet_addr("151.101.24.70")}, 16 <unfinished ...>
31442 socket(PF_INET, SOCK_STREAM|SOCK_CLOEXEC, IPPROTO_TCP) = 36
31442 connect(36, {sa_family=AF_INET, sin_port=htons(443), sin_addr=inet_addr("151.101.24.70")}, 16 <unfinished ...>
31428 recvfrom(33,  <unfinished ...>
31429 recvfrom(43,  <unfinished ...>
31435 recvfrom(29, "}\374\201\200\0\1\0\3\0\0\0\0\5index\10rubygems\3org\0"..., 2048, 0, {sa_family=AF_INET, sin_port=htons(53), sin_addr=inet_addr("127.0.1.1")}, [16]) = 130
31439 recvfrom(17, "\327|\201\200\0\1\0\3\0\0\0\0\5index\10rubygems\3org\0"..., 2048, 0, {sa_family=AF_INET, sin_port=htons(53), sin_addr=inet_addr("127.0.1.1")}, [16]) = 130
31432 recvfrom(28,  <unfinished ...>
31429 <... recvfrom resumed> "\1F\201\200\0\1\0\2\0\1\0\0\5index\10rubygems\3org\0"..., 65536, 0, {sa_family=AF_INET, sin_port=htons(53), sin_addr=inet_addr("127.0.1.1")}, [16]) = 185
31432 <... recvfrom resumed> "A^\201\200\0\1\0\3\0\0\0\0\5index\10rubygems\3org\0"..., 2048, 0, {sa_family=AF_INET, sin_port=htons(53), sin_addr=inet_addr("127.0.1.1")}, [16]) = 130
31439 recvfrom(17,  <unfinished ...>
31435 recvfrom(29,  <unfinished ...>
31439 <... recvfrom resumed> "@\204\201\200\0\1\0\2\0\1\0\0\5index\10rubygems\3org\0"..., 65536, 0, {sa_family=AF_INET, sin_port=htons(53), sin_addr=inet_addr("127.0.1.1")}, [16]) = 185
31435 <... recvfrom resumed> "y\204\201\200\0\1\0\2\0\1\0\0\5index\10rubygems\3org\0"..., 65536, 0, {sa_family=AF_INET, sin_port=htons(53), sin_addr=inet_addr("127.0.1.1")}, [16]) = 185
31439 socket(PF_INET, SOCK_STREAM|SOCK_CLOEXEC, IPPROTO_TCP) = 17
31439 connect(17, {sa_family=AF_INET, sin_port=htons(443), sin_addr=inet_addr("151.101.24.70")}, 16 <unfinished ...>
31435 socket(PF_INET, SOCK_STREAM|SOCK_CLOEXEC, IPPROTO_TCP <unfinished ...>
31432 recvfrom(28,  <unfinished ...>
31435 <... socket resumed> )            = 29
31432 <... recvfrom resumed> "UI\201\200\0\1\0\2\0\1\0\0\5index\10rubygems\3org\0"..., 65536, 0, {sa_family=AF_INET, sin_port=htons(53), sin_addr=inet_addr("127.0.1.1")}, [16]) = 185
31435 connect(29, {sa_family=AF_INET, sin_port=htons(443), sin_addr=inet_addr("151.101.24.70")}, 16 <unfinished ...>
31428 <... recvfrom resumed> "+\33\201\200\0\1\0\3\0\0\0\0\5index\10rubygems\3org\0"..., 2048, 0, {sa_family=AF_INET, sin_port=htons(53), sin_addr=inet_addr("127.0.1.1")}, [16]) = 130
31429 socket(PF_INET, SOCK_STREAM|SOCK_CLOEXEC, IPPROTO_TCP) = 28
31429 connect(28, {sa_family=AF_INET, sin_port=htons(443), sin_addr=inet_addr("151.101.24.70")}, 16 <unfinished ...>
31432 socket(PF_INET, SOCK_STREAM|SOCK_CLOEXEC, IPPROTO_TCP) = 43
31432 connect(43, {sa_family=AF_INET, sin_port=htons(443), sin_addr=inet_addr("151.101.24.70")}, 16 <unfinished ...>
31427 recvfrom(25,  <unfinished ...>
31428 recvfrom(33,  <unfinished ...>
31427 <... recvfrom resumed> "t\311\201\200\0\1\0\3\0\0\0\0\5index\10rubygems\3org\0"..., 2048, 0, {sa_family=AF_INET, sin_port=htons(53), sin_addr=inet_addr("127.0.1.1")}, [16]) = 130
31428 <... recvfrom resumed> ")\302\201\200\0\1\0\2\0\1\0\0\5index\10rubygems\3org\0"..., 65536, 0, {sa_family=AF_INET, sin_port=htons(53), sin_addr=inet_addr("127.0.1.1")}, [16]) = 185
31425 recvfrom(26,  <unfinished ...>
31428 socket(PF_INET, SOCK_STREAM|SOCK_CLOEXEC, IPPROTO_TCP <unfinished ...>
31427 recvfrom(25,  <unfinished ...>
31428 <... socket resumed> )            = 33
31427 <... recvfrom resumed> "\276\34\201\200\0\1\0\2\0\1\0\0\5index\10rubygems\3org\0"..., 65536, 0, {sa_family=AF_INET, sin_port=htons(53), sin_addr=inet_addr("127.0.1.1")}, [16]) = 185
31428 connect(33, {sa_family=AF_INET, sin_port=htons(443), sin_addr=inet_addr("151.101.24.70")}, 16 <unfinished ...>
31425 <... recvfrom resumed> "O\236\201\200\0\1\0\3\0\0\0\0\5index\10rubygems\3org\0"..., 2048, 0, {sa_family=AF_INET, sin_port=htons(53), sin_addr=inet_addr("127.0.1.1")}, [16]) = 130
31427 socket(PF_INET, SOCK_STREAM|SOCK_CLOEXEC, IPPROTO_TCP) = 25
31427 connect(25, {sa_family=AF_INET, sin_port=htons(443), sin_addr=inet_addr("151.101.24.70")}, 16 <unfinished ...>
31424 recvfrom(24,  <unfinished ...>
31425 recvfrom(26,  <unfinished ...>
31424 <... recvfrom resumed> ",\201\201\200\0\1\0\2\0\1\0\0\5index\10rubygems\3org\0"..., 2048, 0, {sa_family=AF_INET, sin_port=htons(53), sin_addr=inet_addr("127.0.1.1")}, [16]) = 185
31425 <... recvfrom resumed> "\255\310\201\200\0\1\0\2\0\1\0\0\5index\10rubygems\3org\0"..., 65536, 0, {sa_family=AF_INET, sin_port=htons(53), sin_addr=inet_addr("127.0.1.1")}, [16]) = 185
31425 socket(PF_INET, SOCK_STREAM|SOCK_CLOEXEC, IPPROTO_TCP) = 26
31425 connect(26, {sa_family=AF_INET, sin_port=htons(443), sin_addr=inet_addr("151.101.24.70")}, 16 <unfinished ...>
31424 recvfrom(24, "\202{\201\200\0\1\0\3\0\0\0\0\5index\10rubygems\3org\0"..., 65536, 0, {sa_family=AF_INET, sin_port=htons(53), sin_addr=inet_addr("127.0.1.1")}, [16]) = 130
31424 socket(PF_INET, SOCK_STREAM|SOCK_CLOEXEC, IPPROTO_TCP) = 24
31424 connect(24, {sa_family=AF_INET, sin_port=htons(443), sin_addr=inet_addr("151.101.24.70")}, 16 <unfinished ...>
31422 recvfrom(27, "\251\333\201\200\0\1\0\3\0\0\0\0\5index\10rubygems\3org\0"..., 2048, 0, {sa_family=AF_INET, sin_port=htons(53), sin_addr=inet_addr("127.0.1.1")}, [16]) = 130
31436 recvfrom(37, "9\307\201\200\0\1\0\2\0\1\0\0\5index\10rubygems\3org\0"..., 2048, 0, {sa_family=AF_INET, sin_port=htons(53), sin_addr=inet_addr("127.0.1.1")}, [16]) = 185
31433 recvfrom(39, "i\254\201\200\0\1\0\3\0\0\0\0\5index\10rubygems\3org\0"..., 2048, 0, {sa_family=AF_INET, sin_port=htons(53), sin_addr=inet_addr("127.0.1.1")}, [16]) = 130
31426 recvfrom(23, "\250B\201\200\0\1\0\2\0\1\0\0\5index\10rubygems\3org\0"..., 2048, 0, {sa_family=AF_INET, sin_port=htons(53), sin_addr=inet_addr("127.0.1.1")}, [16]) = 185
31426 recvfrom(23, "\365\333\201\200\0\1\0\3\0\0\0\0\5index\10rubygems\3org\0"..., 65536, 0, {sa_family=AF_INET, sin_port=htons(53), sin_addr=inet_addr("127.0.1.1")}, [16]) = 130
31426 socket(PF_INET, SOCK_STREAM|SOCK_CLOEXEC, IPPROTO_TCP) = 23
31426 connect(23, {sa_family=AF_INET, sin_port=htons(443), sin_addr=inet_addr("151.101.24.70")}, 16 <unfinished ...>
31441 recvfrom(41, "\326f\201\200\0\1\0\2\0\1\0\0\5index\10rubygems\3org\0"..., 2048, 0, {sa_family=AF_INET, sin_port=htons(53), sin_addr=inet_addr("127.0.1.1")}, [16]) = 185
31440 recvfrom(42, "\0216\201\200\0\1\0\3\0\0\0\0\5index\10rubygems\3org\0"..., 2048, 0, {sa_family=AF_INET, sin_port=htons(53), sin_addr=inet_addr("127.0.1.1")}, [16]) = 130
31421 recvfrom(22, "\217\211\201\200\0\1\0\3\0\0\0\0\5index\10rubygems\3org\0"..., 2048, 0, {sa_family=AF_INET, sin_port=htons(53), sin_addr=inet_addr("127.0.1.1")}, [16]) = 130
31418 recvfrom(20, "\265\35\201\200\0\1\0\2\0\1\0\0\5index\10rubygems\3org\0"..., 2048, 0, {sa_family=AF_INET, sin_port=htons(53), sin_addr=inet_addr("127.0.1.1")}, [16]) = 185
31434 <... connect resumed> )           = 0
31436 recvfrom(37, "\315\34\201\200\0\1\0\3\0\0\0\0\5index\10rubygems\3org\0"..., 65536, 0, {sa_family=AF_INET, sin_port=htons(53), sin_addr=inet_addr("127.0.1.1")}, [16]) = 130
31441 recvfrom(41, "\337\354\201\200\0\1\0\3\0\0\0\0\5index\10rubygems\3org\0"..., 65536, 0, {sa_family=AF_INET, sin_port=htons(53), sin_addr=inet_addr("127.0.1.1")}, [16]) = 130
31441 socket(PF_INET, SOCK_STREAM|SOCK_CLOEXEC, IPPROTO_TCP <unfinished ...>
31433 recvfrom(39,  <unfinished ...>
31441 <... socket resumed> )            = 37
31433 <... recvfrom resumed> "\325\342\201\200\0\1\0\2\0\1\0\0\5index\10rubygems\3org\0"..., 65536, 0, {sa_family=AF_INET, sin_port=htons(53), sin_addr=inet_addr("127.0.1.1")}, [16]) = 185
31441 connect(37, {sa_family=AF_INET, sin_port=htons(443), sin_addr=inet_addr("151.101.24.70")}, 16 <unfinished ...>
31433 socket(PF_INET, SOCK_STREAM|SOCK_CLOEXEC, IPPROTO_TCP <unfinished ...>
31418 recvfrom(20,  <unfinished ...>
31433 <... socket resumed> )            = 39
31418 <... recvfrom resumed> "\241\311\201\200\0\1\0\3\0\0\0\0\5index\10rubygems\3org\0"..., 65536, 0, {sa_family=AF_INET, sin_port=htons(53), sin_addr=inet_addr("127.0.1.1")}, [16]) = 130
31433 connect(39, {sa_family=AF_INET, sin_port=htons(443), sin_addr=inet_addr("151.101.24.70")}, 16 <unfinished ...>
31436 socket(PF_INET, SOCK_STREAM|SOCK_CLOEXEC, IPPROTO_TCP) = 20
31444 +++ exited with 0 +++
31436 connect(20, {sa_family=AF_INET, sin_port=htons(443), sin_addr=inet_addr("151.101.24.70")}, 16 <unfinished ...>
31418 socket(PF_INET, SOCK_STREAM|SOCK_CLOEXEC, IPPROTO_TCP) = 41
31418 connect(41, {sa_family=AF_INET, sin_port=htons(443), sin_addr=inet_addr("151.101.24.70")}, 16 <unfinished ...>
31434 getsockname(35, {sa_family=AF_INET, sin_port=htons(56566), sin_addr=inet_addr("192.168.0.17")}, [16]) = 0
31434 setsockopt(35, SOL_TCP, TCP_NODELAY, [1], 4) = 0
31438 recvfrom(38, "\v\210\201\200\0\1\0\3\0\0\0\0\5index\10rubygems\3org\0"..., 2048, 0, {sa_family=AF_INET, sin_port=htons(53), sin_addr=inet_addr("127.0.1.1")}, [16]) = 130
31420 recvfrom(21, "\354R\201\200\0\1\0\2\0\1\0\0\5index\10rubygems\3org\0"..., 2048, 0, {sa_family=AF_INET, sin_port=htons(53), sin_addr=inet_addr("127.0.1.1")}, [16]) = 185
31437 <... connect resumed> )           = 0
31442 <... connect resumed> )           = 0
31431 <... connect resumed> )           = 0
31423 recvfrom(34, "\312\202\201\200\0\1\0\3\0\0\0\0\5index\10rubygems\3org\0"..., 2048, 0, {sa_family=AF_INET, sin_port=htons(53), sin_addr=inet_addr("127.0.1.1")}, [16]) = 130
31420 recvfrom(21, "0d\201\200\0\1\0\3\0\0\0\0\5index\10rubygems\3org\0"..., 65536, 0, {sa_family=AF_INET, sin_port=htons(53), sin_addr=inet_addr("127.0.1.1")}, [16]) = 130
31423 recvfrom(34, "\200\217\201\200\0\1\0\2\0\1\0\0\5index\10rubygems\3org\0"..., 65536, 0, {sa_family=AF_INET, sin_port=htons(53), sin_addr=inet_addr("127.0.1.1")}, [16]) = 185
31419 recvfrom(31, "Pk\201\200\0\1\0\2\0\1\0\0\5index\10rubygems\3org\0"..., 2048, 0, {sa_family=AF_INET, sin_port=htons(53), sin_addr=inet_addr("127.0.1.1")}, [16]) = 185
31419 recvfrom(31, "\317p\201\200\0\1\0\3\0\0\0\0\5index\10rubygems\3org\0"..., 65536, 0, {sa_family=AF_INET, sin_port=htons(53), sin_addr=inet_addr("127.0.1.1")}, [16]) = 130
31443 +++ exited with 0 +++
31419 socket(PF_INET, SOCK_STREAM|SOCK_CLOEXEC, IPPROTO_TCP) = 21
31419 connect(21, {sa_family=AF_INET, sin_port=htons(443), sin_addr=inet_addr("151.101.24.70")}, 16 <unfinished ...>
31420 socket(PF_INET, SOCK_STREAM|SOCK_CLOEXEC, IPPROTO_TCP) = 31
31420 connect(31, {sa_family=AF_INET, sin_port=htons(443), sin_addr=inet_addr("151.101.24.70")}, 16 <unfinished ...>
31423 socket(PF_INET, SOCK_STREAM|SOCK_CLOEXEC, IPPROTO_TCP) = 34
31423 connect(34, {sa_family=AF_INET, sin_port=htons(443), sin_addr=inet_addr("151.101.24.70")}, 16 <unfinished ...>
31446 +++ exited with 0 +++
31442 getsockname(36,  <unfinished ...>
31445 +++ exited with 0 +++
31442 <... getsockname resumed> {sa_family=AF_INET, sin_port=htons(56572), sin_addr=inet_addr("192.168.0.17")}, [16]) = 0
31442 setsockopt(36, SOL_TCP, TCP_NODELAY, [1], 4) = 0
31437 getsockname(30, {sa_family=AF_INET, sin_port=htons(56570), sin_addr=inet_addr("192.168.0.17")}, [16]) = 0
31437 setsockopt(30, SOL_TCP, TCP_NODELAY, [1], 4) = 0
31431 getsockname(32, {sa_family=AF_INET, sin_port=htons(56568), sin_addr=inet_addr("192.168.0.17")}, [16]) = 0
31431 setsockopt(32, SOL_TCP, TCP_NODELAY, [1], 4) = 0
31440 recvfrom(42, "\v\366\201\200\0\1\0\2\0\1\0\0\5index\10rubygems\3org\0"..., 65536, 0, {sa_family=AF_INET, sin_port=htons(53), sin_addr=inet_addr("127.0.1.1")}, [16]) = 185
31440 socket(PF_INET, SOCK_STREAM|SOCK_CLOEXEC, IPPROTO_TCP) = 42
31440 connect(42, {sa_family=AF_INET, sin_port=htons(443), sin_addr=inet_addr("151.101.24.70")}, 16 <unfinished ...>
31438 recvfrom(38,  <unfinished ...>
31430 recvfrom(40,  <unfinished ...>
31438 <... recvfrom resumed> "\226\232\201\200\0\1\0\2\0\1\0\0\5index\10rubygems\3org\0"..., 65536, 0, {sa_family=AF_INET, sin_port=htons(53), sin_addr=inet_addr("127.0.1.1")}, [16]) = 185
31430 <... recvfrom resumed> "\3757\201\200\0\1\0\3\0\0\0\0\5index\10rubygems\3org\0"..., 2048, 0, {sa_family=AF_INET, sin_port=htons(53), sin_addr=inet_addr("127.0.1.1")}, [16]) = 130
31438 socket(PF_INET, SOCK_STREAM|SOCK_CLOEXEC, IPPROTO_TCP) = 38
31438 connect(38, {sa_family=AF_INET, sin_port=htons(443), sin_addr=inet_addr("151.101.24.70")}, 16 <unfinished ...>
31439 <... connect resumed> )           = 0
31435 <... connect resumed> )           = 0
31432 <... connect resumed> )           = 0
31429 <... connect resumed> )           = 0
31430 recvfrom(40, "\316\371\201\200\0\1\0\2\0\1\0\0\5index\10rubygems\3org\0"..., 65536, 0, {sa_family=AF_INET, sin_port=htons(53), sin_addr=inet_addr("127.0.1.1")}, [16]) = 185
31428 <... connect resumed> )           = 0
31454 +++ exited with 0 +++
31435 getsockname(29, {sa_family=AF_INET, sin_port=htons(56576), sin_addr=inet_addr("192.168.0.17")}, [16]) = 0
31435 setsockopt(29, SOL_TCP, TCP_NODELAY, [1], 4 <unfinished ...>
31449 +++ exited with 0 +++
31435 <... setsockopt resumed> )        = 0
31421 recvfrom(22, "\365\235\201\200\0\1\0\2\0\1\0\0\5index\10rubygems\3org\0"..., 65536, 0, {sa_family=AF_INET, sin_port=htons(53), sin_addr=inet_addr("127.0.1.1")}, [16]) = 185
31430 socket(PF_INET, SOCK_STREAM|SOCK_CLOEXEC, IPPROTO_TCP) = 22
31430 connect(22, {sa_family=AF_INET, sin_port=htons(443), sin_addr=inet_addr("151.101.24.70")}, 16 <unfinished ...>
31439 getsockname(17, {sa_family=AF_INET, sin_port=htons(56574), sin_addr=inet_addr("192.168.0.17")}, [16]) = 0
31439 setsockopt(17, SOL_TCP, TCP_NODELAY, [1], 4) = 0
31451 +++ exited with 0 +++
31450 +++ exited with 0 +++
31428 getsockname(33,  <unfinished ...>
31447 +++ exited with 0 +++
31428 <... getsockname resumed> {sa_family=AF_INET, sin_port=htons(56582), sin_addr=inet_addr("192.168.0.17")}, [16]) = 0
31428 setsockopt(33, SOL_TCP, TCP_NODELAY, [1], 4) = 0
31432 getsockname(43, {sa_family=AF_INET, sin_port=htons(56580), sin_addr=inet_addr("192.168.0.17")}, [16]) = 0
31432 setsockopt(43, SOL_TCP, TCP_NODELAY, [1], 4) = 0
31429 getsockname(28, {sa_family=AF_INET, sin_port=htons(56578), sin_addr=inet_addr("192.168.0.17")}, [16]) = 0
31429 setsockopt(28, SOL_TCP, TCP_NODELAY, [1], 4) = 0
31421 socket(PF_INET, SOCK_STREAM|SOCK_CLOEXEC, IPPROTO_TCP) = 40
31421 connect(40, {sa_family=AF_INET, sin_port=htons(443), sin_addr=inet_addr("151.101.24.70")}, 16 <unfinished ...>
31424 <... connect resumed> )           = 0
31424 getsockname(24,  <unfinished ...>
31453 +++ exited with 0 +++
31424 <... getsockname resumed> {sa_family=AF_INET, sin_port=htons(56588), sin_addr=inet_addr("192.168.0.17")}, [16]) = 0
31424 setsockopt(24, SOL_TCP, TCP_NODELAY, [1], 4) = 0
31427 <... connect resumed> )           = 0
31426 <... connect resumed> )           = 0
31455 +++ exited with 0 +++
31427 getsockname(25, {sa_family=AF_INET, sin_port=htons(56584), sin_addr=inet_addr("192.168.0.17")}, [16]) = 0
31427 setsockopt(25, SOL_TCP, TCP_NODELAY, [1], 4 <unfinished ...>
31452 +++ exited with 0 +++
31427 <... setsockopt resumed> )        = 0
31426 getsockname(23, {sa_family=AF_INET, sin_port=htons(56590), sin_addr=inet_addr("192.168.0.17")}, [16]) = 0
31426 setsockopt(23, SOL_TCP, TCP_NODELAY, [1], 4) = 0
31441 <... connect resumed> )           = 0
31441 getsockname(37,  <unfinished ...>
31459 +++ exited with 0 +++
31441 <... getsockname resumed> {sa_family=AF_INET, sin_port=htons(56592), sin_addr=inet_addr("192.168.0.17")}, [16]) = 0
31441 setsockopt(37, SOL_TCP, TCP_NODELAY, [1], 4) = 0
31433 <... connect resumed> )           = 0
31418 <... connect resumed> )           = 0
31458 +++ exited with 0 +++
31461 +++ exited with 0 +++
31433 getsockname(39, {sa_family=AF_INET, sin_port=htons(56594), sin_addr=inet_addr("192.168.0.17")}, [16]) = 0
31433 setsockopt(39, SOL_TCP, TCP_NODELAY, [1], 4) = 0
31418 getsockname(41, {sa_family=AF_INET, sin_port=htons(56598), sin_addr=inet_addr("192.168.0.17")}, [16]) = 0
31418 setsockopt(41, SOL_TCP, TCP_NODELAY, [1], 4) = 0
31425 <... connect resumed> )           = 0
31448 +++ exited with 0 +++
31425 getsockname(26, {sa_family=AF_INET, sin_port=htons(56586), sin_addr=inet_addr("192.168.0.17")}, [16]) = 0
31425 setsockopt(26, SOL_TCP, TCP_NODELAY, [1], 4) = 0
31419 <... connect resumed> )           = 0
31419 getsockname(21,  <unfinished ...>
31465 +++ exited with 0 +++
31419 <... getsockname resumed> {sa_family=AF_INET, sin_port=htons(56600), sin_addr=inet_addr("192.168.0.17")}, [16]) = 0
31419 setsockopt(21, SOL_TCP, TCP_NODELAY, [1], 4) = 0
