31990 setsockopt(70, SOL_TCP, TCP_NODELAY, [1], 4) = 0
31986 setsockopt(69, SOL_TCP, TCP_NODELAY, [1], 4) = 0
31976 setsockopt(66, SOL_TCP, TCP_NODELAY, [1], 4) = 0
31995 setsockopt(71, SOL_TCP, TCP_NODELAY, [1], 4) = 0
31980 setsockopt(68, SOL_TCP, TCP_NODELAY, [1], 4) = 0
31995 +++ exited with 0 +++
31980 +++ exited with 0 +++
31993 +++ exited with 0 +++
31976 +++ exited with 0 +++
31996 +++ exited with 0 +++
31987 +++ exited with 0 +++
31998 +++ exited with 0 +++
31992 +++ exited with 0 +++
31984 +++ exited with 0 +++
31981 +++ exited with 0 +++
31979 +++ exited with 0 +++
31983 +++ exited with 0 +++
31975 +++ exited with 0 +++
31997 +++ exited with 0 +++
31999 +++ exited with 0 +++
31978 +++ exited with 0 +++
31990 +++ exited with 0 +++
31986 +++ exited with 0 +++
31994 +++ exited with 0 +++
31991 +++ exited with 0 +++
31989 +++ exited with 0 +++
31977 +++ exited with 0 +++
31988 +++ exited with 0 +++
31982 +++ exited with 0 +++
31985 +++ exited with 0 +++
32014 sendfile(100, 76, NULL, 1385)     = 1385
32019 sendfile(101, 81, NULL, 2208)     = 2208
32017 sendfile(103, 79, NULL, 2960)     = 2960
32013 sendfile(102, 75, NULL, 394)      = 394
32024 sendfile(100, 87, NULL, 753 <unfinished ...>
32026 sendfile(104, 88, NULL, 684 <unfinished ...>
32024 <... sendfile resumed> )          = 753
32026 <... sendfile resumed> )          = 684
32025 sendfile(105, 93, NULL, 2218)     = 2218
32035 sendfile(106, 98, NULL, 107)      = 107
32020 sendfile(90, 82, NULL, 1851)      = 1851
32012 sendfile(80, 83, NULL, 1404)      = 1404
32014 socket(PF_INET, SOCK_DGRAM|SOCK_NONBLOCK, IPPROTO_IP) = 76
32014 connect(76, {sa_family=AF_INET, sin_port=htons(53), sin_addr=inet_addr("127.0.1.1")}, 16) = 0
32014 sendmmsg(76, {{{msg_name(0)=NULL, msg_iov(1)=[{"\362K\1\0\0\1\0\0\0\0\0\0\5index\10rubygems\3org\0"..., 36}], msg_controllen=0, msg_flags=0}, 36}, {{msg_name(0)=NULL, msg_iov(1)=[{"\27%\1\0\0\1\0\0\0\0\0\0\5index\10rubygems\3org\0"..., 36}], msg_controllen=0, msg_flags=0}, 36}}, 2, MSG_NOSIGNAL) = 2
32019 socket(PF_INET, SOCK_DGRAM|SOCK_NONBLOCK, IPPROTO_IP) = 80
32019 connect(80, {sa_family=AF_INET, sin_port=htons(53), sin_addr=inet_addr("127.0.1.1")}, 16) = 0
32019 sendmmsg(80, {{{msg_name(0)=NULL, msg_iov(1)=[{"Lw\1\0\0\1\0\0\0\0\0\0\5index\10rubygems\3org\0"..., 36}], msg_controllen=0, msg_flags=0}, 36}, {{msg_name(0)=NULL, msg_iov(1)=[{"vy\1\0\0\1\0\0\0\0\0\0\5index\10rubygems\3org\0"..., 36}], msg_controllen=0, msg_flags=0}, 36}}, 2, MSG_NOSIGNAL) = 2
32035 socket(PF_INET, SOCK_DGRAM|SOCK_NONBLOCK, IPPROTO_IP) = 77
32035 connect(77, {sa_family=AF_INET, sin_port=htons(53), sin_addr=inet_addr("127.0.1.1")}, 16) = 0
32035 sendmmsg(77, {{{msg_name(0)=NULL, msg_iov(1)=[{"#\255\1\0\0\1\0\0\0\0\0\0\5index\10rubygems\3org\0"..., 36}], msg_controllen=0, msg_flags=0}, 36}, {{msg_name(0)=NULL, msg_iov(1)=[{"\253<\1\0\0\1\0\0\0\0\0\0\5index\10rubygems\3org\0"..., 36}], msg_controllen=0, msg_flags=0}, 36}}, 2, MSG_NOSIGNAL) = 2
32020 socket(PF_INET, SOCK_DGRAM|SOCK_NONBLOCK, IPPROTO_IP) = 79
32020 connect(79, {sa_family=AF_INET, sin_port=htons(53), sin_addr=inet_addr("127.0.1.1")}, 16) = 0
32020 sendmmsg(79, {{{msg_name(0)=NULL, msg_iov(1)=[{"A\355\1\0\0\1\0\0\0\0\0\0\5index\10rubygems\3org\0"..., 36}], msg_controllen=0, msg_flags=0}, 36}, {{msg_name(0)=NULL, msg_iov(1)=[{"\205d\1\0\0\1\0\0\0\0\0\0\5index\10rubygems\3org\0"..., 36}], msg_controllen=0, msg_flags=0}, 36}}, 2, MSG_NOSIGNAL) = 2
32017 socket(PF_INET, SOCK_DGRAM|SOCK_NONBLOCK, IPPROTO_IP) = 84
32017 connect(84, {sa_family=AF_INET, sin_port=htons(53), sin_addr=inet_addr("127.0.1.1")}, 16) = 0
32017 sendmmsg(84, {{{msg_name(0)=NULL, msg_iov(1)=[{"ot\1\0\0\1\0\0\0\0\0\0\5index\10rubygems\3org\0"..., 36}], msg_controllen=0, msg_flags=0}, 36}, {{msg_name(0)=NULL, msg_iov(1)=[{"!u\1\0\0\1\0\0\0\0\0\0\5index\10rubygems\3org\0"..., 36}], msg_controllen=0, msg_flags=0}, 36}}, 2, MSG_NOSIGNAL) = 2
32026 socket(PF_INET, SOCK_DGRAM|SOCK_NONBLOCK, IPPROTO_IP) = 78
32026 connect(78, {sa_family=AF_INET, sin_port=htons(53), sin_addr=inet_addr("127.0.1.1")}, 16) = 0
32026 sendmmsg(78, {{{msg_name(0)=NULL, msg_iov(1)=[{"\237#\1\0\0\1\0\0\0\0\0\0\5index\10rubygems\3org\0"..., 36}], msg_controllen=0, msg_flags=0}, 36}, {{msg_name(0)=NULL, msg_iov(1)=[{"\251\321\1\0\0\1\0\0\0\0\0\0\5index\10rubygems\3org\0"..., 36}], msg_controllen=0, msg_flags=0}, 36}}, 2, MSG_NOSIGNAL) = 2
32013 socket(PF_INET, SOCK_DGRAM|SOCK_NONBLOCK, IPPROTO_IP) = 75
32013 connect(75, {sa_family=AF_INET, sin_port=htons(53), sin_addr=inet_addr("127.0.1.1")}, 16) = 0
32013 sendmmsg(75, {{{msg_name(0)=NULL, msg_iov(1)=[{"\0254\1\0\0\1\0\0\0\0\0\0\5index\10rubygems\3org\0"..., 36}], msg_controllen=0, msg_flags=0}, 36}, {{msg_name(0)=NULL, msg_iov(1)=[{"\305\362\1\0\0\1\0\0\0\0\0\0\5index\10rubygems\3org\0"..., 36}], msg_controllen=0, msg_flags=0}, 36}}, 2, MSG_NOSIGNAL) = 2
32012 socket(PF_INET, SOCK_DGRAM|SOCK_NONBLOCK, IPPROTO_IP) = 82
32012 connect(82, {sa_family=AF_INET, sin_port=htons(53), sin_addr=inet_addr("127.0.1.1")}, 16) = 0
32012 sendmmsg(82, {{{msg_name(0)=NULL, msg_iov(1)=[{"+\362\1\0\0\1\0\0\0\0\0\0\5index\10rubygems\3org\0"..., 36}], msg_controllen=0, msg_flags=0}, 36}, {{msg_name(0)=NULL, msg_iov(1)=[{"\211n\1\0\0\1\0\0\0\0\0\0\5index\10rubygems\3org\0"..., 36}], msg_controllen=0, msg_flags=0}, 36}}, 2, MSG_NOSIGNAL) = 2
32024 socket(PF_INET, SOCK_DGRAM|SOCK_NONBLOCK, IPPROTO_IP) = 81
32024 connect(81, {sa_family=AF_INET, sin_port=htons(53), sin_addr=inet_addr("127.0.1.1")}, 16) = 0
32024 sendmmsg(81, {{{msg_name(0)=NULL, msg_iov(1)=[{"\5\316\1\0\0\1\0\0\0\0\0\0\5index\10rubygems\3org\0"..., 36}], msg_controllen=0, msg_flags=0}, 36}, {{msg_name(0)=NULL, msg_iov(1)=[{"]&\1\0\0\1\0\0\0\0\0\0\5index\10rubygems\3org\0"..., 36}], msg_controllen=0, msg_flags=0}, 36}}, 2, MSG_NOSIGNAL) = 2
32025 socket(PF_INET, SOCK_DGRAM|SOCK_NONBLOCK, IPPROTO_IP) = 83
32025 connect(83, {sa_family=AF_INET, sin_port=htons(53), sin_addr=inet_addr("127.0.1.1")}, 16) = 0
32025 sendmmsg(83, {{{msg_name(0)=NULL, msg_iov(1)=[{"\263\365\1\0\0\1\0\0\0\0\0\0\5index\10rubygems\3org\0"..., 36}], msg_controllen=0, msg_flags=0}, 36}, {{msg_name(0)=NULL, msg_iov(1)=[{"\251u\1\0\0\1\0\0\0\0\0\0\5index\10rubygems\3org\0"..., 36}], msg_controllen=0, msg_flags=0}, 36}}, 2, MSG_NOSIGNAL) = 2
32014 recvfrom(76, "\362K\201\200\0\1\0\3\0\0\0\0\5index\10rubygems\3org\0"..., 2048, 0, {sa_family=AF_INET, sin_port=htons(53), sin_addr=inet_addr("127.0.1.1")}, [16]) = 130
32035 recvfrom(77,  <unfinished ...>
32019 recvfrom(80,  <unfinished ...>
32035 <... recvfrom resumed> "#\255\201\200\0\1\0\3\0\0\0\0\5index\10rubygems\3org\0"..., 2048, 0, {sa_family=AF_INET, sin_port=htons(53), sin_addr=inet_addr("127.0.1.1")}, [16]) = 130
32019 <... recvfrom resumed> "Lw\201\200\0\1\0\3\0\0\0\0\5index\10rubygems\3org\0"..., 2048, 0, {sa_family=AF_INET, sin_port=htons(53), sin_addr=inet_addr("127.0.1.1")}, [16]) = 130
32014 recvfrom(76, "\27%\201\200\0\1\0\2\0\1\0\0\5index\10rubygems\3org\0"..., 65536, 0, {sa_family=AF_INET, sin_port=htons(53), sin_addr=inet_addr("127.0.1.1")}, [16]) = 185
32035 recvfrom(77,  <unfinished ...>
32019 recvfrom(80,  <unfinished ...>
32035 <... recvfrom resumed> "\253<\201\200\0\1\0\2\0\1\0\0\5index\10rubygems\3org\0"..., 65536, 0, {sa_family=AF_INET, sin_port=htons(53), sin_addr=inet_addr("127.0.1.1")}, [16]) = 185
32019 <... recvfrom resumed> "vy\201\200\0\1\0\2\0\1\0\0\5index\10rubygems\3org\0"..., 65536, 0, {sa_family=AF_INET, sin_port=htons(53), sin_addr=inet_addr("127.0.1.1")}, [16]) = 185
32014 socket(PF_INET, SOCK_STREAM|SOCK_CLOEXEC, IPPROTO_TCP) = 76
32014 connect(76, {sa_family=AF_INET, sin_port=htons(443), sin_addr=inet_addr("151.101.24.70")}, 16 <unfinished ...>
32019 socket(PF_INET, SOCK_STREAM|SOCK_CLOEXEC, IPPROTO_TCP) = 77
32019 connect(77, {sa_family=AF_INET, sin_port=htons(443), sin_addr=inet_addr("151.101.24.70")}, 16 <unfinished ...>
32035 socket(PF_INET, SOCK_STREAM|SOCK_CLOEXEC, IPPROTO_TCP) = 80
32035 connect(80, {sa_family=AF_INET, sin_port=htons(443), sin_addr=inet_addr("151.101.24.70")}, 16 <unfinished ...>
32020 recvfrom(79, "\205d\201\200\0\1\0\2\0\1\0\0\5index\10rubygems\3org\0"..., 2048, 0, {sa_family=AF_INET, sin_port=htons(53), sin_addr=inet_addr("127.0.1.1")}, [16]) = 185
32017 recvfrom(84,  <unfinished ...>
32020 recvfrom(79,  <unfinished ...>
32017 <... recvfrom resumed> "ot\201\200\0\1\0\3\0\0\0\0\5index\10rubygems\3org\0"..., 2048, 0, {sa_family=AF_INET, sin_port=htons(53), sin_addr=inet_addr("127.0.1.1")}, [16]) = 130
32020 <... recvfrom resumed> "A\355\201\200\0\1\0\3\0\0\0\0\5index\10rubygems\3org\0"..., 65536, 0, {sa_family=AF_INET, sin_port=htons(53), sin_addr=inet_addr("127.0.1.1")}, [16]) = 130
32020 socket(PF_INET, SOCK_STREAM|SOCK_CLOEXEC, IPPROTO_TCP) = 79
32020 connect(79, {sa_family=AF_INET, sin_port=htons(443), sin_addr=inet_addr("151.101.24.70")}, 16 <unfinished ...>
32026 recvfrom(78, "\237#\201\200\0\1\0\3\0\0\0\0\5index\10rubygems\3org\0"..., 2048, 0, {sa_family=AF_INET, sin_port=htons(53), sin_addr=inet_addr("127.0.1.1")}, [16]) = 130
32013 recvfrom(75, "\0254\201\200\0\1\0\3\0\0\0\0\5index\10rubygems\3org\0"..., 2048, 0, {sa_family=AF_INET, sin_port=htons(53), sin_addr=inet_addr("127.0.1.1")}, [16]) = 130
32017 recvfrom(84,  <unfinished ...>
32026 recvfrom(78,  <unfinished ...>
32017 <... recvfrom resumed> "!u\201\200\0\1\0\2\0\1\0\0\5index\10rubygems\3org\0"..., 65536, 0, {sa_family=AF_INET, sin_port=htons(53), sin_addr=inet_addr("127.0.1.1")}, [16]) = 185
32026 <... recvfrom resumed> "\251\321\201\200\0\1\0\2\0\1\0\0\5index\10rubygems\3org\0"..., 65536, 0, {sa_family=AF_INET, sin_port=htons(53), sin_addr=inet_addr("127.0.1.1")}, [16]) = 185
32012 recvfrom(82, "+\362\201\200\0\1\0\3\0\0\0\0\5index\10rubygems\3org\0"..., 2048, 0, {sa_family=AF_INET, sin_port=htons(53), sin_addr=inet_addr("127.0.1.1")}, [16]) = 130
32026 socket(PF_INET, SOCK_STREAM|SOCK_CLOEXEC, IPPROTO_TCP) = 78
32013 recvfrom(75, "\305\362\201\200\0\1\0\2\0\1\0\0\5index\10rubygems\3org\0"..., 65536, 0, {sa_family=AF_INET, sin_port=htons(53), sin_addr=inet_addr("127.0.1.1")}, [16]) = 185
32026 connect(78, {sa_family=AF_INET, sin_port=htons(443), sin_addr=inet_addr("151.101.24.70")}, 16 <unfinished ...>
32017 socket(PF_INET, SOCK_STREAM|SOCK_CLOEXEC, IPPROTO_TCP) = 75
32017 connect(75, {sa_family=AF_INET, sin_port=htons(443), sin_addr=inet_addr("151.101.24.70")}, 16 <unfinished ...>
32013 socket(PF_INET, SOCK_STREAM|SOCK_CLOEXEC, IPPROTO_TCP) = 84
32013 connect(84, {sa_family=AF_INET, sin_port=htons(443), sin_addr=inet_addr("151.101.24.70")}, 16 <unfinished ...>
32012 recvfrom(82, "\211n\201\200\0\1\0\2\0\1\0\0\5index\10rubygems\3org\0"..., 65536, 0, {sa_family=AF_INET, sin_port=htons(53), sin_addr=inet_addr("127.0.1.1")}, [16]) = 185
32024 recvfrom(81, "]&\201\200\0\1\0\2\0\1\0\0\5index\10rubygems\3org\0"..., 2048, 0, {sa_family=AF_INET, sin_port=htons(53), sin_addr=inet_addr("127.0.1.1")}, [16]) = 185
32025 recvfrom(83, "\263\365\201\200\0\1\0\3\0\0\0\0\5index\10rubygems\3org\0"..., 2048, 0, {sa_family=AF_INET, sin_port=htons(53), sin_addr=inet_addr("127.0.1.1")}, [16]) = 130
32012 socket(PF_INET, SOCK_STREAM|SOCK_CLOEXEC, IPPROTO_TCP <unfinished ...>
32024 recvfrom(81,  <unfinished ...>
32012 <... socket resumed> )            = 82
32024 <... recvfrom resumed> "\5\316\201\200\0\1\0\3\0\0\0\0\5index\10rubygems\3org\0"..., 65536, 0, {sa_family=AF_INET, sin_port=htons(53), sin_addr=inet_addr("127.0.1.1")}, [16]) = 130
32012 connect(82, {sa_family=AF_INET, sin_port=htons(443), sin_addr=inet_addr("151.101.24.70")}, 16 <unfinished ...>
32024 socket(PF_INET, SOCK_STREAM|SOCK_CLOEXEC, IPPROTO_TCP) = 81
32024 connect(81, {sa_family=AF_INET, sin_port=htons(443), sin_addr=inet_addr("151.101.24.70")}, 16 <unfinished ...>
32025 recvfrom(83, "\251u\201\200\0\1\0\2\0\1\0\0\5index\10rubygems\3org\0"..., 65536, 0, {sa_family=AF_INET, sin_port=htons(53), sin_addr=inet_addr("127.0.1.1")}, [16]) = 185
32025 socket(PF_INET, SOCK_STREAM|SOCK_CLOEXEC, IPPROTO_TCP) = 83
32025 connect(83, {sa_family=AF_INET, sin_port=htons(443), sin_addr=inet_addr("151.101.24.70")}, 16 <unfinished ...>
32014 <... connect resumed> )           = 0
32014 getsockname(76, {sa_family=AF_INET, sin_port=htons(56678), sin_addr=inet_addr("192.168.0.17")}, [16]) = 0
32037 +++ exited with 0 +++
32014 setsockopt(76, SOL_TCP, TCP_NODELAY, [1], 4) = 0
32019 <... connect resumed> )           = 0
32019 getsockname(77,  <unfinished ...>
32038 +++ exited with 0 +++
32019 <... getsockname resumed> {sa_family=AF_INET, sin_port=htons(56680), sin_addr=inet_addr("192.168.0.17")}, [16]) = 0
32019 setsockopt(77, SOL_TCP, TCP_NODELAY, [1], 4) = 0
32020 <... connect resumed> )           = 0
32040 +++ exited with 0 +++
32020 getsockname(79, {sa_family=AF_INET, sin_port=htons(56684), sin_addr=inet_addr("192.168.0.17")}, [16]) = 0
32020 setsockopt(79, SOL_TCP, TCP_NODELAY, [1], 4) = 0
32035 <... connect resumed> )           = 0
32035 getsockname(80,  <unfinished ...>
32039 +++ exited with 0 +++
32035 <... getsockname resumed> {sa_family=AF_INET, sin_port=htons(56682), sin_addr=inet_addr("192.168.0.17")}, [16]) = 0
32035 setsockopt(80, SOL_TCP, TCP_NODELAY, [1], 4) = 0
32026 <... connect resumed> )           = 0
32026 getsockname(78,  <unfinished ...>
32042 +++ exited with 0 +++
32026 <... getsockname resumed> {sa_family=AF_INET, sin_port=htons(56686), sin_addr=inet_addr("192.168.0.17")}, [16]) = 0
32026 setsockopt(78, SOL_TCP, TCP_NODELAY, [1], 4) = 0
32017 <... connect resumed> )           = 0
32041 +++ exited with 0 +++
32017 getsockname(75, {sa_family=AF_INET, sin_port=htons(56688), sin_addr=inet_addr("192.168.0.17")}, [16]) = 0
32017 setsockopt(75, SOL_TCP, TCP_NODELAY, [1], 4) = 0
32013 <... connect resumed> )           = 0
32013 getsockname(84,  <unfinished ...>
32043 +++ exited with 0 +++
32013 <... getsockname resumed> {sa_family=AF_INET, sin_port=htons(56690), sin_addr=inet_addr("192.168.0.17")}, [16]) = 0
32013 setsockopt(84, SOL_TCP, TCP_NODELAY, [1], 4) = 0
32024 <... connect resumed> )           = 0
32045 +++ exited with 0 +++
32024 getsockname(81, {sa_family=AF_INET, sin_port=htons(56694), sin_addr=inet_addr("192.168.0.17")}, [16]) = 0
32024 setsockopt(81, SOL_TCP, TCP_NODELAY, [1], 4) = 0
32012 <... connect resumed> )           = 0
32025 <... connect resumed> )           = 0
32025 getsockname(83,  <unfinished ...>
32044 +++ exited with 0 +++
32025 <... getsockname resumed> {sa_family=AF_INET, sin_port=htons(56696), sin_addr=inet_addr("192.168.0.17")}, [16]) = 0
32046 +++ exited with 0 +++
32025 setsockopt(83, SOL_TCP, TCP_NODELAY, [1], 4) = 0
32012 getsockname(82, {sa_family=AF_INET, sin_port=htons(56692), sin_addr=inet_addr("192.168.0.17")}, [16]) = 0
32012 setsockopt(82, SOL_TCP, TCP_NODELAY, [1], 4) = 0
32019 setsockopt(77, SOL_TCP, TCP_NODELAY, [1], 4) = 0
32014 setsockopt(76, SOL_TCP, TCP_NODELAY, [1], 4) = 0
32020 setsockopt(79, SOL_TCP, TCP_NODELAY, [1], 4) = 0
32026 setsockopt(78, SOL_TCP, TCP_NODELAY, [1], 4) = 0
32035 setsockopt(80, SOL_TCP, TCP_NODELAY, [1], 4) = 0
32024 setsockopt(81, SOL_TCP, TCP_NODELAY, [1], 4) = 0
32013 setsockopt(84, SOL_TCP, TCP_NODELAY, [1], 4) = 0
32017 setsockopt(75, SOL_TCP, TCP_NODELAY, [1], 4) = 0
32012 setsockopt(82, SOL_TCP, TCP_NODELAY, [1], 4) = 0
32025 setsockopt(83, SOL_TCP, TCP_NODELAY, [1], 4) = 0
32034 +++ exited with 0 +++
32025 +++ exited with 0 +++
32017 +++ exited with 0 +++
32031 +++ exited with 0 +++
32016 +++ exited with 0 +++
32027 +++ exited with 0 +++
32022 +++ exited with 0 +++
32023 +++ exited with 0 +++
32033 +++ exited with 0 +++
32036 +++ exited with 0 +++
32030 +++ exited with 0 +++
32015 +++ exited with 0 +++
32014 +++ exited with 0 +++
32020 +++ exited with 0 +++
32035 +++ exited with 0 +++
32024 +++ exited with 0 +++
32019 +++ exited with 0 +++
32028 +++ exited with 0 +++
32029 +++ exited with 0 +++
32032 +++ exited with 0 +++
32018 +++ exited with 0 +++
32026 +++ exited with 0 +++
32021 +++ exited with 0 +++
32013 +++ exited with 0 +++
32012 +++ exited with 0 +++
32049 sendfile(110, 87, NULL, 1739)     = 1739
32055 sendfile(111, 93, NULL, 1224)     = 1224
32062 sendfile(112, 98, NULL, 641)      = 641
32051 sendfile(113, 91, NULL, 915)      = 915
32060 sendfile(115, 101, NULL, 500 <unfinished ...>
32066 sendfile(116, 103, NULL, 270 <unfinished ...>
32060 <... sendfile resumed> )          = 500
32066 <... sendfile resumed> )          = 270
32047 sendfile(117, 109, NULL, 7140)    = 7140
32059 sendfile(114, 97, NULL, 733)      = 733
32062 socket(PF_INET, SOCK_DGRAM|SOCK_NONBLOCK, IPPROTO_IP) = 90
32062 connect(90, {sa_family=AF_INET, sin_port=htons(53), sin_addr=inet_addr("127.0.1.1")}, 16) = 0
32062 sendmmsg(90, {{{msg_name(0)=NULL, msg_iov(1)=[{"\215t\1\0\0\1\0\0\0\0\0\0\5index\10rubygems\3org\0"..., 36}], msg_controllen=0, msg_flags=0}, 36}, {{msg_name(0)=NULL, msg_iov(1)=[{"\301x\1\0\0\1\0\0\0\0\0\0\5index\10rubygems\3org\0"..., 36}], msg_controllen=0, msg_flags=0}, 36}}, 2, MSG_NOSIGNAL) = 2
32068 sendfile(89, 86, NULL, 839)       = 839
32066 socket(PF_INET, SOCK_DGRAM|SOCK_NONBLOCK, IPPROTO_IP) = 87
32066 connect(87, {sa_family=AF_INET, sin_port=htons(53), sin_addr=inet_addr("127.0.1.1")}, 16) = 0
32066 sendmmsg(87, {{{msg_name(0)=NULL, msg_iov(1)=[{"\342\351\1\0\0\1\0\0\0\0\0\0\5index\10rubygems\3org\0"..., 36}], msg_controllen=0, msg_flags=0}, 36}, {{msg_name(0)=NULL, msg_iov(1)=[{"\375b\1\0\0\1\0\0\0\0\0\0\5index\10rubygems\3org\0"..., 36}], msg_controllen=0, msg_flags=0}, 36}}, 2, MSG_NOSIGNAL) = 2
32071 sendfile(98, 85, NULL, 732)       = 732
32049 socket(PF_INET, SOCK_DGRAM|SOCK_NONBLOCK, IPPROTO_IP) = 96
32049 connect(96, {sa_family=AF_INET, sin_port=htons(53), sin_addr=inet_addr("127.0.1.1")}, 16) = 0
32049 sendmmsg(96, {{{msg_name(0)=NULL, msg_iov(1)=[{"j\266\1\0\0\1\0\0\0\0\0\0\5index\10rubygems\3org\0"..., 36}], msg_controllen=0, msg_flags=0}, 36}, {{msg_name(0)=NULL, msg_iov(1)=[{"1\366\1\0\0\1\0\0\0\0\0\0\5index\10rubygems\3org\0"..., 36}], msg_controllen=0, msg_flags=0}, 36}}, 2, MSG_NOSIGNAL) = 2
32059 socket(PF_INET, SOCK_DGRAM|SOCK_NONBLOCK, IPPROTO_IP) = 88
32059 connect(88, {sa_family=AF_INET, sin_port=htons(53), sin_addr=inet_addr("127.0.1.1")}, 16) = 0
32059 sendmmsg(88, {{{msg_name(0)=NULL, msg_iov(1)=[{"\252\370\1\0\0\1\0\0\0\0\0\0\5index\10rubygems\3org\0"..., 36}], msg_controllen=0, msg_flags=0}, 36}, {{msg_name(0)=NULL, msg_iov(1)=[{"\316|\1\0\0\1\0\0\0\0\0\0\5index\10rubygems\3org\0"..., 36}], msg_controllen=0, msg_flags=0}, 36}}, 2, MSG_NOSIGNAL) = 2
32051 socket(PF_INET, SOCK_DGRAM|SOCK_NONBLOCK, IPPROTO_IP) = 91
32051 connect(91, {sa_family=AF_INET, sin_port=htons(53), sin_addr=inet_addr("127.0.1.1")}, 16) = 0
32051 sendmmsg(91, {{{msg_name(0)=NULL, msg_iov(1)=[{"\253<\1\0\0\1\0\0\0\0\0\0\5index\10rubygems\3org\0"..., 36}], msg_controllen=0, msg_flags=0}, 36}, {{msg_name(0)=NULL, msg_iov(1)=[{"\217\4\1\0\0\1\0\0\0\0\0\0\5index\10rubygems\3org\0"..., 36}], msg_controllen=0, msg_flags=0}, 36}}, 2, MSG_NOSIGNAL) = 2
32061 sendfile(100, 99, NULL, 7384)     = 7384
32055 socket(PF_INET, SOCK_DGRAM|SOCK_NONBLOCK, IPPROTO_IP) = 92
32055 connect(92, {sa_family=AF_INET, sin_port=htons(53), sin_addr=inet_addr("127.0.1.1")}, 16) = 0
32055 sendmmsg(92, {{{msg_name(0)=NULL, msg_iov(1)=[{"jf\1\0\0\1\0\0\0\0\0\0\5index\10rubygems\3org\0"..., 36}], msg_controllen=0, msg_flags=0}, 36}, {{msg_name(0)=NULL, msg_iov(1)=[{"\214W\1\0\0\1\0\0\0\0\0\0\5index\10rubygems\3org\0"..., 36}], msg_controllen=0, msg_flags=0}, 36}}, 2, MSG_NOSIGNAL) = 2
32060 socket(PF_INET, SOCK_DGRAM|SOCK_NONBLOCK, IPPROTO_IP) = 85
32060 connect(85, {sa_family=AF_INET, sin_port=htons(53), sin_addr=inet_addr("127.0.1.1")}, 16) = 0
32060 sendmmsg(85, {{{msg_name(0)=NULL, msg_iov(1)=[{"\317\376\1\0\0\1\0\0\0\0\0\0\5index\10rubygems\3org\0"..., 36}], msg_controllen=0, msg_flags=0}, 36}, {{msg_name(0)=NULL, msg_iov(1)=[{"<\207\1\0\0\1\0\0\0\0\0\0\5index\10rubygems\3org\0"..., 36}], msg_controllen=0, msg_flags=0}, 36}}, 2, MSG_NOSIGNAL) = 2
32047 socket(PF_INET, SOCK_DGRAM|SOCK_NONBLOCK, IPPROTO_IP) = 86
32047 connect(86, {sa_family=AF_INET, sin_port=htons(53), sin_addr=inet_addr("127.0.1.1")}, 16) = 0
32047 sendmmsg(86, {{{msg_name(0)=NULL, msg_iov(1)=[{"j\346\1\0\0\1\0\0\0\0\0\0\5index\10rubygems\3org\0"..., 36}], msg_controllen=0, msg_flags=0}, 36}, {{msg_name(0)=NULL, msg_iov(1)=[{"\273V\1\0\0\1\0\0\0\0\0\0\5index\10rubygems\3org\0"..., 36}], msg_controllen=0, msg_flags=0}, 36}}, 2, MSG_NOSIGNAL) = 2
32068 socket(PF_INET, SOCK_DGRAM|SOCK_NONBLOCK, IPPROTO_IP) = 89
32068 connect(89, {sa_family=AF_INET, sin_port=htons(53), sin_addr=inet_addr("127.0.1.1")}, 16) = 0
32068 sendmmsg(89, {{{msg_name(0)=NULL, msg_iov(1)=[{"\303|\1\0\0\1\0\0\0\0\0\0\5index\10rubygems\3org\0"..., 36}], msg_controllen=0, msg_flags=0}, 36}, {{msg_name(0)=NULL, msg_iov(1)=[{"\5\206\1\0\0\1\0\0\0\0\0\0\5index\10rubygems\3org\0"..., 36}], msg_controllen=0, msg_flags=0}, 36}}, 2, MSG_NOSIGNAL) = 2
32061 socket(PF_INET, SOCK_DGRAM|SOCK_NONBLOCK, IPPROTO_IP) = 93
32061 connect(93, {sa_family=AF_INET, sin_port=htons(53), sin_addr=inet_addr("127.0.1.1")}, 16) = 0
32061 sendmmsg(93, {{{msg_name(0)=NULL, msg_iov(1)=[{"\375Y\1\0\0\1\0\0\0\0\0\0\5index\10rubygems\3org\0"..., 36}], msg_controllen=0, msg_flags=0}, 36}, {{msg_name(0)=NULL, msg_iov(1)=[{"\371>\1\0\0\1\0\0\0\0\0\0\5index\10rubygems\3org\0"..., 36}], msg_controllen=0, msg_flags=0}, 36}}, 2, MSG_NOSIGNAL) = 2
32071 socket(PF_INET, SOCK_DGRAM|SOCK_NONBLOCK, IPPROTO_IP) = 94
32071 connect(94, {sa_family=AF_INET, sin_port=htons(53), sin_addr=inet_addr("127.0.1.1")}, 16) = 0
32071 sendmmsg(94, {{{msg_name(0)=NULL, msg_iov(1)=[{"}\370\1\0\0\1\0\0\0\0\0\0\5index\10rubygems\3org\0"..., 36}], msg_controllen=0, msg_flags=0}, 36}, {{msg_name(0)=NULL, msg_iov(1)=[{"\251{\1\0\0\1\0\0\0\0\0\0\5index\10rubygems\3org\0"..., 36}], msg_controllen=0, msg_flags=0}, 36}}, 2, MSG_NOSIGNAL) = 2
32066 recvfrom(87, "\375b\201\200\0\1\0\2\0\1\0\0\5index\10rubygems\3org\0"..., 2048, 0, {sa_family=AF_INET, sin_port=htons(53), sin_addr=inet_addr("127.0.1.1")}, [16]) = 185
32066 recvfrom(87,  <unfinished ...>
32062 recvfrom(90,  <unfinished ...>
32066 <... recvfrom resumed> "\342\351\201\200\0\1\0\3\0\0\0\0\5index\10rubygems\3org\0"..., 65536, 0, {sa_family=AF_INET, sin_port=htons(53), sin_addr=inet_addr("127.0.1.1")}, [16]) = 130
32062 <... recvfrom resumed> "\215t\201\200\0\1\0\3\0\0\0\0\5index\10rubygems\3org\0"..., 2048, 0, {sa_family=AF_INET, sin_port=htons(53), sin_addr=inet_addr("127.0.1.1")}, [16]) = 130
32059 recvfrom(88, "\252\370\201\200\0\1\0\3\0\0\0\0\5index\10rubygems\3org\0"..., 2048, 0, {sa_family=AF_INET, sin_port=htons(53), sin_addr=inet_addr("127.0.1.1")}, [16]) = 130
32066 socket(PF_INET, SOCK_STREAM|SOCK_CLOEXEC, IPPROTO_TCP) = 87
32066 connect(87, {sa_family=AF_INET, sin_port=htons(443), sin_addr=inet_addr("151.101.24.70")}, 16 <unfinished ...>
32049 recvfrom(96,  <unfinished ...>
32062 recvfrom(90,  <unfinished ...>
32049 <... recvfrom resumed> "j\266\201\200\0\1\0\3\0\0\0\0\5index\10rubygems\3org\0"..., 2048, 0, {sa_family=AF_INET, sin_port=htons(53), sin_addr=inet_addr("127.0.1.1")}, [16]) = 130
32062 <... recvfrom resumed> "\301x\201\200\0\1\0\2\0\1\0\0\5index\10rubygems\3org\0"..., 65536, 0, {sa_family=AF_INET, sin_port=htons(53), sin_addr=inet_addr("127.0.1.1")}, [16]) = 185
32062 socket(PF_INET, SOCK_STREAM|SOCK_CLOEXEC, IPPROTO_TCP) = 90
32062 connect(90, {sa_family=AF_INET, sin_port=htons(443), sin_addr=inet_addr("151.101.24.70")}, 16 <unfinished ...>
32049 recvfrom(96, "1\366\201\200\0\1\0\2\0\1\0\0\5index\10rubygems\3org\0"..., 65536, 0, {sa_family=AF_INET, sin_port=htons(53), sin_addr=inet_addr("127.0.1.1")}, [16]) = 185
32049 socket(PF_INET, SOCK_STREAM|SOCK_CLOEXEC, IPPROTO_TCP) = 95
32049 connect(95, {sa_family=AF_INET, sin_port=htons(443), sin_addr=inet_addr("151.101.24.70")}, 16 <unfinished ...>
32051 recvfrom(91, "\217\4\201\200\0\1\0\2\0\1\0\0\5index\10rubygems\3org\0"..., 2048, 0, {sa_family=AF_INET, sin_port=htons(53), sin_addr=inet_addr("127.0.1.1")}, [16]) = 185
32060 recvfrom(85, "\317\376\201\200\0\1\0\3\0\0\0\0\5index\10rubygems\3org\0"..., 2048, 0, {sa_family=AF_INET, sin_port=htons(53), sin_addr=inet_addr("127.0.1.1")}, [16]) = 130
32059 recvfrom(88, "\316|\201\200\0\1\0\2\0\1\0\0\5index\10rubygems\3org\0"..., 65536, 0, {sa_family=AF_INET, sin_port=htons(53), sin_addr=inet_addr("127.0.1.1")}, [16]) = 185
32055 recvfrom(92, "jf\201\200\0\1\0\3\0\0\0\0\5index\10rubygems\3org\0"..., 2048, 0, {sa_family=AF_INET, sin_port=htons(53), sin_addr=inet_addr("127.0.1.1")}, [16]) = 130
32059 socket(PF_INET, SOCK_STREAM|SOCK_CLOEXEC, IPPROTO_TCP) = 88
32059 connect(88, {sa_family=AF_INET, sin_port=htons(443), sin_addr=inet_addr("151.101.24.70")}, 16 <unfinished ...>
32055 recvfrom(92,  <unfinished ...>
32051 recvfrom(91,  <unfinished ...>
32055 <... recvfrom resumed> "\214W\201\200\0\1\0\2\0\1\0\0\5index\10rubygems\3org\0"..., 65536, 0, {sa_family=AF_INET, sin_port=htons(53), sin_addr=inet_addr("127.0.1.1")}, [16]) = 185
32051 <... recvfrom resumed> "\253<\201\200\0\1\0\3\0\0\0\0\5index\10rubygems\3org\0"..., 65536, 0, {sa_family=AF_INET, sin_port=htons(53), sin_addr=inet_addr("127.0.1.1")}, [16]) = 130
32051 socket(PF_INET, SOCK_STREAM|SOCK_CLOEXEC, IPPROTO_TCP) = 91
32051 connect(91, {sa_family=AF_INET, sin_port=htons(443), sin_addr=inet_addr("151.101.24.70")}, 16 <unfinished ...>
32055 socket(PF_INET, SOCK_STREAM|SOCK_CLOEXEC, IPPROTO_TCP) = 92
32055 connect(92, {sa_family=AF_INET, sin_port=htons(443), sin_addr=inet_addr("151.101.24.70")}, 16 <unfinished ...>
32047 recvfrom(86, "j\346\201\200\0\1\0\3\0\0\0\0\5index\10rubygems\3org\0"..., 2048, 0, {sa_family=AF_INET, sin_port=htons(53), sin_addr=inet_addr("127.0.1.1")}, [16]) = 130
32068 recvfrom(89, "\303|\201\200\0\1\0\3\0\0\0\0\5index\10rubygems\3org\0"..., 2048, 0, {sa_family=AF_INET, sin_port=htons(53), sin_addr=inet_addr("127.0.1.1")}, [16]) = 130
32061 recvfrom(93,  <unfinished ...>
32068 recvfrom(89,  <unfinished ...>
32061 <... recvfrom resumed> "\375Y\201\200\0\1\0\3\0\0\0\0\5index\10rubygems\3org\0"..., 2048, 0, {sa_family=AF_INET, sin_port=htons(53), sin_addr=inet_addr("127.0.1.1")}, [16]) = 130
32068 <... recvfrom resumed> "\5\206\201\200\0\1\0\2\0\1\0\0\5index\10rubygems\3org\0"..., 65536, 0, {sa_family=AF_INET, sin_port=htons(53), sin_addr=inet_addr("127.0.1.1")}, [16]) = 185
32060 recvfrom(85, "<\207\201\200\0\1\0\2\0\1\0\0\5index\10rubygems\3org\0"..., 65536, 0, {sa_family=AF_INET, sin_port=htons(53), sin_addr=inet_addr("127.0.1.1")}, [16]) = 185
32068 socket(PF_INET, SOCK_STREAM|SOCK_CLOEXEC, IPPROTO_TCP) = 85
32061 recvfrom(93, "\371>\201\200\0\1\0\2\0\1\0\0\5index\10rubygems\3org\0"..., 65536, 0, {sa_family=AF_INET, sin_port=htons(53), sin_addr=inet_addr("127.0.1.1")}, [16]) = 185
32047 recvfrom(86, "\273V\201\200\0\1\0\2\0\1\0\0\5index\10rubygems\3org\0"..., 65536, 0, {sa_family=AF_INET, sin_port=htons(53), sin_addr=inet_addr("127.0.1.1")}, [16]) = 185
32068 connect(85, {sa_family=AF_INET, sin_port=htons(443), sin_addr=inet_addr("151.101.24.70")}, 16 <unfinished ...>
32061 socket(PF_INET, SOCK_STREAM|SOCK_CLOEXEC, IPPROTO_TCP) = 86
32061 connect(86, {sa_family=AF_INET, sin_port=htons(443), sin_addr=inet_addr("151.101.24.70")}, 16 <unfinished ...>
32060 socket(PF_INET, SOCK_STREAM|SOCK_CLOEXEC, IPPROTO_TCP) = 89
32060 connect(89, {sa_family=AF_INET, sin_port=htons(443), sin_addr=inet_addr("151.101.24.70")}, 16 <unfinished ...>
32047 socket(PF_INET, SOCK_STREAM|SOCK_CLOEXEC, IPPROTO_TCP) = 93
32047 connect(93, {sa_family=AF_INET, sin_port=htons(443), sin_addr=inet_addr("151.101.24.70")}, 16 <unfinished ...>
32066 <... connect resumed> )           = 0
32066 getsockname(87,  <unfinished ...>
32073 +++ exited with 0 +++
32066 <... getsockname resumed> {sa_family=AF_INET, sin_port=htons(56698), sin_addr=inet_addr("192.168.0.17")}, [16]) = 0
32066 setsockopt(87, SOL_TCP, TCP_NODELAY, [1], 4) = 0
32071 recvfrom(94, "}\370\201\200\0\1\0\3\0\0\0\0\5index\10rubygems\3org\0"..., 2048, 0, {sa_family=AF_INET, sin_port=htons(53), sin_addr=inet_addr("127.0.1.1")}, [16]) = 130
32071 recvfrom(94, "\251{\201\200\0\1\0\2\0\1\0\0\5index\10rubygems\3org\0"..., 65536, 0, {sa_family=AF_INET, sin_port=htons(53), sin_addr=inet_addr("127.0.1.1")}, [16]) = 185
32071 socket(PF_INET, SOCK_STREAM|SOCK_CLOEXEC, IPPROTO_TCP) = 94
32071 connect(94, {sa_family=AF_INET, sin_port=htons(443), sin_addr=inet_addr("151.101.24.70")}, 16 <unfinished ...>
32049 <... connect resumed> )           = 0
32049 getsockname(95, {sa_family=AF_INET, sin_port=htons(56702), sin_addr=inet_addr("192.168.0.17")}, [16]) = 0
32074 +++ exited with 0 +++
32049 setsockopt(95, SOL_TCP, TCP_NODELAY, [1], 4) = 0
32062 <... connect resumed> )           = 0
32051 <... connect resumed> )           = 0
32076 +++ exited with 0 +++
32062 getsockname(90, {sa_family=AF_INET, sin_port=htons(56700), sin_addr=inet_addr("192.168.0.17")}, [16]) = 0
32062 setsockopt(90, SOL_TCP, TCP_NODELAY, [1], 4 <unfinished ...>
32072 +++ exited with 0 +++
32062 <... setsockopt resumed> )        = 0
32051 getsockname(91, {sa_family=AF_INET, sin_port=htons(56706), sin_addr=inet_addr("192.168.0.17")}, [16]) = 0
32051 setsockopt(91, SOL_TCP, TCP_NODELAY, [1], 4) = 0
32059 <... connect resumed> )           = 0
32059 getsockname(88,  <unfinished ...>
32075 +++ exited with 0 +++
32059 <... getsockname resumed> {sa_family=AF_INET, sin_port=htons(56704), sin_addr=inet_addr("192.168.0.17")}, [16]) = 0
32059 setsockopt(88, SOL_TCP, TCP_NODELAY, [1], 4) = 0
32055 <... connect resumed> )           = 0
32055 getsockname(92,  <unfinished ...>
32077 +++ exited with 0 +++
32055 <... getsockname resumed> {sa_family=AF_INET, sin_port=htons(56708), sin_addr=inet_addr("192.168.0.17")}, [16]) = 0
32055 setsockopt(92, SOL_TCP, TCP_NODELAY, [1], 4) = 0
32068 <... connect resumed> )           = 0
32068 getsockname(85,  <unfinished ...>
32080 +++ exited with 0 +++
32068 <... getsockname resumed> {sa_family=AF_INET, sin_port=htons(56710), sin_addr=inet_addr("192.168.0.17")}, [16]) = 0
32068 setsockopt(85, SOL_TCP, TCP_NODELAY, [1], 4) = 0
32060 <... connect resumed> )           = 0
32060 getsockname(89,  <unfinished ...>
32078 +++ exited with 0 +++
32060 <... getsockname resumed> {sa_family=AF_INET, sin_port=htons(56714), sin_addr=inet_addr("192.168.0.17")}, [16]) = 0
32060 setsockopt(89, SOL_TCP, TCP_NODELAY, [1], 4) = 0
32047 <... connect resumed> )           = 0
32047 getsockname(93,  <unfinished ...>
32079 +++ exited with 0 +++
32047 <... getsockname resumed> {sa_family=AF_INET, sin_port=htons(56716), sin_addr=inet_addr("192.168.0.17")}, [16]) = 0
32047 setsockopt(93, SOL_TCP, TCP_NODELAY, [1], 4) = 0
32061 <... connect resumed> )           = 0
32081 +++ exited with 0 +++
32061 getsockname(86, {sa_family=AF_INET, sin_port=htons(56712), sin_addr=inet_addr("192.168.0.17")}, [16]) = 0
32061 setsockopt(86, SOL_TCP, TCP_NODELAY, [1], 4) = 0
32071 <... connect resumed> )           = 0
32071 getsockname(94,  <unfinished ...>
32082 +++ exited with 0 +++
32071 <... getsockname resumed> {sa_family=AF_INET, sin_port=htons(56718), sin_addr=inet_addr("192.168.0.17")}, [16]) = 0
32071 setsockopt(94, SOL_TCP, TCP_NODELAY, [1], 4) = 0
32049 setsockopt(95, SOL_TCP, TCP_NODELAY, [1], 4) = 0
32066 setsockopt(87, SOL_TCP, TCP_NODELAY, [1], 4) = 0
32051 setsockopt(91, SOL_TCP, TCP_NODELAY, [1], 4) = 0
32062 setsockopt(90, SOL_TCP, TCP_NODELAY, [1], 4) = 0
32068 setsockopt(85, SOL_TCP, TCP_NODELAY, [1], 4) = 0
32059 setsockopt(88, SOL_TCP, TCP_NODELAY, [1], 4) = 0
32055 setsockopt(92, SOL_TCP, TCP_NODELAY, [1], 4) = 0
32060 setsockopt(89, SOL_TCP, TCP_NODELAY, [1], 4) = 0
32047 setsockopt(93, SOL_TCP, TCP_NODELAY, [1], 4) = 0
32061 setsockopt(86, SOL_TCP, TCP_NODELAY, [1], 4) = 0
32071 setsockopt(94, SOL_TCP, TCP_NODELAY, [1], 4) = 0
32070 +++ exited with 0 +++
32065 +++ exited with 0 +++
32067 +++ exited with 0 +++
32052 +++ exited with 0 +++
32064 +++ exited with 0 +++
32066 +++ exited with 0 +++
32051 +++ exited with 0 +++
32062 +++ exited with 0 +++
32058 +++ exited with 0 +++
32068 +++ exited with 0 +++
32059 +++ exited with 0 +++
32057 +++ exited with 0 +++
32056 +++ exited with 0 +++
32048 +++ exited with 0 +++
32049 +++ exited with 0 +++
32071 +++ exited with 0 +++
32047 +++ exited with 0 +++
32069 +++ exited with 0 +++
32063 +++ exited with 0 +++
32053 +++ exited with 0 +++
32050 +++ exited with 0 +++
32055 +++ exited with 0 +++
32060 +++ exited with 0 +++
32061 +++ exited with 0 +++
32054 +++ exited with 0 +++
32101 sendfile(111, 96, NULL, 2507)     = 2507
32093 sendfile(112, 101, NULL, 2285)    = 2285
32103 sendfile(113, 110, NULL, 2147)    = 2147
32102 sendfile(114, 107, NULL, 565)     = 565
32087 sendfile(115, 97, NULL, 1676)     = 1676
32092 sendfile(111, 100, NULL, 1874)    = 1874
32104 sendfile(117, 109, NULL, 841)     = 841
32105 sendfile(118, 108, NULL, 2027)    = 2027
32085 sendfile(116, 99, NULL, 864)      = 864
32100 sendfile(112, 106, NULL, 326)     = 326
32090 sendfile(119, 98, NULL, 1243)     = 1243
32104 socket(PF_INET, SOCK_DGRAM|SOCK_NONBLOCK, IPPROTO_IP) = 99
32104 connect(99, {sa_family=AF_INET, sin_port=htons(53), sin_addr=inet_addr("127.0.1.1")}, 16) = 0
32104 sendmmsg(99, {{{msg_name(0)=NULL, msg_iov(1)=[{")7\1\0\0\1\0\0\0\0\0\0\5index\10rubygems\3org\0"..., 36}], msg_controllen=0, msg_flags=0}, 36}, {{msg_name(0)=NULL, msg_iov(1)=[{"!\375\1\0\0\1\0\0\0\0\0\0\5index\10rubygems\3org\0"..., 36}], msg_controllen=0, msg_flags=0}, 36}}, 2, MSG_NOSIGNAL) = 2
32103 socket(PF_INET, SOCK_DGRAM|SOCK_NONBLOCK, IPPROTO_IP) = 102
32103 connect(102, {sa_family=AF_INET, sin_port=htons(53), sin_addr=inet_addr("127.0.1.1")}, 16) = 0
32103 sendmmsg(102, {{{msg_name(0)=NULL, msg_iov(1)=[{"\251\323\1\0\0\1\0\0\0\0\0\0\5index\10rubygems\3org\0"..., 36}], msg_controllen=0, msg_flags=0}, 36}, {{msg_name(0)=NULL, msg_iov(1)=[{"E2\1\0\0\1\0\0\0\0\0\0\5index\10rubygems\3org\0"..., 36}], msg_controllen=0, msg_flags=0}, 36}}, 2, MSG_NOSIGNAL) = 2
32092 socket(PF_INET, SOCK_DGRAM|SOCK_NONBLOCK, IPPROTO_IP) = 100
32092 connect(100, {sa_family=AF_INET, sin_port=htons(53), sin_addr=inet_addr("127.0.1.1")}, 16) = 0
32092 sendmmsg(100, {{{msg_name(0)=NULL, msg_iov(1)=[{"}\220\1\0\0\1\0\0\0\0\0\0\5index\10rubygems\3org\0"..., 36}], msg_controllen=0, msg_flags=0}, 36}, {{msg_name(0)=NULL, msg_iov(1)=[{"\241\253\1\0\0\1\0\0\0\0\0\0\5index\10rubygems\3org\0"..., 36}], msg_controllen=0, msg_flags=0}, 36}}, 2, MSG_NOSIGNAL) = 2
32105 socket(PF_INET, SOCK_DGRAM|SOCK_NONBLOCK, IPPROTO_IP) = 96
32105 connect(96, {sa_family=AF_INET, sin_port=htons(53), sin_addr=inet_addr("127.0.1.1")}, 16) = 0
32105 sendmmsg(96, {{{msg_name(0)=NULL, msg_iov(1)=[{"+\255\1\0\0\1\0\0\0\0\0\0\5index\10rubygems\3org\0"..., 36}], msg_controllen=0, msg_flags=0}, 36}, {{msg_name(0)=NULL, msg_iov(1)=[{"\255\346\1\0\0\1\0\0\0\0\0\0\5index\10rubygems\3org\0"..., 36}], msg_controllen=0, msg_flags=0}, 36}}, 2, MSG_NOSIGNAL) = 2
32101 socket(PF_INET, SOCK_DGRAM|SOCK_NONBLOCK, IPPROTO_IP) = 98
32101 connect(98, {sa_family=AF_INET, sin_port=htons(53), sin_addr=inet_addr("127.0.1.1")}, 16) = 0
32101 sendmmsg(98, {{{msg_name(0)=NULL, msg_iov(1)=[{"a\232\1\0\0\1\0\0\0\0\0\0\5index\10rubygems\3org\0"..., 36}], msg_controllen=0, msg_flags=0}, 36}, {{msg_name(0)=NULL, msg_iov(1)=[{"\375\276\1\0\0\1\0\0\0\0\0\0\5index\10rubygems\3org\0"..., 36}], msg_controllen=0, msg_flags=0}, 36}}, 2, MSG_NOSIGNAL) = 2
32090 socket(PF_INET, SOCK_DGRAM|SOCK_NONBLOCK, IPPROTO_IP) = 101
32090 connect(101, {sa_family=AF_INET, sin_port=htons(53), sin_addr=inet_addr("127.0.1.1")}, 16) = 0
32090 sendmmsg(101, {{{msg_name(0)=NULL, msg_iov(1)=[{"\203\347\1\0\0\1\0\0\0\0\0\0\5index\10rubygems\3org\0"..., 36}], msg_controllen=0, msg_flags=0}, 36}, {{msg_name(0)=NULL, msg_iov(1)=[{"\37Y\1\0\0\1\0\0\0\0\0\0\5index\10rubygems\3org\0"..., 36}], msg_controllen=0, msg_flags=0}, 36}}, 2, MSG_NOSIGNAL) = 2
32093 socket(PF_INET, SOCK_DGRAM|SOCK_NONBLOCK, IPPROTO_IP) = 103
32093 connect(103, {sa_family=AF_INET, sin_port=htons(53), sin_addr=inet_addr("127.0.1.1")}, 16) = 0
32093 sendmmsg(103, {{{msg_name(0)=NULL, msg_iov(1)=[{"=\f\1\0\0\1\0\0\0\0\0\0\5index\10rubygems\3org\0"..., 36}], msg_controllen=0, msg_flags=0}, 36}, {{msg_name(0)=NULL, msg_iov(1)=[{"\243\243\1\0\0\1\0\0\0\0\0\0\5index\10rubygems\3org\0"..., 36}], msg_controllen=0, msg_flags=0}, 36}}, 2, MSG_NOSIGNAL) = 2
32102 socket(PF_INET, SOCK_DGRAM|SOCK_NONBLOCK, IPPROTO_IP) = 105
32102 connect(105, {sa_family=AF_INET, sin_port=htons(53), sin_addr=inet_addr("127.0.1.1")}, 16) = 0
32102 sendmmsg(105, {{{msg_name(0)=NULL, msg_iov(1)=[{"\10O\1\0\0\1\0\0\0\0\0\0\5index\10rubygems\3org\0"..., 36}], msg_controllen=0, msg_flags=0}, 36}, {{msg_name(0)=NULL, msg_iov(1)=[{"o)\1\0\0\1\0\0\0\0\0\0\5index\10rubygems\3org\0"..., 36}], msg_controllen=0, msg_flags=0}, 36}}, 2, MSG_NOSIGNAL) = 2
32085 socket(PF_INET, SOCK_DGRAM|SOCK_NONBLOCK, IPPROTO_IP) = 97
32085 connect(97, {sa_family=AF_INET, sin_port=htons(53), sin_addr=inet_addr("127.0.1.1")}, 16) = 0
32085 sendmmsg(97, {{{msg_name(0)=NULL, msg_iov(1)=[{"\375K\1\0\0\1\0\0\0\0\0\0\5index\10rubygems\3org\0"..., 36}], msg_controllen=0, msg_flags=0}, 36}, {{msg_name(0)=NULL, msg_iov(1)=[{"?!\1\0\0\1\0\0\0\0\0\0\5index\10rubygems\3org\0"..., 36}], msg_controllen=0, msg_flags=0}, 36}}, 2, MSG_NOSIGNAL) = 2
32087 socket(PF_INET, SOCK_DGRAM|SOCK_NONBLOCK, IPPROTO_IP) = 104
32087 connect(104, {sa_family=AF_INET, sin_port=htons(53), sin_addr=inet_addr("127.0.1.1")}, 16) = 0
32087 sendmmsg(104, {{{msg_name(0)=NULL, msg_iov(1)=[{"Z\177\1\0\0\1\0\0\0\0\0\0\5index\10rubygems\3org\0"..., 36}], msg_controllen=0, msg_flags=0}, 36}, {{msg_name(0)=NULL, msg_iov(1)=[{"\202\210\1\0\0\1\0\0\0\0\0\0\5index\10rubygems\3org\0"..., 36}], msg_controllen=0, msg_flags=0}, 36}}, 2, MSG_NOSIGNAL) = 2
32100 socket(PF_INET, SOCK_DGRAM|SOCK_NONBLOCK, IPPROTO_IP) = 106
32100 connect(106, {sa_family=AF_INET, sin_port=htons(53), sin_addr=inet_addr("127.0.1.1")}, 16) = 0
32100 sendmmsg(106, {{{msg_name(0)=NULL, msg_iov(1)=[{"\22\337\1\0\0\1\0\0\0\0\0\0\5index\10rubygems\3org\0"..., 36}], msg_controllen=0, msg_flags=0}, 36}, {{msg_name(0)=NULL, msg_iov(1)=[{"rG\1\0\0\1\0\0\0\0\0\0\5index\10rubygems\3org\0"..., 36}], msg_controllen=0, msg_flags=0}, 36}}, 2, MSG_NOSIGNAL) = 2
32104 recvfrom(99, ")7\201\200\0\1\0\3\0\0\0\0\5index\10rubygems\3org\0"..., 2048, 0, {sa_family=AF_INET, sin_port=htons(53), sin_addr=inet_addr("127.0.1.1")}, [16]) = 130
32103 recvfrom(102,  <unfinished ...>
32105 recvfrom(96,  <unfinished ...>
32103 <... recvfrom resumed> "\251\323\201\200\0\1\0\3\0\0\0\0\5index\10rubygems\3org\0"..., 2048, 0, {sa_family=AF_INET, sin_port=htons(53), sin_addr=inet_addr("127.0.1.1")}, [16]) = 130
32105 <... recvfrom resumed> "+\255\201\200\0\1\0\3\0\0\0\0\5index\10rubygems\3org\0"..., 2048, 0, {sa_family=AF_INET, sin_port=htons(53), sin_addr=inet_addr("127.0.1.1")}, [16]) = 130
32104 recvfrom(99, "!\375\201\200\0\1\0\2\0\1\0\0\5index\10rubygems\3org\0"..., 65536, 0, {sa_family=AF_INET, sin_port=htons(53), sin_addr=inet_addr("127.0.1.1")}, [16]) = 185
32105 recvfrom(96, "\255\346\201\200\0\1\0\2\0\1\0\0\5index\10rubygems\3org\0"..., 65536, 0, {sa_family=AF_INET, sin_port=htons(53), sin_addr=inet_addr("127.0.1.1")}, [16]) = 185
32104 socket(PF_INET, SOCK_STREAM|SOCK_CLOEXEC, IPPROTO_TCP) = 96
32104 connect(96, {sa_family=AF_INET, sin_port=htons(443), sin_addr=inet_addr("151.101.24.70")}, 16 <unfinished ...>
32105 socket(PF_INET, SOCK_STREAM|SOCK_CLOEXEC, IPPROTO_TCP) = 99
32103 recvfrom(102,  <unfinished ...>
32105 connect(99, {sa_family=AF_INET, sin_port=htons(443), sin_addr=inet_addr("151.101.24.70")}, 16 <unfinished ...>
32103 <... recvfrom resumed> "E2\201\200\0\1\0\2\0\1\0\0\5index\10rubygems\3org\0"..., 65536, 0, {sa_family=AF_INET, sin_port=htons(53), sin_addr=inet_addr("127.0.1.1")}, [16]) = 185
32101 recvfrom(98, "a\232\201\200\0\1\0\3\0\0\0\0\5index\10rubygems\3org\0"..., 2048, 0, {sa_family=AF_INET, sin_port=htons(53), sin_addr=inet_addr("127.0.1.1")}, [16]) = 130
32103 socket(PF_INET, SOCK_STREAM|SOCK_CLOEXEC, IPPROTO_TCP <unfinished ...>
32092 recvfrom(100,  <unfinished ...>
32103 <... socket resumed> )            = 102
32092 <... recvfrom resumed> "}\220\201\200\0\1\0\3\0\0\0\0\5index\10rubygems\3org\0"..., 2048, 0, {sa_family=AF_INET, sin_port=htons(53), sin_addr=inet_addr("127.0.1.1")}, [16]) = 130
32103 connect(102, {sa_family=AF_INET, sin_port=htons(443), sin_addr=inet_addr("151.101.24.70")}, 16 <unfinished ...>
32101 recvfrom(98, "\375\276\201\200\0\1\0\2\0\1\0\0\5index\10rubygems\3org\0"..., 65536, 0, {sa_family=AF_INET, sin_port=htons(53), sin_addr=inet_addr("127.0.1.1")}, [16]) = 185
32101 socket(PF_INET, SOCK_STREAM|SOCK_CLOEXEC, IPPROTO_TCP <unfinished ...>
32092 recvfrom(100,  <unfinished ...>
32101 <... socket resumed> )            = 98
32092 <... recvfrom resumed> "\241\253\201\200\0\1\0\2\0\1\0\0\5index\10rubygems\3org\0"..., 65536, 0, {sa_family=AF_INET, sin_port=htons(53), sin_addr=inet_addr("127.0.1.1")}, [16]) = 185
32101 connect(98, {sa_family=AF_INET, sin_port=htons(443), sin_addr=inet_addr("151.101.24.70")}, 16 <unfinished ...>
32092 socket(PF_INET, SOCK_STREAM|SOCK_CLOEXEC, IPPROTO_TCP) = 100
32092 connect(100, {sa_family=AF_INET, sin_port=htons(443), sin_addr=inet_addr("151.101.24.70")}, 16 <unfinished ...>
32093 recvfrom(103, "=\f\201\200\0\1\0\3\0\0\0\0\5index\10rubygems\3org\0"..., 2048, 0, {sa_family=AF_INET, sin_port=htons(53), sin_addr=inet_addr("127.0.1.1")}, [16]) = 130
32102 recvfrom(105, "\10O\201\200\0\1\0\3\0\0\0\0\5index\10rubygems\3org\0"..., 2048, 0, {sa_family=AF_INET, sin_port=htons(53), sin_addr=inet_addr("127.0.1.1")}, [16]) = 130
32090 recvfrom(101,  <unfinished ...>
32093 recvfrom(103,  <unfinished ...>
32090 <... recvfrom resumed> "\203\347\201\200\0\1\0\3\0\0\0\0\5index\10rubygems\3org\0"..., 2048, 0, {sa_family=AF_INET, sin_port=htons(53), sin_addr=inet_addr("127.0.1.1")}, [16]) = 130
32093 <... recvfrom resumed> "\243\243\201\200\0\1\0\2\0\1\0\0\5index\10rubygems\3org\0"..., 65536, 0, {sa_family=AF_INET, sin_port=htons(53), sin_addr=inet_addr("127.0.1.1")}, [16]) = 185
32093 socket(PF_INET, SOCK_STREAM|SOCK_CLOEXEC, IPPROTO_TCP) = 103
32093 connect(103, {sa_family=AF_INET, sin_port=htons(443), sin_addr=inet_addr("151.101.24.70")}, 16 <unfinished ...>
32090 recvfrom(101, "\37Y\201\200\0\1\0\2\0\1\0\0\5index\10rubygems\3org\0"..., 65536, 0, {sa_family=AF_INET, sin_port=htons(53), sin_addr=inet_addr("127.0.1.1")}, [16]) = 185
32090 socket(PF_INET, SOCK_STREAM|SOCK_CLOEXEC, IPPROTO_TCP) = 101
32090 connect(101, {sa_family=AF_INET, sin_port=htons(443), sin_addr=inet_addr("151.101.24.70")}, 16 <unfinished ...>
32085 recvfrom(97, "\375K\201\200\0\1\0\3\0\0\0\0\5index\10rubygems\3org\0"..., 2048, 0, {sa_family=AF_INET, sin_port=htons(53), sin_addr=inet_addr("127.0.1.1")}, [16]) = 130
32087 recvfrom(104,  <unfinished ...>
32102 recvfrom(105,  <unfinished ...>
32087 <... recvfrom resumed> "Z\177\201\200\0\1\0\3\0\0\0\0\5index\10rubygems\3org\0"..., 2048, 0, {sa_family=AF_INET, sin_port=htons(53), sin_addr=inet_addr("127.0.1.1")}, [16]) = 130
32102 <... recvfrom resumed> "o)\201\200\0\1\0\2\0\1\0\0\5index\10rubygems\3org\0"..., 65536, 0, {sa_family=AF_INET, sin_port=htons(53), sin_addr=inet_addr("127.0.1.1")}, [16]) = 185
32087 recvfrom(104,  <unfinished ...>
32102 socket(PF_INET, SOCK_STREAM|SOCK_CLOEXEC, IPPROTO_TCP <unfinished ...>
32087 <... recvfrom resumed> "\202\210\201\200\0\1\0\2\0\1\0\0\5index\10rubygems\3org\0"..., 65536, 0, {sa_family=AF_INET, sin_port=htons(53), sin_addr=inet_addr("127.0.1.1")}, [16]) = 185
32102 <... socket resumed> )            = 105
32102 connect(105, {sa_family=AF_INET, sin_port=htons(443), sin_addr=inet_addr("151.101.24.70")}, 16 <unfinished ...>
32087 socket(PF_INET, SOCK_STREAM|SOCK_CLOEXEC, IPPROTO_TCP) = 104
32085 recvfrom(97,  <unfinished ...>
32087 connect(104, {sa_family=AF_INET, sin_port=htons(443), sin_addr=inet_addr("151.101.24.70")}, 16 <unfinished ...>
32085 <... recvfrom resumed> "?!\201\200\0\1\0\2\0\1\0\0\5index\10rubygems\3org\0"..., 65536, 0, {sa_family=AF_INET, sin_port=htons(53), sin_addr=inet_addr("127.0.1.1")}, [16]) = 185
32085 socket(PF_INET, SOCK_STREAM|SOCK_CLOEXEC, IPPROTO_TCP) = 97
32085 connect(97, {sa_family=AF_INET, sin_port=htons(443), sin_addr=inet_addr("151.101.24.70")}, 16 <unfinished ...>
32100 recvfrom(106, "rG\201\200\0\1\0\2\0\1\0\0\5index\10rubygems\3org\0"..., 2048, 0, {sa_family=AF_INET, sin_port=htons(53), sin_addr=inet_addr("127.0.1.1")}, [16]) = 185
32100 recvfrom(106, "\22\337\201\200\0\1\0\3\0\0\0\0\5index\10rubygems\3org\0"..., 65536, 0, {sa_family=AF_INET, sin_port=htons(53), sin_addr=inet_addr("127.0.1.1")}, [16]) = 130
32100 socket(PF_INET, SOCK_STREAM|SOCK_CLOEXEC, IPPROTO_TCP) = 106
32100 connect(106, {sa_family=AF_INET, sin_port=htons(443), sin_addr=inet_addr("151.101.24.70")}, 16 <unfinished ...>
32103 <... connect resumed> )           = 0
32109 +++ exited with 0 +++
32103 getsockname(102, {sa_family=AF_INET, sin_port=htons(56724), sin_addr=inet_addr("192.168.0.17")}, [16]) = 0
32103 setsockopt(102, SOL_TCP, TCP_NODELAY, [1], 4) = 0
32104 <... connect resumed> )           = 0
32092 <... connect resumed> )           = 0
32108 +++ exited with 0 +++
32104 getsockname(96, {sa_family=AF_INET, sin_port=htons(56720), sin_addr=inet_addr("192.168.0.17")}, [16]) = 0
32104 setsockopt(96, SOL_TCP, TCP_NODELAY, [1], 4) = 0
32092 getsockname(100,  <unfinished ...>
32110 +++ exited with 0 +++
32092 <... getsockname resumed> {sa_family=AF_INET, sin_port=htons(56728), sin_addr=inet_addr("192.168.0.17")}, [16]) = 0
32092 setsockopt(100, SOL_TCP, TCP_NODELAY, [1], 4) = 0
32090 <... connect resumed> )           = 0
32090 getsockname(101,  <unfinished ...>
32113 +++ exited with 0 +++
32090 <... getsockname resumed> {sa_family=AF_INET, sin_port=htons(56732), sin_addr=inet_addr("192.168.0.17")}, [16]) = 0
32090 setsockopt(101, SOL_TCP, TCP_NODELAY, [1], 4) = 0
32093 <... connect resumed> )           = 0
32093 getsockname(103,  <unfinished ...>
32114 +++ exited with 0 +++
32093 <... getsockname resumed> {sa_family=AF_INET, sin_port=htons(56730), sin_addr=inet_addr("192.168.0.17")}, [16]) = 0
32093 setsockopt(103, SOL_TCP, TCP_NODELAY, [1], 4) = 0
32105 <... connect resumed> )           = 0
32105 getsockname(99,  <unfinished ...>
32111 +++ exited with 0 +++
32105 <... getsockname resumed> {sa_family=AF_INET, sin_port=htons(56722), sin_addr=inet_addr("192.168.0.17")}, [16]) = 0
32105 setsockopt(99, SOL_TCP, TCP_NODELAY, [1], 4) = 0
32101 <... connect resumed> )           = 0
32102 <... connect resumed> )           = 0
32087 <... connect resumed> )           = 0
32115 +++ exited with 0 +++
32112 +++ exited with 0 +++
32102 getsockname(105, {sa_family=AF_INET, sin_port=htons(56734), sin_addr=inet_addr("192.168.0.17")}, [16]) = 0
32102 setsockopt(105, SOL_TCP, TCP_NODELAY, [1], 4) = 0
32101 getsockname(98, {sa_family=AF_INET, sin_port=htons(56726), sin_addr=inet_addr("192.168.0.17")}, [16]) = 0
32101 setsockopt(98, SOL_TCP, TCP_NODELAY, [1], 4) = 0
32087 getsockname(104,  <unfinished ...>
32117 +++ exited with 0 +++
32087 <... getsockname resumed> {sa_family=AF_INET, sin_port=htons(56736), sin_addr=inet_addr("192.168.0.17")}, [16]) = 0
32087 setsockopt(104, SOL_TCP, TCP_NODELAY, [1], 4) = 0
32085 <... connect resumed> )           = 0
32116 +++ exited with 0 +++
32085 getsockname(97, {sa_family=AF_INET, sin_port=htons(56738), sin_addr=inet_addr("192.168.0.17")}, [16]) = 0
32085 setsockopt(97, SOL_TCP, TCP_NODELAY, [1], 4) = 0
32100 <... connect resumed> )           = 0
32100 getsockname(106,  <unfinished ...>
32118 +++ exited with 0 +++
32100 <... getsockname resumed> {sa_family=AF_INET, sin_port=htons(56740), sin_addr=inet_addr("192.168.0.17")}, [16]) = 0
32100 setsockopt(106, SOL_TCP, TCP_NODELAY, [1], 4) = 0
32103 setsockopt(102, SOL_TCP, TCP_NODELAY, [1], 4) = 0
32104 setsockopt(96, SOL_TCP, TCP_NODELAY, [1], 4) = 0
32092 setsockopt(100, SOL_TCP, TCP_NODELAY, [1], 4) = 0
32090 setsockopt(101, SOL_TCP, TCP_NODELAY, [1], 4) = 0
32087 setsockopt(104, SOL_TCP, TCP_NODELAY, [1], 4) = 0
32102 setsockopt(105, SOL_TCP, TCP_NODELAY, [1], 4) = 0
32093 setsockopt(103, SOL_TCP, TCP_NODELAY, [1], 4) = 0
32085 setsockopt(97, SOL_TCP, TCP_NODELAY, [1], 4) = 0
32100 setsockopt(106, SOL_TCP, TCP_NODELAY, [1], 4) = 0
32101 setsockopt(98, SOL_TCP, TCP_NODELAY, [1], 4) = 0
32105 setsockopt(99, SOL_TCP, TCP_NODELAY, [1], 4) = 0
32107 +++ exited with 0 +++
32099 +++ exited with 0 +++
32087 +++ exited with 0 +++
32086 +++ exited with 0 +++
32097 +++ exited with 0 +++
32096 +++ exited with 0 +++
32103 +++ exited with 0 +++
32094 +++ exited with 0 +++
32095 +++ exited with 0 +++
32093 +++ exited with 0 +++
32085 +++ exited with 0 +++
32084 +++ exited with 0 +++
32100 +++ exited with 0 +++
32101 +++ exited with 0 +++
32105 +++ exited with 0 +++
32091 +++ exited with 0 +++
32104 +++ exited with 0 +++
32090 +++ exited with 0 +++
32089 +++ exited with 0 +++
32088 +++ exited with 0 +++
32106 +++ exited with 0 +++
32098 +++ exited with 0 +++
32102 +++ exited with 0 +++
32092 +++ exited with 0 +++
32083 +++ exited with 0 +++
32123 sendfile(117, 111, NULL, 4241)    = 4241
32144 sendfile(118, 107, NULL, 679)     = 679
32121 sendfile(112, 108, NULL, 95)      = 95
32124 sendfile(122, 109, NULL, 1580)    = 1580
32120 sendfile(120, 114, NULL, 957 <unfinished ...>
32130 sendfile(121, 116, NULL, 112 <unfinished ...>
32120 <... sendfile resumed> )          = 957
32130 <... sendfile resumed> )          = 112
32122 sendfile(117, 113, NULL, 208)     = 208
32129 sendfile(112, 115, NULL, 118)     = 118
32144 socket(PF_INET, SOCK_DGRAM|SOCK_NONBLOCK, IPPROTO_IP) = 107
32144 connect(107, {sa_family=AF_INET, sin_port=htons(53), sin_addr=inet_addr("127.0.1.1")}, 16) = 0
32144 sendmmsg(107, {{{msg_name(0)=NULL, msg_iov(1)=[{"\320I\1\0\0\1\0\0\0\0\0\0\5index\10rubygems\3org\0"..., 36}], msg_controllen=0, msg_flags=0}, 36}, {{msg_name(0)=NULL, msg_iov(1)=[{"\321!\1\0\0\1\0\0\0\0\0\0\5index\10rubygems\3org\0"..., 36}], msg_controllen=0, msg_flags=0}, 36}}, 2, MSG_NOSIGNAL) = 2
32121 socket(PF_INET, SOCK_DGRAM|SOCK_NONBLOCK, IPPROTO_IP) = 108
