31436 <... connect resumed> )           = 0
31457 +++ exited with 0 +++
31436 getsockname(20, {sa_family=AF_INET, sin_port=htons(56596), sin_addr=inet_addr("192.168.0.17")}, [16]) = 0
31436 setsockopt(20, SOL_TCP, TCP_NODELAY, [1], 4) = 0
31423 <... connect resumed> )           = 0
31423 getsockname(34,  <unfinished ...>
31463 +++ exited with 0 +++
31423 <... getsockname resumed> {sa_family=AF_INET, sin_port=htons(56604), sin_addr=inet_addr("192.168.0.17")}, [16]) = 0
31423 setsockopt(34, SOL_TCP, TCP_NODELAY, [1], 4) = 0
31440 <... connect resumed> )           = 0
31460 +++ exited with 0 +++
31440 getsockname(42, {sa_family=AF_INET, sin_port=htons(56606), sin_addr=inet_addr("192.168.0.17")}, [16]) = 0
31440 setsockopt(42, SOL_TCP, TCP_NODELAY, [1], 4) = 0
31438 <... connect resumed> )           = 0
31438 getsockname(38,  <unfinished ...>
31466 +++ exited with 0 +++
31438 <... getsockname resumed> {sa_family=AF_INET, sin_port=htons(56608), sin_addr=inet_addr("192.168.0.17")}, [16]) = 0
31438 setsockopt(38, SOL_TCP, TCP_NODELAY, [1], 4) = 0
31430 <... connect resumed> )           = 0
31421 <... connect resumed> )           = 0
31462 +++ exited with 0 +++
31420 <... connect resumed> )           = 0
31421 getsockname(40, {sa_family=AF_INET, sin_port=htons(56612), sin_addr=inet_addr("192.168.0.17")}, [16]) = 0
31421 setsockopt(40, SOL_TCP, TCP_NODELAY, [1], 4) = 0
31467 +++ exited with 0 +++
31464 +++ exited with 0 +++
31430 getsockname(22, {sa_family=AF_INET, sin_port=htons(56610), sin_addr=inet_addr("192.168.0.17")}, [16]) = 0
31430 setsockopt(22, SOL_TCP, TCP_NODELAY, [1], 4) = 0
31420 getsockname(31, {sa_family=AF_INET, sin_port=htons(56602), sin_addr=inet_addr("192.168.0.17")}, [16]) = 0
31420 setsockopt(31, SOL_TCP, TCP_NODELAY, [1], 4) = 0
31434 setsockopt(35, SOL_TCP, TCP_NODELAY, [1], 4) = 0
31437 setsockopt(30, SOL_TCP, TCP_NODELAY, [1], 4) = 0
31435 setsockopt(29, SOL_TCP, TCP_NODELAY, [1], 4) = 0
31439 setsockopt(17, SOL_TCP, TCP_NODELAY, [1], 4) = 0
31428 setsockopt(33, SOL_TCP, TCP_NODELAY, [1], 4) = 0
31431 setsockopt(32, SOL_TCP, TCP_NODELAY, [1], 4) = 0
31442 setsockopt(36, SOL_TCP, TCP_NODELAY, [1], 4) = 0
31433 setsockopt(39, SOL_TCP, TCP_NODELAY, [1], 4) = 0
31432 setsockopt(43, SOL_TCP, TCP_NODELAY, [1], 4) = 0
31427 setsockopt(25, SOL_TCP, TCP_NODELAY, [1], 4) = 0
31424 setsockopt(24, SOL_TCP, TCP_NODELAY, [1], 4) = 0
31429 setsockopt(28, SOL_TCP, TCP_NODELAY, [1], 4) = 0
31441 setsockopt(37, SOL_TCP, TCP_NODELAY, [1], 4) = 0
31426 setsockopt(23, SOL_TCP, TCP_NODELAY, [1], 4) = 0
31419 setsockopt(21, SOL_TCP, TCP_NODELAY, [1], 4) = 0
31418 setsockopt(41, SOL_TCP, TCP_NODELAY, [1], 4) = 0
31423 setsockopt(34, SOL_TCP, TCP_NODELAY, [1], 4) = 0
31425 setsockopt(26, SOL_TCP, TCP_NODELAY, [1], 4) = 0
31440 setsockopt(42, SOL_TCP, TCP_NODELAY, [1], 4) = 0
31438 setsockopt(38, SOL_TCP, TCP_NODELAY, [1], 4) = 0
31436 setsockopt(20, SOL_TCP, TCP_NODELAY, [1], 4) = 0
31421 setsockopt(40, SOL_TCP, TCP_NODELAY, [1], 4) = 0
31430 setsockopt(22, SOL_TCP, TCP_NODELAY, [1], 4) = 0
31420 setsockopt(31, SOL_TCP, TCP_NODELAY, [1], 4) = 0
31433 sendfile(53, 51, NULL, 708)       = 708
31434 sendfile(54, 44, NULL, 5672)      = 5672
31435 sendfile(55, 45, NULL, 2099)      = 2099
31439 sendfile(47, 48, NULL, 95)        = 95
31432 sendfile(49, 50, NULL, 4638)      = 4638
31422 sendto(27, "\251\333\1\0\0\1\0\0\0\0\0\0\5index\10rubygems\3org\0"..., 36, MSG_NOSIGNAL, NULL, 0) = 36
31422 recvfrom(27, "\251\333\201\200\0\1\0\3\0\0\0\0\5index\10rubygems\3org\0"..., 2048, 0, {sa_family=AF_INET, sin_port=htons(53), sin_addr=inet_addr("127.0.1.1")}, [16]) = 130
31422 sendto(27, "\232A\1\0\0\1\0\0\0\0\0\0\5index\10rubygems\3org\0"..., 36, MSG_NOSIGNAL, NULL, 0) = 36
31422 recvfrom(27, "\232A\201\200\0\1\0\2\0\1\0\0\5index\10rubygems\3org\0"..., 65536, 0, {sa_family=AF_INET, sin_port=htons(53), sin_addr=inet_addr("127.0.1.1")}, [16]) = 185
31422 socket(PF_INET, SOCK_STREAM|SOCK_CLOEXEC, IPPROTO_TCP) = 27
31422 connect(27, {sa_family=AF_INET, sin_port=htons(443), sin_addr=inet_addr("151.101.24.70")}, 16) = 0
31422 getsockname(27,  <unfinished ...>
31456 +++ exited with 0 +++
31422 <... getsockname resumed> {sa_family=AF_INET, sin_port=htons(56614), sin_addr=inet_addr("192.168.0.17")}, [16]) = 0
31422 setsockopt(27, SOL_TCP, TCP_NODELAY, [1], 4) = 0
31422 setsockopt(27, SOL_TCP, TCP_NODELAY, [1], 4) = 0
31438 +++ exited with 0 +++
31439 +++ exited with 0 +++
31440 +++ exited with 0 +++
31429 +++ exited with 0 +++
31442 +++ exited with 0 +++
31426 +++ exited with 0 +++
31425 +++ exited with 0 +++
31434 +++ exited with 0 +++
31433 +++ exited with 0 +++
31424 +++ exited with 0 +++
31423 +++ exited with 0 +++
31421 +++ exited with 0 +++
31431 +++ exited with 0 +++
31432 +++ exited with 0 +++
31437 +++ exited with 0 +++
31419 +++ exited with 0 +++
31418 +++ exited with 0 +++
31435 +++ exited with 0 +++
31430 +++ exited with 0 +++
31422 +++ exited with 0 +++
31436 +++ exited with 0 +++
31420 +++ exited with 0 +++
31428 +++ exited with 0 +++
31427 +++ exited with 0 +++
31441 +++ exited with 0 +++
31866 sendfile(69, 48, NULL, 166)       = 166
31872 sendfile(70, 54, NULL, 1301)      = 1301
31877 sendfile(71, 64, NULL, 1291)      = 1291
31876 sendfile(72, 65, NULL, 93)        = 93
31864 sendfile(74, 49, NULL, 2317)      = 2317
31870 sendfile(76, 53, NULL, 534)       = 534
31865 sendfile(77, 52, NULL, 309)       = 309
31843 sendfile(79, 57, NULL, 1461)      = 1461
31873 sendfile(70, 58, NULL, 728)       = 728
31868 sendfile(80, 62, NULL, 494)       = 494
31861 sendfile(73, 46, NULL, 981)       = 981
31860 sendfile(75, 51, NULL, 2911 <unfinished ...>
31862 sendfile(72, 50, NULL, 3593 <unfinished ...>
31860 <... sendfile resumed> )          = 2911
31862 <... sendfile resumed> )          = 3593
31879 sendfile(69, 63, NULL, 95)        = 95
31875 sendfile(76, 67, NULL, 6662)      = 6662
31867 sendfile(70, 66, NULL, 247)       = 247
31863 sendfile(71, 47, NULL, 1915)      = 1915
31876 socket(PF_INET, SOCK_DGRAM|SOCK_NONBLOCK, IPPROTO_IP) = 65
31876 connect(65, {sa_family=AF_INET, sin_port=htons(53), sin_addr=inet_addr("127.0.1.1")}, 16) = 0
31876 sendmmsg(65, {{{msg_name(0)=NULL, msg_iov(1)=[{"&%\1\0\0\1\0\0\0\0\0\0\5index\10rubygems\3org\0"..., 36}], msg_controllen=0, msg_flags=0}, 36}, {{msg_name(0)=NULL, msg_iov(1)=[{"G\331\1\0\0\1\0\0\0\0\0\0\5index\10rubygems\3org\0"..., 36}], msg_controllen=0, msg_flags=0}, 36}}, 2, MSG_NOSIGNAL) = 2
31858 sendfile(78, 55, NULL, 478)       = 478
31869 sendfile(74, 61, NULL, 5845)      = 5845
31872 socket(PF_INET, SOCK_DGRAM|SOCK_NONBLOCK, IPPROTO_IP) = 54
31872 connect(54, {sa_family=AF_INET, sin_port=htons(53), sin_addr=inet_addr("127.0.1.1")}, 16) = 0
31872 sendmmsg(54, {{{msg_name(0)=NULL, msg_iov(1)=[{"\347\333\1\0\0\1\0\0\0\0\0\0\5index\10rubygems\3org\0"..., 36}], msg_controllen=0, msg_flags=0}, 36}, {{msg_name(0)=NULL, msg_iov(1)=[{"\371D\1\0\0\1\0\0\0\0\0\0\5index\10rubygems\3org\0"..., 36}], msg_controllen=0, msg_flags=0}, 36}}, 2, MSG_NOSIGNAL) = 2
31873 socket(PF_INET, SOCK_DGRAM|SOCK_NONBLOCK, IPPROTO_IP) = 58
31873 connect(58, {sa_family=AF_INET, sin_port=htons(53), sin_addr=inet_addr("127.0.1.1")}, 16) = 0
31873 sendmmsg(58, {{{msg_name(0)=NULL, msg_iov(1)=[{"K\5\1\0\0\1\0\0\0\0\0\0\5index\10rubygems\3org\0"..., 36}], msg_controllen=0, msg_flags=0}, 36}, {{msg_name(0)=NULL, msg_iov(1)=[{"\335\226\1\0\0\1\0\0\0\0\0\0\5index\10rubygems\3org\0"..., 36}], msg_controllen=0, msg_flags=0}, 36}}, 2, MSG_NOSIGNAL) = 2
31877 socket(PF_INET, SOCK_DGRAM|SOCK_NONBLOCK, IPPROTO_IP) = 64
31877 connect(64, {sa_family=AF_INET, sin_port=htons(53), sin_addr=inet_addr("127.0.1.1")}, 16) = 0
31877 sendmmsg(64, {{{msg_name(0)=NULL, msg_iov(1)=[{"h\256\1\0\0\1\0\0\0\0\0\0\5index\10rubygems\3org\0"..., 36}], msg_controllen=0, msg_flags=0}, 36}, {{msg_name(0)=NULL, msg_iov(1)=[{"\3\346\1\0\0\1\0\0\0\0\0\0\5index\10rubygems\3org\0"..., 36}], msg_controllen=0, msg_flags=0}, 36}}, 2, MSG_NOSIGNAL) = 2
31866 socket(PF_INET, SOCK_DGRAM|SOCK_NONBLOCK, IPPROTO_IP) = 48
31866 connect(48, {sa_family=AF_INET, sin_port=htons(53), sin_addr=inet_addr("127.0.1.1")}, 16) = 0
31866 sendmmsg(48, {{{msg_name(0)=NULL, msg_iov(1)=[{"Y+\1\0\0\1\0\0\0\0\0\0\5index\10rubygems\3org\0"..., 36}], msg_controllen=0, msg_flags=0}, 36}, {{msg_name(0)=NULL, msg_iov(1)=[{"v\340\1\0\0\1\0\0\0\0\0\0\5index\10rubygems\3org\0"..., 36}], msg_controllen=0, msg_flags=0}, 36}}, 2, MSG_NOSIGNAL) = 2
31870 socket(PF_INET, SOCK_DGRAM|SOCK_NONBLOCK, IPPROTO_IP) = 49
31870 connect(49, {sa_family=AF_INET, sin_port=htons(53), sin_addr=inet_addr("127.0.1.1")}, 16) = 0
31870 sendmmsg(49, {{{msg_name(0)=NULL, msg_iov(1)=[{"fM\1\0\0\1\0\0\0\0\0\0\5index\10rubygems\3org\0"..., 36}], msg_controllen=0, msg_flags=0}, 36}, {{msg_name(0)=NULL, msg_iov(1)=[{"\267$\1\0\0\1\0\0\0\0\0\0\5index\10rubygems\3org\0"..., 36}], msg_controllen=0, msg_flags=0}, 36}}, 2, MSG_NOSIGNAL) = 2
31864 socket(PF_INET, SOCK_DGRAM|SOCK_NONBLOCK, IPPROTO_IP) = 53
31864 connect(53, {sa_family=AF_INET, sin_port=htons(53), sin_addr=inet_addr("127.0.1.1")}, 16) = 0
31864 sendmmsg(53, {{{msg_name(0)=NULL, msg_iov(1)=[{"\177R\1\0\0\1\0\0\0\0\0\0\5index\10rubygems\3org\0"..., 36}], msg_controllen=0, msg_flags=0}, 36}, {{msg_name(0)=NULL, msg_iov(1)=[{"\355.\1\0\0\1\0\0\0\0\0\0\5index\10rubygems\3org\0"..., 36}], msg_controllen=0, msg_flags=0}, 36}}, 2, MSG_NOSIGNAL) = 2
31862 socket(PF_INET, SOCK_DGRAM|SOCK_NONBLOCK, IPPROTO_IP) = 63
31862 connect(63, {sa_family=AF_INET, sin_port=htons(53), sin_addr=inet_addr("127.0.1.1")}, 16) = 0
31862 sendmmsg(63, {{{msg_name(0)=NULL, msg_iov(1)=[{"\346_\1\0\0\1\0\0\0\0\0\0\5index\10rubygems\3org\0"..., 36}], msg_controllen=0, msg_flags=0}, 36}, {{msg_name(0)=NULL, msg_iov(1)=[{"\257J\1\0\0\1\0\0\0\0\0\0\5index\10rubygems\3org\0"..., 36}], msg_controllen=0, msg_flags=0}, 36}}, 2, MSG_NOSIGNAL) = 2
31861 socket(PF_INET, SOCK_DGRAM|SOCK_NONBLOCK, IPPROTO_IP) = 46
31861 connect(46, {sa_family=AF_INET, sin_port=htons(53), sin_addr=inet_addr("127.0.1.1")}, 16) = 0
31861 sendmmsg(46, {{{msg_name(0)=NULL, msg_iov(1)=[{"\233\251\1\0\0\1\0\0\0\0\0\0\5index\10rubygems\3org\0"..., 36}], msg_controllen=0, msg_flags=0}, 36}, {{msg_name(0)=NULL, msg_iov(1)=[{"[\334\1\0\0\1\0\0\0\0\0\0\5index\10rubygems\3org\0"..., 36}], msg_controllen=0, msg_flags=0}, 36}}, 2, MSG_NOSIGNAL) = 2
31860 socket(PF_INET, SOCK_DGRAM|SOCK_NONBLOCK, IPPROTO_IP) = 51
31860 connect(51, {sa_family=AF_INET, sin_port=htons(53), sin_addr=inet_addr("127.0.1.1")}, 16) = 0
31860 sendmmsg(51, {{{msg_name(0)=NULL, msg_iov(1)=[{"\334\365\1\0\0\1\0\0\0\0\0\0\5index\10rubygems\3org\0"..., 36}], msg_controllen=0, msg_flags=0}, 36}, {{msg_name(0)=NULL, msg_iov(1)=[{"\tv\1\0\0\1\0\0\0\0\0\0\5index\10rubygems\3org\0"..., 36}], msg_controllen=0, msg_flags=0}, 36}}, 2, MSG_NOSIGNAL) = 2
31843 socket(PF_INET, SOCK_DGRAM|SOCK_NONBLOCK, IPPROTO_IP) = 57
31843 connect(57, {sa_family=AF_INET, sin_port=htons(53), sin_addr=inet_addr("127.0.1.1")}, 16) = 0
31843 sendmmsg(57, {{{msg_name(0)=NULL, msg_iov(1)=[{"m\t\1\0\0\1\0\0\0\0\0\0\5index\10rubygems\3org\0"..., 36}], msg_controllen=0, msg_flags=0}, 36}, {{msg_name(0)=NULL, msg_iov(1)=[{"\31\235\1\0\0\1\0\0\0\0\0\0\5index\10rubygems\3org\0"..., 36}], msg_controllen=0, msg_flags=0}, 36}}, 2, MSG_NOSIGNAL) = 2
31868 socket(PF_INET, SOCK_DGRAM|SOCK_NONBLOCK, IPPROTO_IP) = 62
31868 connect(62, {sa_family=AF_INET, sin_port=htons(53), sin_addr=inet_addr("127.0.1.1")}, 16) = 0
31868 sendmmsg(62, {{{msg_name(0)=NULL, msg_iov(1)=[{"\361\0\1\0\0\1\0\0\0\0\0\0\5index\10rubygems\3org\0"..., 36}], msg_controllen=0, msg_flags=0}, 36}, {{msg_name(0)=NULL, msg_iov(1)=[{"u\215\1\0\0\1\0\0\0\0\0\0\5index\10rubygems\3org\0"..., 36}], msg_controllen=0, msg_flags=0}, 36}}, 2, MSG_NOSIGNAL) = 2
31867 socket(PF_INET, SOCK_DGRAM|SOCK_NONBLOCK, IPPROTO_IP) = 60
31867 connect(60, {sa_family=AF_INET, sin_port=htons(53), sin_addr=inet_addr("127.0.1.1")}, 16) = 0
31867 sendmmsg(60, {{{msg_name(0)=NULL, msg_iov(1)=[{"\373\366\1\0\0\1\0\0\0\0\0\0\5index\10rubygems\3org\0"..., 36}], msg_controllen=0, msg_flags=0}, 36}, {{msg_name(0)=NULL, msg_iov(1)=[{"my\1\0\0\1\0\0\0\0\0\0\5index\10rubygems\3org\0"..., 36}], msg_controllen=0, msg_flags=0}, 36}}, 2, MSG_NOSIGNAL) = 2
31865 socket(PF_INET, SOCK_DGRAM|SOCK_NONBLOCK, IPPROTO_IP) = 44
31865 connect(44, {sa_family=AF_INET, sin_port=htons(53), sin_addr=inet_addr("127.0.1.1")}, 16) = 0
31865 sendmmsg(44, {{{msg_name(0)=NULL, msg_iov(1)=[{"!\241\1\0\0\1\0\0\0\0\0\0\5index\10rubygems\3org\0"..., 36}], msg_controllen=0, msg_flags=0}, 36}, {{msg_name(0)=NULL, msg_iov(1)=[{"=\315\1\0\0\1\0\0\0\0\0\0\5index\10rubygems\3org\0"..., 36}], msg_controllen=0, msg_flags=0}, 36}}, 2, MSG_NOSIGNAL) = 2
31879 socket(PF_INET, SOCK_DGRAM|SOCK_NONBLOCK, IPPROTO_IP) = 50
31879 connect(50, {sa_family=AF_INET, sin_port=htons(53), sin_addr=inet_addr("127.0.1.1")}, 16) = 0
31879 sendmmsg(50, {{{msg_name(0)=NULL, msg_iov(1)=[{";\344\1\0\0\1\0\0\0\0\0\0\5index\10rubygems\3org\0"..., 36}], msg_controllen=0, msg_flags=0}, 36}, {{msg_name(0)=NULL, msg_iov(1)=[{"yS\1\0\0\1\0\0\0\0\0\0\5index\10rubygems\3org\0"..., 36}], msg_controllen=0, msg_flags=0}, 36}}, 2, MSG_NOSIGNAL) = 2
31875 socket(PF_INET, SOCK_DGRAM|SOCK_NONBLOCK, IPPROTO_IP) = 52
31875 connect(52, {sa_family=AF_INET, sin_port=htons(53), sin_addr=inet_addr("127.0.1.1")}, 16) = 0
31875 sendmmsg(52, {{{msg_name(0)=NULL, msg_iov(1)=[{"I\207\1\0\0\1\0\0\0\0\0\0\5index\10rubygems\3org\0"..., 36}], msg_controllen=0, msg_flags=0}, 36}, {{msg_name(0)=NULL, msg_iov(1)=[{"!\233\1\0\0\1\0\0\0\0\0\0\5index\10rubygems\3org\0"..., 36}], msg_controllen=0, msg_flags=0}, 36}}, 2, MSG_NOSIGNAL) = 2
31869 socket(PF_INET, SOCK_DGRAM|SOCK_NONBLOCK, IPPROTO_IP) = 45
31869 connect(45, {sa_family=AF_INET, sin_port=htons(53), sin_addr=inet_addr("127.0.1.1")}, 16) = 0
31869 sendmmsg(45, {{{msg_name(0)=NULL, msg_iov(1)=[{"L]\1\0\0\1\0\0\0\0\0\0\5index\10rubygems\3org\0"..., 36}], msg_controllen=0, msg_flags=0}, 36}, {{msg_name(0)=NULL, msg_iov(1)=[{"\264D\1\0\0\1\0\0\0\0\0\0\5index\10rubygems\3org\0"..., 36}], msg_controllen=0, msg_flags=0}, 36}}, 2, MSG_NOSIGNAL) = 2
31863 socket(PF_INET, SOCK_DGRAM|SOCK_NONBLOCK, IPPROTO_IP) = 47
31863 connect(47, {sa_family=AF_INET, sin_port=htons(53), sin_addr=inet_addr("127.0.1.1")}, 16) = 0
31863 sendmmsg(47, {{{msg_name(0)=NULL, msg_iov(1)=[{"\253\204\1\0\0\1\0\0\0\0\0\0\5index\10rubygems\3org\0"..., 36}], msg_controllen=0, msg_flags=0}, 36}, {{msg_name(0)=NULL, msg_iov(1)=[{"\253\225\1\0\0\1\0\0\0\0\0\0\5index\10rubygems\3org\0"..., 36}], msg_controllen=0, msg_flags=0}, 36}}, 2, MSG_NOSIGNAL) = 2
31858 socket(PF_INET, SOCK_DGRAM|SOCK_NONBLOCK, IPPROTO_IP) = 55
31858 connect(55, {sa_family=AF_INET, sin_port=htons(53), sin_addr=inet_addr("127.0.1.1")}, 16) = 0
31858 sendmmsg(55, {{{msg_name(0)=NULL, msg_iov(1)=[{"\214\215\1\0\0\1\0\0\0\0\0\0\5index\10rubygems\3org\0"..., 36}], msg_controllen=0, msg_flags=0}, 36}, {{msg_name(0)=NULL, msg_iov(1)=[{"(\246\1\0\0\1\0\0\0\0\0\0\5index\10rubygems\3org\0"..., 36}], msg_controllen=0, msg_flags=0}, 36}}, 2, MSG_NOSIGNAL) = 2
31876 recvfrom(65, "&%\201\200\0\1\0\3\0\0\0\0\5index\10rubygems\3org\0"..., 2048, 0, {sa_family=AF_INET, sin_port=htons(53), sin_addr=inet_addr("127.0.1.1")}, [16]) = 130
31876 recvfrom(65, "G\331\201\200\0\1\0\2\0\1\0\0\5index\10rubygems\3org\0"..., 65536, 0, {sa_family=AF_INET, sin_port=htons(53), sin_addr=inet_addr("127.0.1.1")}, [16]) = 185
31872 recvfrom(54,  <unfinished ...>
31877 recvfrom(64,  <unfinished ...>
31876 socket(PF_INET, SOCK_STREAM|SOCK_CLOEXEC, IPPROTO_TCP <unfinished ...>
31877 <... recvfrom resumed> "h\256\201\200\0\1\0\3\0\0\0\0\5index\10rubygems\3org\0"..., 2048, 0, {sa_family=AF_INET, sin_port=htons(53), sin_addr=inet_addr("127.0.1.1")}, [16]) = 130
31876 <... socket resumed> )            = 56
31876 connect(56, {sa_family=AF_INET, sin_port=htons(443), sin_addr=inet_addr("151.101.24.70")}, 16 <unfinished ...>
31872 <... recvfrom resumed> "\371D\201\200\0\1\0\2\0\1\0\0\5index\10rubygems\3org\0"..., 2048, 0, {sa_family=AF_INET, sin_port=htons(53), sin_addr=inet_addr("127.0.1.1")}, [16]) = 185
31873 recvfrom(58,  <unfinished ...>
31877 recvfrom(64, "\3\346\201\200\0\1\0\2\0\1\0\0\5index\10rubygems\3org\0"..., 65536, 0, {sa_family=AF_INET, sin_port=htons(53), sin_addr=inet_addr("127.0.1.1")}, [16]) = 185
31873 <... recvfrom resumed> "K\5\201\200\0\1\0\3\0\0\0\0\5index\10rubygems\3org\0"..., 2048, 0, {sa_family=AF_INET, sin_port=htons(53), sin_addr=inet_addr("127.0.1.1")}, [16]) = 130
31872 recvfrom(54,  <unfinished ...>
31877 socket(PF_INET, SOCK_STREAM|SOCK_CLOEXEC, IPPROTO_TCP <unfinished ...>
31872 <... recvfrom resumed> "\347\333\201\200\0\1\0\3\0\0\0\0\5index\10rubygems\3org\0"..., 65536, 0, {sa_family=AF_INET, sin_port=htons(53), sin_addr=inet_addr("127.0.1.1")}, [16]) = 130
31877 <... socket resumed> )            = 59
31877 connect(59, {sa_family=AF_INET, sin_port=htons(443), sin_addr=inet_addr("151.101.24.70")}, 16 <unfinished ...>
31870 recvfrom(49,  <unfinished ...>
31872 socket(PF_INET, SOCK_STREAM|SOCK_CLOEXEC, IPPROTO_TCP <unfinished ...>
31873 recvfrom(58,  <unfinished ...>
31872 <... socket resumed> )            = 54
31873 <... recvfrom resumed> "\335\226\201\200\0\1\0\2\0\1\0\0\5index\10rubygems\3org\0"..., 65536, 0, {sa_family=AF_INET, sin_port=htons(53), sin_addr=inet_addr("127.0.1.1")}, [16]) = 185
31872 connect(54, {sa_family=AF_INET, sin_port=htons(443), sin_addr=inet_addr("151.101.24.70")}, 16 <unfinished ...>
31870 <... recvfrom resumed> "fM\201\200\0\1\0\3\0\0\0\0\5index\10rubygems\3org\0"..., 2048, 0, {sa_family=AF_INET, sin_port=htons(53), sin_addr=inet_addr("127.0.1.1")}, [16]) = 130
31868 recvfrom(62,  <unfinished ...>
31873 socket(PF_INET, SOCK_STREAM|SOCK_CLOEXEC, IPPROTO_TCP <unfinished ...>
31868 <... recvfrom resumed> "\361\0\201\200\0\1\0\3\0\0\0\0\5index\10rubygems\3org\0"..., 2048, 0, {sa_family=AF_INET, sin_port=htons(53), sin_addr=inet_addr("127.0.1.1")}, [16]) = 130
31873 <... socket resumed> )            = 58
31873 connect(58, {sa_family=AF_INET, sin_port=htons(443), sin_addr=inet_addr("151.101.24.70")}, 16 <unfinished ...>
31867 recvfrom(60,  <unfinished ...>
31870 recvfrom(49,  <unfinished ...>
31867 <... recvfrom resumed> "\373\366\201\200\0\1\0\3\0\0\0\0\5index\10rubygems\3org\0"..., 2048, 0, {sa_family=AF_INET, sin_port=htons(53), sin_addr=inet_addr("127.0.1.1")}, [16]) = 130
31870 <... recvfrom resumed> "\267$\201\200\0\1\0\2\0\1\0\0\5index\10rubygems\3org\0"..., 65536, 0, {sa_family=AF_INET, sin_port=htons(53), sin_addr=inet_addr("127.0.1.1")}, [16]) = 185
31868 recvfrom(62, "u\215\201\200\0\1\0\2\0\1\0\0\5index\10rubygems\3org\0"..., 65536, 0, {sa_family=AF_INET, sin_port=htons(53), sin_addr=inet_addr("127.0.1.1")}, [16]) = 185
31870 socket(PF_INET, SOCK_STREAM|SOCK_CLOEXEC, IPPROTO_TCP) = 49
31870 connect(49, {sa_family=AF_INET, sin_port=htons(443), sin_addr=inet_addr("151.101.24.70")}, 16 <unfinished ...>
31868 socket(PF_INET, SOCK_STREAM|SOCK_CLOEXEC, IPPROTO_TCP) = 61
31868 connect(61, {sa_family=AF_INET, sin_port=htons(443), sin_addr=inet_addr("151.101.24.70")}, 16 <unfinished ...>
31866 recvfrom(48, "Y+\201\200\0\1\0\3\0\0\0\0\5index\10rubygems\3org\0"..., 2048, 0, {sa_family=AF_INET, sin_port=htons(53), sin_addr=inet_addr("127.0.1.1")}, [16]) = 130
31864 recvfrom(53, "\177R\201\200\0\1\0\3\0\0\0\0\5index\10rubygems\3org\0"..., 2048, 0, {sa_family=AF_INET, sin_port=htons(53), sin_addr=inet_addr("127.0.1.1")}, [16]) = 130
31866 recvfrom(48, "v\340\201\200\0\1\0\2\0\1\0\0\5index\10rubygems\3org\0"..., 65536, 0, {sa_family=AF_INET, sin_port=htons(53), sin_addr=inet_addr("127.0.1.1")}, [16]) = 185
31862 recvfrom(63, "\346_\201\200\0\1\0\3\0\0\0\0\5index\10rubygems\3org\0"..., 2048, 0, {sa_family=AF_INET, sin_port=htons(53), sin_addr=inet_addr("127.0.1.1")}, [16]) = 130
31866 socket(PF_INET, SOCK_STREAM|SOCK_CLOEXEC, IPPROTO_TCP <unfinished ...>
31864 recvfrom(53,  <unfinished ...>
31866 <... socket resumed> )            = 48
31864 <... recvfrom resumed> "\355.\201\200\0\1\0\2\0\1\0\0\5index\10rubygems\3org\0"..., 65536, 0, {sa_family=AF_INET, sin_port=htons(53), sin_addr=inet_addr("127.0.1.1")}, [16]) = 185
31866 connect(48, {sa_family=AF_INET, sin_port=htons(443), sin_addr=inet_addr("151.101.24.70")}, 16 <unfinished ...>
31864 socket(PF_INET, SOCK_STREAM|SOCK_CLOEXEC, IPPROTO_TCP) = 53
31864 connect(53, {sa_family=AF_INET, sin_port=htons(443), sin_addr=inet_addr("151.101.24.70")}, 16 <unfinished ...>
31862 recvfrom(63,  <unfinished ...>
31861 recvfrom(46,  <unfinished ...>
31862 <... recvfrom resumed> "\257J\201\200\0\1\0\2\0\1\0\0\5index\10rubygems\3org\0"..., 65536, 0, {sa_family=AF_INET, sin_port=htons(53), sin_addr=inet_addr("127.0.1.1")}, [16]) = 185
31861 <... recvfrom resumed> "\233\251\201\200\0\1\0\3\0\0\0\0\5index\10rubygems\3org\0"..., 2048, 0, {sa_family=AF_INET, sin_port=htons(53), sin_addr=inet_addr("127.0.1.1")}, [16]) = 130
31862 socket(PF_INET, SOCK_STREAM|SOCK_CLOEXEC, IPPROTO_TCP) = 62
31862 connect(62, {sa_family=AF_INET, sin_port=htons(443), sin_addr=inet_addr("151.101.24.70")}, 16 <unfinished ...>
31860 recvfrom(51,  <unfinished ...>
31861 recvfrom(46,  <unfinished ...>
31860 <... recvfrom resumed> "\334\365\201\200\0\1\0\3\0\0\0\0\5index\10rubygems\3org\0"..., 2048, 0, {sa_family=AF_INET, sin_port=htons(53), sin_addr=inet_addr("127.0.1.1")}, [16]) = 130
31861 <... recvfrom resumed> "[\334\201\200\0\1\0\2\0\1\0\0\5index\10rubygems\3org\0"..., 65536, 0, {sa_family=AF_INET, sin_port=htons(53), sin_addr=inet_addr("127.0.1.1")}, [16]) = 185
31861 socket(PF_INET, SOCK_STREAM|SOCK_CLOEXEC, IPPROTO_TCP) = 46
31861 connect(46, {sa_family=AF_INET, sin_port=htons(443), sin_addr=inet_addr("151.101.24.70")}, 16 <unfinished ...>
31860 recvfrom(51,  <unfinished ...>
31843 recvfrom(57,  <unfinished ...>
31860 <... recvfrom resumed> "\tv\201\200\0\1\0\2\0\1\0\0\5index\10rubygems\3org\0"..., 65536, 0, {sa_family=AF_INET, sin_port=htons(53), sin_addr=inet_addr("127.0.1.1")}, [16]) = 185
31843 <... recvfrom resumed> "m\t\201\200\0\1\0\3\0\0\0\0\5index\10rubygems\3org\0"..., 2048, 0, {sa_family=AF_INET, sin_port=htons(53), sin_addr=inet_addr("127.0.1.1")}, [16]) = 130
31860 socket(PF_INET, SOCK_STREAM|SOCK_CLOEXEC, IPPROTO_TCP) = 51
31860 connect(51, {sa_family=AF_INET, sin_port=htons(443), sin_addr=inet_addr("151.101.24.70")}, 16 <unfinished ...>
31843 recvfrom(57, "\31\235\201\200\0\1\0\2\0\1\0\0\5index\10rubygems\3org\0"..., 65536, 0, {sa_family=AF_INET, sin_port=htons(53), sin_addr=inet_addr("127.0.1.1")}, [16]) = 185
31843 socket(PF_INET, SOCK_STREAM|SOCK_CLOEXEC, IPPROTO_TCP) = 57
31843 connect(57, {sa_family=AF_INET, sin_port=htons(443), sin_addr=inet_addr("151.101.24.70")}, 16 <unfinished ...>
31865 recvfrom(44, "=\315\201\200\0\1\0\2\0\1\0\0\5index\10rubygems\3org\0"..., 2048, 0, {sa_family=AF_INET, sin_port=htons(53), sin_addr=inet_addr("127.0.1.1")}, [16]) = 185
31876 <... connect resumed> )           = 0
31879 recvfrom(50, ";\344\201\200\0\1\0\3\0\0\0\0\5index\10rubygems\3org\0"..., 2048, 0, {sa_family=AF_INET, sin_port=htons(53), sin_addr=inet_addr("127.0.1.1")}, [16]) = 130
31875 recvfrom(52, "I\207\201\200\0\1\0\3\0\0\0\0\5index\10rubygems\3org\0"..., 2048, 0, {sa_family=AF_INET, sin_port=htons(53), sin_addr=inet_addr("127.0.1.1")}, [16]) = 130
31879 recvfrom(50, "yS\201\200\0\1\0\2\0\1\0\0\5index\10rubygems\3org\0"..., 65536, 0, {sa_family=AF_INET, sin_port=htons(53), sin_addr=inet_addr("127.0.1.1")}, [16]) = 185
31875 recvfrom(52,  <unfinished ...>
31879 socket(PF_INET, SOCK_STREAM|SOCK_CLOEXEC, IPPROTO_TCP) = 50
31881 +++ exited with 0 +++
31875 <... recvfrom resumed> "!\233\201\200\0\1\0\2\0\1\0\0\5index\10rubygems\3org\0"..., 65536, 0, {sa_family=AF_INET, sin_port=htons(53), sin_addr=inet_addr("127.0.1.1")}, [16]) = 185
31879 connect(50, {sa_family=AF_INET, sin_port=htons(443), sin_addr=inet_addr("151.101.24.70")}, 16 <unfinished ...>
31867 recvfrom(60,  <unfinished ...>
31876 getsockname(56, {sa_family=AF_INET, sin_port=htons(56616), sin_addr=inet_addr("192.168.0.17")}, [16]) = 0
31869 recvfrom(45,  <unfinished ...>
31876 setsockopt(56, SOL_TCP, TCP_NODELAY, [1], 4 <unfinished ...>
31867 <... recvfrom resumed> "my\201\200\0\1\0\2\0\1\0\0\5index\10rubygems\3org\0"..., 65536, 0, {sa_family=AF_INET, sin_port=htons(53), sin_addr=inet_addr("127.0.1.1")}, [16]) = 185
31876 <... setsockopt resumed> )        = 0
31869 <... recvfrom resumed> "L]\201\200\0\1\0\3\0\0\0\0\5index\10rubygems\3org\0"..., 2048, 0, {sa_family=AF_INET, sin_port=htons(53), sin_addr=inet_addr("127.0.1.1")}, [16]) = 130
31863 recvfrom(47, "\253\225\201\200\0\1\0\2\0\1\0\0\5index\10rubygems\3org\0"..., 2048, 0, {sa_family=AF_INET, sin_port=htons(53), sin_addr=inet_addr("127.0.1.1")}, [16]) = 185
31865 recvfrom(44,  <unfinished ...>
31869 recvfrom(45,  <unfinished ...>
31865 <... recvfrom resumed> "!\241\201\200\0\1\0\3\0\0\0\0\5index\10rubygems\3org\0"..., 65536, 0, {sa_family=AF_INET, sin_port=htons(53), sin_addr=inet_addr("127.0.1.1")}, [16]) = 130
31869 <... recvfrom resumed> "\264D\201\200\0\1\0\2\0\1\0\0\5index\10rubygems\3org\0"..., 65536, 0, {sa_family=AF_INET, sin_port=htons(53), sin_addr=inet_addr("127.0.1.1")}, [16]) = 185
31858 recvfrom(55, "\214\215\201\200\0\1\0\3\0\0\0\0\5index\10rubygems\3org\0"..., 2048, 0, {sa_family=AF_INET, sin_port=htons(53), sin_addr=inet_addr("127.0.1.1")}, [16]) = 130
31863 recvfrom(47, "\253\204\201\200\0\1\0\3\0\0\0\0\5index\10rubygems\3org\0"..., 65536, 0, {sa_family=AF_INET, sin_port=htons(53), sin_addr=inet_addr("127.0.1.1")}, [16]) = 130
31858 recvfrom(55, "(\246\201\200\0\1\0\2\0\1\0\0\5index\10rubygems\3org\0"..., 65536, 0, {sa_family=AF_INET, sin_port=htons(53), sin_addr=inet_addr("127.0.1.1")}, [16]) = 185
31875 socket(PF_INET, SOCK_STREAM|SOCK_CLOEXEC, IPPROTO_TCP) = 44
31875 connect(44, {sa_family=AF_INET, sin_port=htons(443), sin_addr=inet_addr("151.101.24.70")}, 16 <unfinished ...>
31867 socket(PF_INET, SOCK_STREAM|SOCK_CLOEXEC, IPPROTO_TCP) = 45
31867 connect(45, {sa_family=AF_INET, sin_port=htons(443), sin_addr=inet_addr("151.101.24.70")}, 16 <unfinished ...>
31865 socket(PF_INET, SOCK_STREAM|SOCK_CLOEXEC, IPPROTO_TCP) = 47
31865 connect(47, {sa_family=AF_INET, sin_port=htons(443), sin_addr=inet_addr("151.101.24.70")}, 16 <unfinished ...>
31869 socket(PF_INET, SOCK_STREAM|SOCK_CLOEXEC, IPPROTO_TCP) = 52
31869 connect(52, {sa_family=AF_INET, sin_port=htons(443), sin_addr=inet_addr("151.101.24.70")}, 16 <unfinished ...>
31863 socket(PF_INET, SOCK_STREAM|SOCK_CLOEXEC, IPPROTO_TCP) = 55
31863 connect(55, {sa_family=AF_INET, sin_port=htons(443), sin_addr=inet_addr("151.101.24.70")}, 16 <unfinished ...>
31858 socket(PF_INET, SOCK_STREAM|SOCK_CLOEXEC, IPPROTO_TCP) = 60
31858 connect(60, {sa_family=AF_INET, sin_port=htons(443), sin_addr=inet_addr("151.101.24.70")}, 16 <unfinished ...>
31877 <... connect resumed> )           = 0
31877 getsockname(59, {sa_family=AF_INET, sin_port=htons(56618), sin_addr=inet_addr("192.168.0.17")}, [16]) = 0
31884 +++ exited with 0 +++
31877 setsockopt(59, SOL_TCP, TCP_NODELAY, [1], 4) = 0
31872 <... connect resumed> )           = 0
31872 getsockname(54,  <unfinished ...>
31882 +++ exited with 0 +++
31872 <... getsockname resumed> {sa_family=AF_INET, sin_port=htons(56620), sin_addr=inet_addr("192.168.0.17")}, [16]) = 0
31872 setsockopt(54, SOL_TCP, TCP_NODELAY, [1], 4) = 0
31870 <... connect resumed> )           = 0
31870 getsockname(49, {sa_family=AF_INET, sin_port=htons(56624), sin_addr=inet_addr("192.168.0.17")}, [16]) = 0
31886 +++ exited with 0 +++
31870 setsockopt(49, SOL_TCP, TCP_NODELAY, [1], 4) = 0
31866 <... connect resumed> )           = 0
31873 <... connect resumed> )           = 0
31868 <... connect resumed> )           = 0
31892 +++ exited with 0 +++
31885 +++ exited with 0 +++
31868 getsockname(61, {sa_family=AF_INET, sin_port=htons(56626), sin_addr=inet_addr("192.168.0.17")}, [16]) = 0
31868 setsockopt(61, SOL_TCP, TCP_NODELAY, [1], 4) = 0
31866 getsockname(48, {sa_family=AF_INET, sin_port=htons(56628), sin_addr=inet_addr("192.168.0.17")}, [16]) = 0
31866 setsockopt(48, SOL_TCP, TCP_NODELAY, [1], 4) = 0
31883 +++ exited with 0 +++
31873 getsockname(58, {sa_family=AF_INET, sin_port=htons(56622), sin_addr=inet_addr("192.168.0.17")}, [16]) = 0
31873 setsockopt(58, SOL_TCP, TCP_NODELAY, [1], 4) = 0
31864 <... connect resumed> )           = 0
31864 getsockname(53,  <unfinished ...>
31887 +++ exited with 0 +++
31864 <... getsockname resumed> {sa_family=AF_INET, sin_port=htons(56630), sin_addr=inet_addr("192.168.0.17")}, [16]) = 0
31864 setsockopt(53, SOL_TCP, TCP_NODELAY, [1], 4) = 0
31860 <... connect resumed> )           = 0
31862 <... connect resumed> )           = 0
31861 <... connect resumed> )           = 0
31890 +++ exited with 0 +++
31888 +++ exited with 0 +++
31889 +++ exited with 0 +++
31861 getsockname(46, {sa_family=AF_INET, sin_port=htons(56634), sin_addr=inet_addr("192.168.0.17")}, [16]) = 0
31861 setsockopt(46, SOL_TCP, TCP_NODELAY, [1], 4) = 0
31862 getsockname(62, {sa_family=AF_INET, sin_port=htons(56632), sin_addr=inet_addr("192.168.0.17")}, [16]) = 0
31862 setsockopt(62, SOL_TCP, TCP_NODELAY, [1], 4) = 0
31860 getsockname(51, {sa_family=AF_INET, sin_port=htons(56636), sin_addr=inet_addr("192.168.0.17")}, [16]) = 0
31860 setsockopt(51, SOL_TCP, TCP_NODELAY, [1], 4) = 0
31843 <... connect resumed> )           = 0
31891 +++ exited with 0 +++
31843 getsockname(57, {sa_family=AF_INET, sin_port=htons(56638), sin_addr=inet_addr("192.168.0.17")}, [16]) = 0
31843 setsockopt(57, SOL_TCP, TCP_NODELAY, [1], 4) = 0
31879 <... connect resumed> )           = 0
31875 <... connect resumed> )           = 0
31896 +++ exited with 0 +++
31895 +++ exited with 0 +++
31875 getsockname(44, {sa_family=AF_INET, sin_port=htons(56642), sin_addr=inet_addr("192.168.0.17")}, [16]) = 0
31875 setsockopt(44, SOL_TCP, TCP_NODELAY, [1], 4) = 0
31879 getsockname(50, {sa_family=AF_INET, sin_port=htons(56640), sin_addr=inet_addr("192.168.0.17")}, [16]) = 0
31879 setsockopt(50, SOL_TCP, TCP_NODELAY, [1], 4) = 0
31863 <... connect resumed> )           = 0
31863 getsockname(55,  <unfinished ...>
31898 +++ exited with 0 +++
31863 <... getsockname resumed> {sa_family=AF_INET, sin_port=htons(56650), sin_addr=inet_addr("192.168.0.17")}, [16]) = 0
31863 setsockopt(55, SOL_TCP, TCP_NODELAY, [1], 4) = 0
31869 <... connect resumed> )           = 0
31865 <... connect resumed> )           = 0
31897 +++ exited with 0 +++
31869 getsockname(52,  <unfinished ...>
31894 +++ exited with 0 +++
31869 <... getsockname resumed> {sa_family=AF_INET, sin_port=htons(56648), sin_addr=inet_addr("192.168.0.17")}, [16]) = 0
31869 setsockopt(52, SOL_TCP, TCP_NODELAY, [1], 4) = 0
31865 getsockname(47, {sa_family=AF_INET, sin_port=htons(56646), sin_addr=inet_addr("192.168.0.17")}, [16]) = 0
31865 setsockopt(47, SOL_TCP, TCP_NODELAY, [1], 4) = 0
31867 <... connect resumed> )           = 0
31867 getsockname(45,  <unfinished ...>
31893 +++ exited with 0 +++
31867 <... getsockname resumed> {sa_family=AF_INET, sin_port=htons(56644), sin_addr=inet_addr("192.168.0.17")}, [16]) = 0
31867 setsockopt(45, SOL_TCP, TCP_NODELAY, [1], 4) = 0
31858 <... connect resumed> )           = 0
31899 +++ exited with 0 +++
31858 getsockname(60, {sa_family=AF_INET, sin_port=htons(56652), sin_addr=inet_addr("192.168.0.17")}, [16]) = 0
31858 setsockopt(60, SOL_TCP, TCP_NODELAY, [1], 4) = 0
31876 setsockopt(56, SOL_TCP, TCP_NODELAY, [1], 4) = 0
31870 setsockopt(49, SOL_TCP, TCP_NODELAY, [1], 4) = 0
31877 setsockopt(59, SOL_TCP, TCP_NODELAY, [1], 4) = 0
31873 setsockopt(58, SOL_TCP, TCP_NODELAY, [1], 4) = 0
31864 setsockopt(53, SOL_TCP, TCP_NODELAY, [1], 4) = 0
31872 setsockopt(54, SOL_TCP, TCP_NODELAY, [1], 4) = 0
31868 setsockopt(61, SOL_TCP, TCP_NODELAY, [1], 4) = 0
31861 setsockopt(46, SOL_TCP, TCP_NODELAY, [1], 4) = 0
31860 setsockopt(51, SOL_TCP, TCP_NODELAY, [1], 4) = 0
31843 setsockopt(57, SOL_TCP, TCP_NODELAY, [1], 4) = 0
31866 setsockopt(48, SOL_TCP, TCP_NODELAY, [1], 4) = 0
31862 setsockopt(62, SOL_TCP, TCP_NODELAY, [1], 4) = 0
31879 setsockopt(50, SOL_TCP, TCP_NODELAY, [1], 4) = 0
31869 setsockopt(52, SOL_TCP, TCP_NODELAY, [1], 4) = 0
31863 setsockopt(55, SOL_TCP, TCP_NODELAY, [1], 4) = 0
31875 setsockopt(44, SOL_TCP, TCP_NODELAY, [1], 4) = 0
31865 setsockopt(47, SOL_TCP, TCP_NODELAY, [1], 4) = 0
31867 setsockopt(45, SOL_TCP, TCP_NODELAY, [1], 4) = 0
31858 setsockopt(60, SOL_TCP, TCP_NODELAY, [1], 4) = 0
31880 +++ exited with 0 +++
31844 +++ exited with 0 +++
31859 +++ exited with 0 +++
31871 +++ exited with 0 +++
31874 +++ exited with 0 +++
31877 +++ exited with 0 +++
31876 +++ exited with 0 +++
31872 +++ exited with 0 +++
31873 +++ exited with 0 +++
31879 +++ exited with 0 +++
31875 +++ exited with 0 +++
31870 +++ exited with 0 +++
31867 +++ exited with 0 +++
31868 +++ exited with 0 +++
31869 +++ exited with 0 +++
31866 +++ exited with 0 +++
31865 +++ exited with 0 +++
31864 +++ exited with 0 +++
31863 +++ exited with 0 +++
31862 +++ exited with 0 +++
31861 +++ exited with 0 +++
31860 +++ exited with 0 +++
31845 +++ exited with 0 +++
31858 +++ exited with 0 +++
31843 +++ exited with 0 +++
31977 sendfile(82, 65, NULL, 2575)      = 2575
31982 sendfile(83, 70, NULL, 328)       = 328
31988 sendfile(88, 74, NULL, 1178)      = 1178
31997 sendfile(84, 63, NULL, 5089 <unfinished ...>
31999 sendfile(89, 81, NULL, 1047 <unfinished ...>
31997 <... sendfile resumed> )          = 5089
31999 <... sendfile resumed> )          = 1047
31983 sendfile(85, 71, NULL, 1536)      = 1536
31986 sendfile(86, 73, NULL, 1806)      = 1806
31989 sendfile(87, 75, NULL, 1078)      = 1078
31990 sendfile(78, 76, NULL, 849)       = 849
31995 sendfile(69, 80, NULL, 117)       = 117
31976 sendfile(64, 68, NULL, 277)       = 277
31988 socket(PF_INET, SOCK_DGRAM|SOCK_NONBLOCK, IPPROTO_IP) = 74
31988 connect(74, {sa_family=AF_INET, sin_port=htons(53), sin_addr=inet_addr("127.0.1.1")}, 16) = 0
31988 sendmmsg(74, {{{msg_name(0)=NULL, msg_iov(1)=[{"\337\367\1\0\0\1\0\0\0\0\0\0\5index\10rubygems\3org\0"..., 36}], msg_controllen=0, msg_flags=0}, 36}, {{msg_name(0)=NULL, msg_iov(1)=[{"^}\1\0\0\1\0\0\0\0\0\0\5index\10rubygems\3org\0"..., 36}], msg_controllen=0, msg_flags=0}, 36}}, 2, MSG_NOSIGNAL) = 2
31977 socket(PF_INET, SOCK_DGRAM|SOCK_NONBLOCK, IPPROTO_IP) = 65
31977 connect(65, {sa_family=AF_INET, sin_port=htons(53), sin_addr=inet_addr("127.0.1.1")}, 16) = 0
31977 sendmmsg(65, {{{msg_name(0)=NULL, msg_iov(1)=[{"\337\3\1\0\0\1\0\0\0\0\0\0\5index\10rubygems\3org\0"..., 36}], msg_controllen=0, msg_flags=0}, 36}, {{msg_name(0)=NULL, msg_iov(1)=[{"d\221\1\0\0\1\0\0\0\0\0\0\5index\10rubygems\3org\0"..., 36}], msg_controllen=0, msg_flags=0}, 36}}, 2, MSG_NOSIGNAL) = 2
31983 socket(PF_INET, SOCK_DGRAM|SOCK_NONBLOCK, IPPROTO_IP) = 64
31983 connect(64, {sa_family=AF_INET, sin_port=htons(53), sin_addr=inet_addr("127.0.1.1")}, 16) = 0
31983 sendmmsg(64, {{{msg_name(0)=NULL, msg_iov(1)=[{"\351g\1\0\0\1\0\0\0\0\0\0\5index\10rubygems\3org\0"..., 36}], msg_controllen=0, msg_flags=0}, 36}, {{msg_name(0)=NULL, msg_iov(1)=[{"-\\\1\0\0\1\0\0\0\0\0\0\5index\10rubygems\3org\0"..., 36}], msg_controllen=0, msg_flags=0}, 36}}, 2, MSG_NOSIGNAL) = 2
31980 sendfile(77, 66, NULL, 2805)      = 2805
31986 socket(PF_INET, SOCK_DGRAM|SOCK_NONBLOCK, IPPROTO_IP) = 69
31986 connect(69, {sa_family=AF_INET, sin_port=htons(53), sin_addr=inet_addr("127.0.1.1")}, 16) = 0
31986 sendmmsg(69, {{{msg_name(0)=NULL, msg_iov(1)=[{"\241P\1\0\0\1\0\0\0\0\0\0\5index\10rubygems\3org\0"..., 36}], msg_controllen=0, msg_flags=0}, 36}, {{msg_name(0)=NULL, msg_iov(1)=[{"\311+\1\0\0\1\0\0\0\0\0\0\5index\10rubygems\3org\0"..., 36}], msg_controllen=0, msg_flags=0}, 36}}, 2, MSG_NOSIGNAL) = 2
31982 socket(PF_INET, SOCK_DGRAM|SOCK_NONBLOCK, IPPROTO_IP) = 63
31982 connect(63, {sa_family=AF_INET, sin_port=htons(53), sin_addr=inet_addr("127.0.1.1")}, 16) = 0
31982 sendmmsg(63, {{{msg_name(0)=NULL, msg_iov(1)=[{"\330\311\1\0\0\1\0\0\0\0\0\0\5index\10rubygems\3org\0"..., 36}], msg_controllen=0, msg_flags=0}, 36}, {{msg_name(0)=NULL, msg_iov(1)=[{"\224\37\1\0\0\1\0\0\0\0\0\0\5index\10rubygems\3org\0"..., 36}], msg_controllen=0, msg_flags=0}, 36}}, 2, MSG_NOSIGNAL) = 2
31997 socket(PF_INET, SOCK_DGRAM|SOCK_NONBLOCK, IPPROTO_IP) = 67
31997 connect(67, {sa_family=AF_INET, sin_port=htons(53), sin_addr=inet_addr("127.0.1.1")}, 16) = 0
31997 sendmmsg(67, {{{msg_name(0)=NULL, msg_iov(1)=[{"\322\274\1\0\0\1\0\0\0\0\0\0\5index\10rubygems\3org\0"..., 36}], msg_controllen=0, msg_flags=0}, 36}, {{msg_name(0)=NULL, msg_iov(1)=[{"\346\3\1\0\0\1\0\0\0\0\0\0\5index\10rubygems\3org\0"..., 36}], msg_controllen=0, msg_flags=0}, 36}}, 2, MSG_NOSIGNAL) = 2
31989 socket(PF_INET, SOCK_DGRAM|SOCK_NONBLOCK, IPPROTO_IP) = 72
31989 connect(72, {sa_family=AF_INET, sin_port=htons(53), sin_addr=inet_addr("127.0.1.1")}, 16) = 0
31989 sendmmsg(72, {{{msg_name(0)=NULL, msg_iov(1)=[{"\3458\1\0\0\1\0\0\0\0\0\0\5index\10rubygems\3org\0"..., 36}], msg_controllen=0, msg_flags=0}, 36}, {{msg_name(0)=NULL, msg_iov(1)=[{"2\374\1\0\0\1\0\0\0\0\0\0\5index\10rubygems\3org\0"..., 36}], msg_controllen=0, msg_flags=0}, 36}}, 2, MSG_NOSIGNAL) = 2
31999 socket(PF_INET, SOCK_DGRAM|SOCK_NONBLOCK, IPPROTO_IP) = 73
31999 connect(73, {sa_family=AF_INET, sin_port=htons(53), sin_addr=inet_addr("127.0.1.1")}, 16) = 0
31999 sendmmsg(73, {{{msg_name(0)=NULL, msg_iov(1)=[{"T6\1\0\0\1\0\0\0\0\0\0\5index\10rubygems\3org\0"..., 36}], msg_controllen=0, msg_flags=0}, 36}, {{msg_name(0)=NULL, msg_iov(1)=[{"s\365\1\0\0\1\0\0\0\0\0\0\5index\10rubygems\3org\0"..., 36}], msg_controllen=0, msg_flags=0}, 36}}, 2, MSG_NOSIGNAL) = 2
31990 socket(PF_INET, SOCK_DGRAM|SOCK_NONBLOCK, IPPROTO_IP) = 70
31990 connect(70, {sa_family=AF_INET, sin_port=htons(53), sin_addr=inet_addr("127.0.1.1")}, 16) = 0
31990 sendmmsg(70, {{{msg_name(0)=NULL, msg_iov(1)=[{"\0\27\1\0\0\1\0\0\0\0\0\0\5index\10rubygems\3org\0"..., 36}], msg_controllen=0, msg_flags=0}, 36}, {{msg_name(0)=NULL, msg_iov(1)=[{"\354\271\1\0\0\1\0\0\0\0\0\0\5index\10rubygems\3org\0"..., 36}], msg_controllen=0, msg_flags=0}, 36}}, 2, MSG_NOSIGNAL) = 2
31995 socket(PF_INET, SOCK_DGRAM|SOCK_NONBLOCK, IPPROTO_IP) = 71
31995 connect(71, {sa_family=AF_INET, sin_port=htons(53), sin_addr=inet_addr("127.0.1.1")}, 16) = 0
31995 sendmmsg(71, {{{msg_name(0)=NULL, msg_iov(1)=[{"t.\1\0\0\1\0\0\0\0\0\0\5index\10rubygems\3org\0"..., 36}], msg_controllen=0, msg_flags=0}, 36}, {{msg_name(0)=NULL, msg_iov(1)=[{"\234\347\1\0\0\1\0\0\0\0\0\0\5index\10rubygems\3org\0"..., 36}], msg_controllen=0, msg_flags=0}, 36}}, 2, MSG_NOSIGNAL) = 2
31976 socket(PF_INET, SOCK_DGRAM|SOCK_NONBLOCK, IPPROTO_IP) = 66
31976 connect(66, {sa_family=AF_INET, sin_port=htons(53), sin_addr=inet_addr("127.0.1.1")}, 16) = 0
31976 sendmmsg(66, {{{msg_name(0)=NULL, msg_iov(1)=[{"S\24\1\0\0\1\0\0\0\0\0\0\5index\10rubygems\3org\0"..., 36}], msg_controllen=0, msg_flags=0}, 36}, {{msg_name(0)=NULL, msg_iov(1)=[{"\f\262\1\0\0\1\0\0\0\0\0\0\5index\10rubygems\3org\0"..., 36}], msg_controllen=0, msg_flags=0}, 36}}, 2, MSG_NOSIGNAL) = 2
31980 socket(PF_INET, SOCK_DGRAM|SOCK_NONBLOCK, IPPROTO_IP) = 68
31980 connect(68, {sa_family=AF_INET, sin_port=htons(53), sin_addr=inet_addr("127.0.1.1")}, 16) = 0
31980 sendmmsg(68, {{{msg_name(0)=NULL, msg_iov(1)=[{"\373\36\1\0\0\1\0\0\0\0\0\0\5index\10rubygems\3org\0"..., 36}], msg_controllen=0, msg_flags=0}, 36}, {{msg_name(0)=NULL, msg_iov(1)=[{"R\310\1\0\0\1\0\0\0\0\0\0\5index\10rubygems\3org\0"..., 36}], msg_controllen=0, msg_flags=0}, 36}}, 2, MSG_NOSIGNAL) = 2
31988 recvfrom(74, "\337\367\201\200\0\1\0\3\0\0\0\0\5index\10rubygems\3org\0"..., 2048, 0, {sa_family=AF_INET, sin_port=htons(53), sin_addr=inet_addr("127.0.1.1")}, [16]) = 130
31977 recvfrom(65,  <unfinished ...>
31997 recvfrom(67,  <unfinished ...>
31988 recvfrom(74,  <unfinished ...>
31997 <... recvfrom resumed> "\322\274\201\200\0\1\0\3\0\0\0\0\5index\10rubygems\3org\0"..., 2048, 0, {sa_family=AF_INET, sin_port=htons(53), sin_addr=inet_addr("127.0.1.1")}, [16]) = 130
31988 <... recvfrom resumed> "^}\201\200\0\1\0\2\0\1\0\0\5index\10rubygems\3org\0"..., 65536, 0, {sa_family=AF_INET, sin_port=htons(53), sin_addr=inet_addr("127.0.1.1")}, [16]) = 185
31986 recvfrom(69,  <unfinished ...>
31983 recvfrom(64,  <unfinished ...>
31986 <... recvfrom resumed> "\241P\201\200\0\1\0\3\0\0\0\0\5index\10rubygems\3org\0"..., 2048, 0, {sa_family=AF_INET, sin_port=htons(53), sin_addr=inet_addr("127.0.1.1")}, [16]) = 130
31983 <... recvfrom resumed> "\351g\201\200\0\1\0\3\0\0\0\0\5index\10rubygems\3org\0"..., 2048, 0, {sa_family=AF_INET, sin_port=htons(53), sin_addr=inet_addr("127.0.1.1")}, [16]) = 130
31988 socket(PF_INET, SOCK_STREAM|SOCK_CLOEXEC, IPPROTO_TCP) = 74
31988 connect(74, {sa_family=AF_INET, sin_port=htons(443), sin_addr=inet_addr("151.101.24.70")}, 16 <unfinished ...>
31986 recvfrom(69, "\311+\201\200\0\1\0\2\0\1\0\0\5index\10rubygems\3org\0"..., 65536, 0, {sa_family=AF_INET, sin_port=htons(53), sin_addr=inet_addr("127.0.1.1")}, [16]) = 185
31982 recvfrom(63, "\330\311\201\200\0\1\0\3\0\0\0\0\5index\10rubygems\3org\0"..., 2048, 0, {sa_family=AF_INET, sin_port=htons(53), sin_addr=inet_addr("127.0.1.1")}, [16]) = 130
31983 recvfrom(64,  <unfinished ...>
31986 socket(PF_INET, SOCK_STREAM|SOCK_CLOEXEC, IPPROTO_TCP <unfinished ...>
31983 <... recvfrom resumed> "-\\\201\200\0\1\0\2\0\1\0\0\5index\10rubygems\3org\0"..., 65536, 0, {sa_family=AF_INET, sin_port=htons(53), sin_addr=inet_addr("127.0.1.1")}, [16]) = 185
31986 <... socket resumed> )            = 69
31986 connect(69, {sa_family=AF_INET, sin_port=htons(443), sin_addr=inet_addr("151.101.24.70")}, 16 <unfinished ...>
31977 <... recvfrom resumed> "\337\3\201\200\0\1\0\3\0\0\0\0\5index\10rubygems\3org\0"..., 2048, 0, {sa_family=AF_INET, sin_port=htons(53), sin_addr=inet_addr("127.0.1.1")}, [16]) = 130
31983 socket(PF_INET, SOCK_STREAM|SOCK_CLOEXEC, IPPROTO_TCP) = 64
31983 connect(64, {sa_family=AF_INET, sin_port=htons(443), sin_addr=inet_addr("151.101.24.70")}, 16 <unfinished ...>
31982 recvfrom(63, "\224\37\201\200\0\1\0\2\0\1\0\0\5index\10rubygems\3org\0"..., 65536, 0, {sa_family=AF_INET, sin_port=htons(53), sin_addr=inet_addr("127.0.1.1")}, [16]) = 185
31977 recvfrom(65, "d\221\201\200\0\1\0\2\0\1\0\0\5index\10rubygems\3org\0"..., 65536, 0, {sa_family=AF_INET, sin_port=htons(53), sin_addr=inet_addr("127.0.1.1")}, [16]) = 185
31982 socket(PF_INET, SOCK_STREAM|SOCK_CLOEXEC, IPPROTO_TCP) = 63
31982 connect(63, {sa_family=AF_INET, sin_port=htons(443), sin_addr=inet_addr("151.101.24.70")}, 16 <unfinished ...>
31977 socket(PF_INET, SOCK_STREAM|SOCK_CLOEXEC, IPPROTO_TCP) = 65
31977 connect(65, {sa_family=AF_INET, sin_port=htons(443), sin_addr=inet_addr("151.101.24.70")}, 16 <unfinished ...>
31997 recvfrom(67, "\346\3\201\200\0\1\0\2\0\1\0\0\5index\10rubygems\3org\0"..., 65536, 0, {sa_family=AF_INET, sin_port=htons(53), sin_addr=inet_addr("127.0.1.1")}, [16]) = 185
31997 socket(PF_INET, SOCK_STREAM|SOCK_CLOEXEC, IPPROTO_TCP) = 67
31997 connect(67, {sa_family=AF_INET, sin_port=htons(443), sin_addr=inet_addr("151.101.24.70")}, 16 <unfinished ...>
31989 recvfrom(72, "\3458\201\200\0\1\0\3\0\0\0\0\5index\10rubygems\3org\0"..., 2048, 0, {sa_family=AF_INET, sin_port=htons(53), sin_addr=inet_addr("127.0.1.1")}, [16]) = 130
31999 recvfrom(73, "T6\201\200\0\1\0\3\0\0\0\0\5index\10rubygems\3org\0"..., 2048, 0, {sa_family=AF_INET, sin_port=htons(53), sin_addr=inet_addr("127.0.1.1")}, [16]) = 130
31989 recvfrom(72, "2\374\201\200\0\1\0\2\0\1\0\0\5index\10rubygems\3org\0"..., 65536, 0, {sa_family=AF_INET, sin_port=htons(53), sin_addr=inet_addr("127.0.1.1")}, [16]) = 185
31989 socket(PF_INET, SOCK_STREAM|SOCK_CLOEXEC, IPPROTO_TCP) = 72
31989 connect(72, {sa_family=AF_INET, sin_port=htons(443), sin_addr=inet_addr("151.101.24.70")}, 16 <unfinished ...>
31995 recvfrom(71, "t.\201\200\0\1\0\3\0\0\0\0\5index\10rubygems\3org\0"..., 2048, 0, {sa_family=AF_INET, sin_port=htons(53), sin_addr=inet_addr("127.0.1.1")}, [16]) = 130
31999 recvfrom(73, "s\365\201\200\0\1\0\2\0\1\0\0\5index\10rubygems\3org\0"..., 65536, 0, {sa_family=AF_INET, sin_port=htons(53), sin_addr=inet_addr("127.0.1.1")}, [16]) = 185
31990 recvfrom(70,  <unfinished ...>
31980 recvfrom(68,  <unfinished ...>
31999 socket(PF_INET, SOCK_STREAM|SOCK_CLOEXEC, IPPROTO_TCP <unfinished ...>
31990 <... recvfrom resumed> "\0\27\201\200\0\1\0\3\0\0\0\0\5index\10rubygems\3org\0"..., 2048, 0, {sa_family=AF_INET, sin_port=htons(53), sin_addr=inet_addr("127.0.1.1")}, [16]) = 130
31999 <... socket resumed> )            = 73
31999 connect(73, {sa_family=AF_INET, sin_port=htons(443), sin_addr=inet_addr("151.101.24.70")}, 16 <unfinished ...>
31980 <... recvfrom resumed> "\373\36\201\200\0\1\0\3\0\0\0\0\5index\10rubygems\3org\0"..., 2048, 0, {sa_family=AF_INET, sin_port=htons(53), sin_addr=inet_addr("127.0.1.1")}, [16]) = 130
31976 recvfrom(66, "\f\262\201\200\0\1\0\2\0\1\0\0\5index\10rubygems\3org\0"..., 2048, 0, {sa_family=AF_INET, sin_port=htons(53), sin_addr=inet_addr("127.0.1.1")}, [16]) = 185
31990 recvfrom(70, "\354\271\201\200\0\1\0\2\0\1\0\0\5index\10rubygems\3org\0"..., 65536, 0, {sa_family=AF_INET, sin_port=htons(53), sin_addr=inet_addr("127.0.1.1")}, [16]) = 185
31990 socket(PF_INET, SOCK_STREAM|SOCK_CLOEXEC, IPPROTO_TCP) = 70
31990 connect(70, {sa_family=AF_INET, sin_port=htons(443), sin_addr=inet_addr("151.101.24.70")}, 16 <unfinished ...>
31995 recvfrom(71, "\234\347\201\200\0\1\0\2\0\1\0\0\5index\10rubygems\3org\0"..., 65536, 0, {sa_family=AF_INET, sin_port=htons(53), sin_addr=inet_addr("127.0.1.1")}, [16]) = 185
31976 recvfrom(66,  <unfinished ...>
31995 socket(PF_INET, SOCK_STREAM|SOCK_CLOEXEC, IPPROTO_TCP <unfinished ...>
31976 <... recvfrom resumed> "S\24\201\200\0\1\0\3\0\0\0\0\5index\10rubygems\3org\0"..., 65536, 0, {sa_family=AF_INET, sin_port=htons(53), sin_addr=inet_addr("127.0.1.1")}, [16]) = 130
31995 <... socket resumed> )            = 71
31995 connect(71, {sa_family=AF_INET, sin_port=htons(443), sin_addr=inet_addr("151.101.24.70")}, 16 <unfinished ...>
31976 socket(PF_INET, SOCK_STREAM|SOCK_CLOEXEC, IPPROTO_TCP) = 66
31976 connect(66, {sa_family=AF_INET, sin_port=htons(443), sin_addr=inet_addr("151.101.24.70")}, 16 <unfinished ...>
31980 recvfrom(68, "R\310\201\200\0\1\0\2\0\1\0\0\5index\10rubygems\3org\0"..., 65536, 0, {sa_family=AF_INET, sin_port=htons(53), sin_addr=inet_addr("127.0.1.1")}, [16]) = 185
31980 socket(PF_INET, SOCK_STREAM|SOCK_CLOEXEC, IPPROTO_TCP) = 68
31980 connect(68, {sa_family=AF_INET, sin_port=htons(443), sin_addr=inet_addr("151.101.24.70")}, 16 <unfinished ...>
31988 <... connect resumed> )           = 0
31988 getsockname(74,  <unfinished ...>
32000 +++ exited with 0 +++
31988 <... getsockname resumed> {sa_family=AF_INET, sin_port=htons(56654), sin_addr=inet_addr("192.168.0.17")}, [16]) = 0
31988 setsockopt(74, SOL_TCP, TCP_NODELAY, [1], 4) = 0
31983 <... connect resumed> )           = 0
31982 <... connect resumed> )           = 0
32004 +++ exited with 0 +++
31982 getsockname(63,  <unfinished ...>
32002 +++ exited with 0 +++
31982 <... getsockname resumed> {sa_family=AF_INET, sin_port=htons(56660), sin_addr=inet_addr("192.168.0.17")}, [16]) = 0
31982 setsockopt(63, SOL_TCP, TCP_NODELAY, [1], 4) = 0
31983 getsockname(64, {sa_family=AF_INET, sin_port=htons(56658), sin_addr=inet_addr("192.168.0.17")}, [16]) = 0
31983 setsockopt(64, SOL_TCP, TCP_NODELAY, [1], 4) = 0
31977 <... connect resumed> )           = 0
32001 +++ exited with 0 +++
31977 getsockname(65, {sa_family=AF_INET, sin_port=htons(56662), sin_addr=inet_addr("192.168.0.17")}, [16]) = 0
31977 setsockopt(65, SOL_TCP, TCP_NODELAY, [1], 4) = 0
31997 <... connect resumed> )           = 0
31989 <... connect resumed> )           = 0
32006 +++ exited with 0 +++
32005 +++ exited with 0 +++
31989 getsockname(72, {sa_family=AF_INET, sin_port=htons(56666), sin_addr=inet_addr("192.168.0.17")}, [16]) = 0
31989 setsockopt(72, SOL_TCP, TCP_NODELAY, [1], 4) = 0
31997 getsockname(67, {sa_family=AF_INET, sin_port=htons(56664), sin_addr=inet_addr("192.168.0.17")}, [16]) = 0
31997 setsockopt(67, SOL_TCP, TCP_NODELAY, [1], 4) = 0
31986 <... connect resumed> )           = 0
31986 getsockname(69,  <unfinished ...>
32003 +++ exited with 0 +++
31986 <... getsockname resumed> {sa_family=AF_INET, sin_port=htons(56656), sin_addr=inet_addr("192.168.0.17")}, [16]) = 0
31986 setsockopt(69, SOL_TCP, TCP_NODELAY, [1], 4) = 0
31999 <... connect resumed> )           = 0
31999 getsockname(73,  <unfinished ...>
32007 +++ exited with 0 +++
31999 <... getsockname resumed> {sa_family=AF_INET, sin_port=htons(56668), sin_addr=inet_addr("192.168.0.17")}, [16]) = 0
31999 setsockopt(73, SOL_TCP, TCP_NODELAY, [1], 4) = 0
31990 <... connect resumed> )           = 0
31995 <... connect resumed> )           = 0
32008 +++ exited with 0 +++
31990 getsockname(70, {sa_family=AF_INET, sin_port=htons(56670), sin_addr=inet_addr("192.168.0.17")}, [16]) = 0
31990 setsockopt(70, SOL_TCP, TCP_NODELAY, [1], 4) = 0
31995 getsockname(71,  <unfinished ...>
32009 +++ exited with 0 +++
31995 <... getsockname resumed> {sa_family=AF_INET, sin_port=htons(56672), sin_addr=inet_addr("192.168.0.17")}, [16]) = 0
31995 setsockopt(71, SOL_TCP, TCP_NODELAY, [1], 4) = 0
31976 <... connect resumed> )           = 0
32010 +++ exited with 0 +++
31976 getsockname(66, {sa_family=AF_INET, sin_port=htons(56674), sin_addr=inet_addr("192.168.0.17")}, [16]) = 0
31976 setsockopt(66, SOL_TCP, TCP_NODELAY, [1], 4) = 0
31980 <... connect resumed> )           = 0
31980 getsockname(68,  <unfinished ...>
32011 +++ exited with 0 +++
31980 <... getsockname resumed> {sa_family=AF_INET, sin_port=htons(56676), sin_addr=inet_addr("192.168.0.17")}, [16]) = 0
31980 setsockopt(68, SOL_TCP, TCP_NODELAY, [1], 4) = 0
31977 setsockopt(65, SOL_TCP, TCP_NODELAY, [1], 4) = 0
31983 setsockopt(64, SOL_TCP, TCP_NODELAY, [1], 4) = 0
31989 setsockopt(72, SOL_TCP, TCP_NODELAY, [1], 4) = 0
31982 setsockopt(63, SOL_TCP, TCP_NODELAY, [1], 4) = 0
31988 setsockopt(74, SOL_TCP, TCP_NODELAY, [1], 4) = 0
31997 setsockopt(67, SOL_TCP, TCP_NODELAY, [1], 4) = 0
31999 setsockopt(73, SOL_TCP, TCP_NODELAY, [1], 4) = 0
